C                        TURBO_TYP,"C" FOR A COMPRESSOR,"T" FOR A TURBINE
AXI                      FLO_TYP FOR AXIAL OR MIXED FLOW MACHINE 
   287.150     1.400     GAS PROPERTOES, RGAS, GAMMA 
     1.013   288.150     POIN,  TOIN 
    6                    NUMBER OF STAGES IN THE MACHINE 
M                        CHOICE OF DESIGN POINT RADIUS, HUB, MID or TIP
   12000.000             ROTATION SPEED, RPM 
      20.000             MASS FLOW RATE, FLOWIN. 
A                        INTYPE, TO CHOOSE THE METHOD OF DEFINING THE VELOCITY TRIANGLES
  0.500  0.440  0.312    REACTION, FLOW COEFF., LOADING COEFF.
A                        RADTYPE, TO CHOOSE THE DESIGN POINT RADIUS
       0.300             THE DESIGN POINT RADIUS 
       0.012       0.013 BLADE AXIAL CHORDS IN METRES.
       0.250       0.500 ROW GAP  AND STAGE GAP 
   0.00000   0.02000     BLOCKAGE FACTORS, FBLOCK_LE,  FBLOCK_TE 
       0.880             GUESS OF THE STAGE ISENTROPIC EFFICIENCY
   1.160   1.160         ESTIMATE OF THE FIRST AND SECOND ROW DEVIATION ANGLES
  -1.000  -1.000         FIRST AND SECOND ROW INCIDENCE ANGLES
   1.00000               BLADE TWIST OPTION, FRAC_TWIST
n                        BLADE ROTATION OPTION , Y or N
  90.000  90.000         QO ANGLES AT LE  AND TE OF ROW 1 
  90.000  90.000         QO ANGLES AT LE  AND TE OF ROW 2 
n                        DO YOU WANT TO CHANGE THE ANGLES FOR THIS STAGE ? "Y" or "N"
y                        IFSAME_ALL, SET = "Y" TO REPEAT THE LAST STAGE INPUT TYPE AND VELOCITY TRIANGLES, SET = "C" TO CHANGE INPUT TYPE.
   0.00000   0.02000     BLOCKAGE FACTORS, FBLOCK_LE,  FBLOCK_TE 
n                        DO YOU WANT TO CHANGE THE ANGLES FOR THIS STAGE ? "Y" or "N"
y                        IFSAME_ALL, SET = "Y" TO REPEAT THE LAST STAGE INPUT TYPE AND VELOCITY TRIANGLES, SET = "C" TO CHANGE INPUT TYPE.
   0.00000   0.02000     BLOCKAGE FACTORS, FBLOCK_LE,  FBLOCK_TE 
n                        DO YOU WANT TO CHANGE THE ANGLES FOR THIS STAGE ? "Y" or "N"
y                        IFSAME_ALL, SET = "Y" TO REPEAT THE LAST STAGE INPUT TYPE AND VELOCITY TRIANGLES, SET = "C" TO CHANGE INPUT TYPE.
   0.00000   0.02000     BLOCKAGE FACTORS, FBLOCK_LE,  FBLOCK_TE 
n                        DO YOU WANT TO CHANGE THE ANGLES FOR THIS STAGE ? "Y" or "N"
y                        IFSAME_ALL, SET = "Y" TO REPEAT THE LAST STAGE INPUT TYPE AND VELOCITY TRIANGLES, SET = "C" TO CHANGE INPUT TYPE.
   0.00000   0.02000     BLOCKAGE FACTORS, FBLOCK_LE,  FBLOCK_TE 
n                        DO YOU WANT TO CHANGE THE ANGLES FOR THIS STAGE ? "Y" or "N"
y                        IFSAME_ALL, SET = "Y" TO REPEAT THE LAST STAGE INPUT TYPE AND VELOCITY TRIANGLES, SET = "C" TO CHANGE INPUT TYPE.
   0.00000   0.02000     BLOCKAGE FACTORS, FBLOCK_LE,  FBLOCK_TE 
n                        DO YOU WANT TO CHANGE THE ANGLES FOR THIS STAGE ? "Y" or "N"
Y                        IS OUTPUT REQUESTED FOR ALL BLADE ROWS ? 
N    ROTOR No.   1 SET ANSTK = "Y" TO USE THE SAME  BLADE SECTIONS AS THE LAST STAGE
  0.1000  0.4000         MAX THICKNESS AND ITS LOCATION FOR ROTOR   1 SECTION No.  1
  0.1000  0.4000         MAX THICKNESS AND ITS LOCATION FOR ROTOR   1 SECTION No.  2
  0.1000  0.4000         MAX THICKNESS AND ITS LOCATION FOR ROTOR   1 SECTION No.  3
N    STATOR No.  1 SET ANSTK = "Y" TO USE THE SAME  BLADE SECTIONS AS THE LAST STAGE
  0.1000  0.5000         MAX THICKNESS AND ITS LOCATION FOR STATOR  1 SECTION No.  1
  0.1000  0.5000         MAX THICKNESS AND ITS LOCATION FOR STATOR  1 SECTION No.  2
  0.1000  0.5000         MAX THICKNESS AND ITS LOCATION FOR STATOR  1 SECTION No.  3
Y    ROTOR No.   2 SET ANSTK = "Y" TO USE THE SAME  BLADE SECTIONS AS THE LAST STAGE
Y    STATOR No.  2 SET ANSTK = "Y" TO USE THE SAME  BLADE SECTIONS AS THE LAST STAGE
Y    ROTOR No.   3 SET ANSTK = "Y" TO USE THE SAME  BLADE SECTIONS AS THE LAST STAGE
Y    STATOR No.  3 SET ANSTK = "Y" TO USE THE SAME  BLADE SECTIONS AS THE LAST STAGE
Y    ROTOR No.   4 SET ANSTK = "Y" TO USE THE SAME  BLADE SECTIONS AS THE LAST STAGE
Y    STATOR No.  4 SET ANSTK = "Y" TO USE THE SAME  BLADE SECTIONS AS THE LAST STAGE
Y    ROTOR No.   5 SET ANSTK = "Y" TO USE THE SAME  BLADE SECTIONS AS THE LAST STAGE
Y    STATOR No.  5 SET ANSTK = "Y" TO USE THE SAME  BLADE SECTIONS AS THE LAST STAGE
Y    ROTOR No.   6 SET ANSTK = "Y" TO USE THE SAME  BLADE SECTIONS AS THE LAST STAGE
Y    STATOR No.  6 SET ANSTK = "Y" TO USE THE SAME  BLADE SECTIONS AS THE LAST STAGE
