EMAX,EAVG,ECONT-0.62922E+00 0.89290E-01 0.51136E-01 FLOW 0.87619E+02STEP    5AT    6   27   37
EMAX,EAVG,ECONT-0.53663E+00 0.87356E-01 0.57917E-01 FLOW 0.87480E+02STEP   10AT    4   27   34
EMAX,EAVG,ECONT-0.54263E+00 0.92808E-01 0.62499E-01 FLOW 0.87327E+02STEP   15AT   35   26    6
EMAX,EAVG,ECONT-0.54362E+00 0.97815E-01 0.66180E-01 FLOW 0.87126E+02STEP   20AT   35   26    1
EMAX,EAVG,ECONT-0.55502E+00 0.99889E-01 0.72043E-01 FLOW 0.86863E+02STEP   25AT    3   26    1
EMAX,EAVG,ECONT 0.58164E+00 0.10009E+00 0.86146E-01 FLOW 0.86540E+02STEP   30AT   37   62    1
EMAX,EAVG,ECONT 0.62637E+00 0.98727E-01 0.96649E-01 FLOW 0.86154E+02STEP   35AT   37   65    9
EMAX,EAVG,ECONT 0.65502E+00 0.97482E-01 0.10223E+00 FLOW 0.85701E+02STEP   40AT   37   74   13
EMAX,EAVG,ECONT 0.67653E+00 0.95201E-01 0.10369E+00 FLOW 0.85195E+02STEP   45AT   37   74    9
EMAX,EAVG,ECONT 0.70406E+00 0.90358E-01 0.10221E+00 FLOW 0.84652E+02STEP   50AT   37   77    9
EMAX,EAVG,ECONT 0.70516E+00 0.85151E-01 0.98678E-01 FLOW 0.84085E+02STEP   55AT   37   77    2
EMAX,EAVG,ECONT 0.66822E+00 0.80135E-01 0.94059E-01 FLOW 0.83500E+02STEP   60AT   37   83    4
EMAX,EAVG,ECONT 0.64985E+00 0.76025E-01 0.93371E-01 FLOW 0.82902E+02STEP   65AT   37   84    1
EMAX,EAVG,ECONT 0.57195E+00 0.73690E-01 0.95259E-01 FLOW 0.82289E+02STEP   70AT   37   86    1
EMAX,EAVG,ECONT-0.47311E+00 0.71834E-01 0.98932E-01 FLOW 0.81660E+02STEP   75AT   32   96    3
EMAX,EAVG,ECONT-0.45723E+00 0.70092E-01 0.10075E+00 FLOW 0.81011E+02STEP   80AT   31   96    3
EMAX,EAVG,ECONT-0.43687E+00 0.68687E-01 0.10552E+00 FLOW 0.80346E+02STEP   85AT    1   27    1
EMAX,EAVG,ECONT-0.41218E+00 0.66355E-01 0.11734E+00 FLOW 0.79668E+02STEP   90AT    1   27   14
EMAX,EAVG,ECONT-0.39055E+00 0.63990E-01 0.12777E+00 FLOW 0.78986E+02STEP   95AT    1   27   17
EMAX,EAVG,ECONT-0.37540E+00 0.61170E-01 0.13750E+00 FLOW 0.78308E+02STEP  100AT    1   27   20
EMAX,EAVG,ECONT-0.36097E+00 0.58258E-01 0.14469E+00 FLOW 0.77643E+02STEP  105AT    1   27   20
EMAX,EAVG,ECONT-0.34540E+00 0.55590E-01 0.14946E+00 FLOW 0.76998E+02STEP  110AT    1   27   20
EMAX,EAVG,ECONT-0.33104E+00 0.53329E-01 0.15234E+00 FLOW 0.76381E+02STEP  115AT    1   27   23
EMAX,EAVG,ECONT 0.33667E+00 0.51383E-01 0.15363E+00 FLOW 0.75799E+02STEP  120AT    3  135   33
EMAX,EAVG,ECONT 0.34299E+00 0.50010E-01 0.15482E+00 FLOW 0.75264E+02STEP  125AT    3  135   33
EMAX,EAVG,ECONT 0.34039E+00 0.49575E-01 0.16552E+00 FLOW 0.74789E+02STEP  130AT    3  135   33
EMAX,EAVG,ECONT-0.34013E+00 0.49916E-01 0.17391E+00 FLOW 0.74391E+02STEP  135AT   37   90   15
EMAX,EAVG,ECONT-0.33921E+00 0.50355E-01 0.18223E+00 FLOW 0.74091E+02STEP  140AT   37   89   12
EMAX,EAVG,ECONT-0.33667E+00 0.50849E-01 0.18740E+00 FLOW 0.73908E+02STEP  145AT   37   90   12
EMAX,EAVG,ECONT-0.33588E+00 0.51343E-01 0.18735E+00 FLOW 0.73857E+02STEP  150AT    1  138   33
EMAX,EAVG,ECONT-0.34209E+00 0.51799E-01 0.18231E+00 FLOW 0.73947E+02STEP  155AT    1  138   33
EMAX,EAVG,ECONT-0.33889E+00 0.52553E-01 0.17999E+00 FLOW 0.74172E+02STEP  160AT    1  138   33
EMAX,EAVG,ECONT-0.33035E+00 0.53710E-01 0.17685E+00 FLOW 0.74521E+02STEP  165AT    1  137   34
EMAX,EAVG,ECONT-0.32427E+00 0.55139E-01 0.16973E+00 FLOW 0.74978E+02STEP  170AT    1  137   34
EMAX,EAVG,ECONT-0.31502E+00 0.56085E-01 0.15793E+00 FLOW 0.75522E+02STEP  175AT    1  137   33
EMAX,EAVG,ECONT-0.30474E+00 0.56378E-01 0.14331E+00 FLOW 0.76137E+02STEP  180AT   37  137   27
EMAX,EAVG,ECONT-0.31292E+00 0.56311E-01 0.12682E+00 FLOW 0.76803E+02STEP  185AT   37  137   27
EMAX,EAVG,ECONT-0.31187E+00 0.55968E-01 0.10913E+00 FLOW 0.77507E+02STEP  190AT   37  137   27
EMAX,EAVG,ECONT-0.30654E+00 0.55480E-01 0.90103E-01 FLOW 0.78236E+02STEP  195AT   37  137   27
EMAX,EAVG,ECONT 0.32850E+00 0.54928E-01 0.75439E-01 FLOW 0.78979E+02STEP  200AT    1  134   37
EMAX,EAVG,ECONT 0.37650E+00 0.54068E-01 0.66140E-01 FLOW 0.79729E+02STEP  205AT    1  134   37
EMAX,EAVG,ECONT 0.40430E+00 0.52805E-01 0.54566E-01 FLOW 0.80476E+02STEP  210AT    1  134   36
EMAX,EAVG,ECONT 0.41455E+00 0.51294E-01 0.41278E-01 FLOW 0.81215E+02STEP  215AT    1  134   36
EMAX,EAVG,ECONT 0.41356E+00 0.49786E-01 0.27127E-01 FLOW 0.81939E+02STEP  220AT    1  134   34
EMAX,EAVG,ECONT 0.39947E+00 0.48328E-01 0.29748E-01 FLOW 0.82642E+02STEP  225AT    1  134   33
EMAX,EAVG,ECONT-0.36000E+00 0.47033E-01 0.43243E-01 FLOW 0.83318E+02STEP  230AT   37  136   35
EMAX,EAVG,ECONT-0.37000E+00 0.45793E-01 0.53991E-01 FLOW 0.83961E+02STEP  235AT    3  135   37
EMAX,EAVG,ECONT-0.37100E+00 0.44482E-01 0.62605E-01 FLOW 0.84567E+02STEP  240AT    3  135   36
EMAX,EAVG,ECONT-0.36321E+00 0.43118E-01 0.69025E-01 FLOW 0.85132E+02STEP  245AT    3  135   35
EMAX,EAVG,ECONT-0.35241E+00 0.41856E-01 0.74951E-01 FLOW 0.85650E+02STEP  250AT    3  135   34
EMAX,EAVG,ECONT-0.35636E+00 0.40797E-01 0.79399E-01 FLOW 0.86119E+02STEP  255AT    2  135   37
EMAX,EAVG,ECONT-0.37129E+00 0.39812E-01 0.82785E-01 FLOW 0.86536E+02STEP  260AT    2  135   37
EMAX,EAVG,ECONT-0.37397E+00 0.38801E-01 0.88485E-01 FLOW 0.86900E+02STEP  265AT    1  135   37
EMAX,EAVG,ECONT-0.36409E+00 0.37780E-01 0.92076E-01 FLOW 0.87210E+02STEP  270AT    1  135   37
EMAX,EAVG,ECONT-0.34252E+00 0.36836E-01 0.93635E-01 FLOW 0.87465E+02STEP  275AT    1  135   34
EMAX,EAVG,ECONT-0.32822E+00 0.36171E-01 0.93250E-01 FLOW 0.87667E+02STEP  280AT    1  135   34
EMAX,EAVG,ECONT-0.30639E+00 0.35873E-01 0.91072E-01 FLOW 0.87817E+02STEP  285AT    1  135   33
EMAX,EAVG,ECONT-0.27602E+00 0.35860E-01 0.87819E-01 FLOW 0.87918E+02STEP  290AT    1  135   33
EMAX,EAVG,ECONT-0.24109E+00 0.35807E-01 0.84448E-01 FLOW 0.87976E+02STEP  295AT    1  135   33
EMAX,EAVG,ECONT 0.21975E+00 0.35645E-01 0.79916E-01 FLOW 0.87994E+02STEP  300AT   30   86    4
EMAX,EAVG,ECONT-0.23059E+00 0.35378E-01 0.74417E-01 FLOW 0.87977E+02STEP  305AT   24  204    3
EMAX,EAVG,ECONT-0.24341E+00 0.34939E-01 0.68254E-01 FLOW 0.87933E+02STEP  310AT   24  204    3
EMAX,EAVG,ECONT-0.23688E+00 0.34351E-01 0.61445E-01 FLOW 0.87865E+02STEP  315AT   24  204    3
EMAX,EAVG,ECONT-0.21590E+00 0.33682E-01 0.54001E-01 FLOW 0.87779E+02STEP  320AT   24  204    3
EMAX,EAVG,ECONT 0.20029E+00 0.32928E-01 0.46033E-01 FLOW 0.87680E+02STEP  325AT   37  136    1
EMAX,EAVG,ECONT-0.19290E+00 0.31997E-01 0.37661E-01 FLOW 0.87572E+02STEP  330AT   29   75    6
EMAX,EAVG,ECONT 0.20114E+00 0.30907E-01 0.28998E-01 FLOW 0.87458E+02STEP  335AT   37  137    1
EMAX,EAVG,ECONT 0.20328E+00 0.29734E-01 0.22774E-01 FLOW 0.87339E+02STEP  340AT   37  137   36
EMAX,EAVG,ECONT-0.17019E+00 0.28551E-01 0.20139E-01 FLOW 0.87220E+02STEP  345AT   14  207    3
EMAX,EAVG,ECONT-0.16923E+00 0.27441E-01 0.17539E-01 FLOW 0.87100E+02STEP  350AT   14  207    2
EMAX,EAVG,ECONT 0.16705E+00 0.26474E-01 0.15884E-01 FLOW 0.86983E+02STEP  355AT   20  206   35
EMAX,EAVG,ECONT 0.16981E+00 0.25681E-01 0.17304E-01 FLOW 0.86870E+02STEP  360AT   18  206   36
EMAX,EAVG,ECONT 0.17364E+00 0.25001E-01 0.23546E-01 FLOW 0.86764E+02STEP  365AT   18  206   36
EMAX,EAVG,ECONT 0.17302E+00 0.24412E-01 0.28924E-01 FLOW 0.86666E+02STEP  370AT   18  206   36
EMAX,EAVG,ECONT-0.20638E+00 0.23922E-01 0.34341E-01 FLOW 0.86578E+02STEP  375AT   37  137    3
EMAX,EAVG,ECONT-0.20322E+00 0.23578E-01 0.38949E-01 FLOW 0.86502E+02STEP  380AT   37  137    1
EMAX,EAVG,ECONT-0.19762E+00 0.23408E-01 0.42444E-01 FLOW 0.86440E+02STEP  385AT   37  136   21
EMAX,EAVG,ECONT 0.22319E+00 0.23433E-01 0.44838E-01 FLOW 0.86393E+02STEP  390AT   27   84    1
EMAX,EAVG,ECONT 0.24238E+00 0.23560E-01 0.46210E-01 FLOW 0.86361E+02STEP  395AT   26   84    1
EMAX,EAVG,ECONT 0.24868E+00 0.23730E-01 0.46679E-01 FLOW 0.86343E+02STEP  400AT   26   84    1
EMAX,EAVG,ECONT 0.25134E+00 0.23922E-01 0.46423E-01 FLOW 0.86339E+02STEP  405AT   26   85    1
EMAX,EAVG,ECONT 0.22095E+00 0.24063E-01 0.45869E-01 FLOW 0.86349E+02STEP  410AT   26   85    1
EMAX,EAVG,ECONT-0.19622E+00 0.24097E-01 0.44852E-01 FLOW 0.86369E+02STEP  415AT   37  136   14
EMAX,EAVG,ECONT-0.20912E+00 0.24036E-01 0.43486E-01 FLOW 0.86400E+02STEP  420AT   37  136   14
EMAX,EAVG,ECONT-0.19577E+00 0.23908E-01 0.41893E-01 FLOW 0.86439E+02STEP  425AT   37  136   12
EMAX,EAVG,ECONT-0.17654E+00 0.23708E-01 0.40173E-01 FLOW 0.86485E+02STEP  430AT   37  136   16
EMAX,EAVG,ECONT-0.17175E+00 0.23455E-01 0.38377E-01 FLOW 0.86538E+02STEP  435AT   37  136   17
EMAX,EAVG,ECONT-0.15984E+00 0.23191E-01 0.36886E-01 FLOW 0.86595E+02STEP  440AT    6  134    5
EMAX,EAVG,ECONT 0.15706E+00 0.22957E-01 0.35134E-01 FLOW 0.86655E+02STEP  445AT   28   78    6
EMAX,EAVG,ECONT 0.15479E+00 0.22763E-01 0.33125E-01 FLOW 0.86719E+02STEP  450AT   29   78    6
EMAX,EAVG,ECONT 0.15257E+00 0.22634E-01 0.30906E-01 FLOW 0.86783E+02STEP  455AT   29   78    6
EMAX,EAVG,ECONT 0.15573E+00 0.22561E-01 0.28540E-01 FLOW 0.86848E+02STEP  460AT   37   79    1
EMAX,EAVG,ECONT 0.18096E+00 0.22542E-01 0.26500E-01 FLOW 0.86912E+02STEP  465AT   37   80    1
EMAX,EAVG,ECONT 0.19111E+00 0.22533E-01 0.24527E-01 FLOW 0.86974E+02STEP  470AT   37   80    1
EMAX,EAVG,ECONT 0.19397E+00 0.22496E-01 0.23505E-01 FLOW 0.87032E+02STEP  475AT   37   78   11
EMAX,EAVG,ECONT 0.19276E+00 0.22397E-01 0.23234E-01 FLOW 0.87086E+02STEP  480AT   37   78   12
EMAX,EAVG,ECONT 0.18960E+00 0.22224E-01 0.22940E-01 FLOW 0.87135E+02STEP  485AT   37   78   12
EMAX,EAVG,ECONT 0.17400E+00 0.22014E-01 0.22593E-01 FLOW 0.87178E+02STEP  490AT   37   78   12
EMAX,EAVG,ECONT 0.15276E+00 0.21791E-01 0.22178E-01 FLOW 0.87215E+02STEP  495AT   37   78   12
EMAX,EAVG,ECONT-0.13437E+00 0.21557E-01 0.21671E-01 FLOW 0.87246E+02STEP  500AT   29   87    3
EMAX,EAVG,ECONT-0.13486E+00 0.21315E-01 0.21238E-01 FLOW 0.87271E+02STEP  505AT   29   86    3
EMAX,EAVG,ECONT-0.13679E+00 0.21054E-01 0.21033E-01 FLOW 0.87291E+02STEP  510AT   29   86    3
EMAX,EAVG,ECONT-0.13706E+00 0.20752E-01 0.22222E-01 FLOW 0.87305E+02STEP  515AT   29   86    3
EMAX,EAVG,ECONT-0.13820E+00 0.20403E-01 0.23366E-01 FLOW 0.87315E+02STEP  520AT   32   86    3
EMAX,EAVG,ECONT-0.14408E+00 0.20052E-01 0.24403E-01 FLOW 0.87321E+02STEP  525AT   30   81    6
EMAX,EAVG,ECONT-0.15517E+00 0.19725E-01 0.25260E-01 FLOW 0.87326E+02STEP  530AT   30   81    6
EMAX,EAVG,ECONT-0.16319E+00 0.19431E-01 0.25889E-01 FLOW 0.87329E+02STEP  535AT   30   81    6
EMAX,EAVG,ECONT-0.16786E+00 0.19151E-01 0.26277E-01 FLOW 0.87333E+02STEP  540AT   30   81    6
EMAX,EAVG,ECONT-0.16890E+00 0.18855E-01 0.26391E-01 FLOW 0.87339E+02STEP  545AT   30   81    6
EMAX,EAVG,ECONT-0.16685E+00 0.18535E-01 0.26227E-01 FLOW 0.87347E+02STEP  550AT   30   81    6
EMAX,EAVG,ECONT-0.16249E+00 0.18185E-01 0.25811E-01 FLOW 0.87358E+02STEP  555AT   30   81    6
EMAX,EAVG,ECONT-0.15655E+00 0.17808E-01 0.25183E-01 FLOW 0.87373E+02STEP  560AT   30   81    6
EMAX,EAVG,ECONT-0.14941E+00 0.17413E-01 0.24381E-01 FLOW 0.87392E+02STEP  565AT   30   81    6
EMAX,EAVG,ECONT-0.14723E+00 0.17003E-01 0.24247E-01 FLOW 0.87416E+02STEP  570AT   32   81    2
EMAX,EAVG,ECONT-0.15129E+00 0.16593E-01 0.24105E-01 FLOW 0.87444E+02STEP  575AT   32   81    2
EMAX,EAVG,ECONT-0.15384E+00 0.16200E-01 0.23880E-01 FLOW 0.87476E+02STEP  580AT   32   81    3
EMAX,EAVG,ECONT-0.15347E+00 0.15837E-01 0.23605E-01 FLOW 0.87511E+02STEP  585AT   32   81    2
EMAX,EAVG,ECONT-0.15051E+00 0.15512E-01 0.23234E-01 FLOW 0.87550E+02STEP  590AT   32   81    2
EMAX,EAVG,ECONT-0.14541E+00 0.15241E-01 0.22834E-01 FLOW 0.87591E+02STEP  595AT   32   81    2
EMAX,EAVG,ECONT-0.14082E+00 0.15030E-01 0.22340E-01 FLOW 0.87635E+02STEP  600AT   32   81    1
EMAX,EAVG,ECONT-0.13948E+00 0.14882E-01 0.22084E-01 FLOW 0.87679E+02STEP  605AT   35   81    3
EMAX,EAVG,ECONT-0.13757E+00 0.14788E-01 0.22246E-01 FLOW 0.87725E+02STEP  610AT   35   81    3
EMAX,EAVG,ECONT-0.13508E+00 0.14724E-01 0.22243E-01 FLOW 0.87771E+02STEP  615AT   35   81    3
EMAX,EAVG,ECONT-0.13207E+00 0.14673E-01 0.22084E-01 FLOW 0.87816E+02STEP  620AT   35   81    3
EMAX,EAVG,ECONT-0.12905E+00 0.14613E-01 0.21775E-01 FLOW 0.87860E+02STEP  625AT   35   81    2
EMAX,EAVG,ECONT-0.12603E+00 0.14534E-01 0.21316E-01 FLOW 0.87903E+02STEP  630AT   35   81    1
EMAX,EAVG,ECONT-0.12299E+00 0.14426E-01 0.20716E-01 FLOW 0.87944E+02STEP  635AT   35   80    1
EMAX,EAVG,ECONT-0.12004E+00 0.14294E-01 0.19979E-01 FLOW 0.87983E+02STEP  640AT   35   80    1
EMAX,EAVG,ECONT-0.11509E+00 0.14147E-01 0.19121E-01 FLOW 0.88019E+02STEP  645AT   35   80    1
EMAX,EAVG,ECONT-0.10796E+00 0.13999E-01 0.18149E-01 FLOW 0.88053E+02STEP  650AT   35   80    1
EMAX,EAVG,ECONT 0.10171E+00 0.13868E-01 0.17422E-01 FLOW 0.88085E+02STEP  655AT   29   82    6
EMAX,EAVG,ECONT 0.10191E+00 0.13762E-01 0.16687E-01 FLOW 0.88113E+02STEP  660AT   29   82    6
EMAX,EAVG,ECONT 0.10105E+00 0.13677E-01 0.15901E-01 FLOW 0.88140E+02STEP  665AT   30   82    6
EMAX,EAVG,ECONT 0.10088E+00 0.13600E-01 0.15063E-01 FLOW 0.88165E+02STEP  670AT   31   82    6
EMAX,EAVG,ECONT 0.10060E+00 0.13524E-01 0.14183E-01 FLOW 0.88187E+02STEP  675AT   31   82    6
EMAX,EAVG,ECONT 0.99682E-01 0.13446E-01 0.13334E-01 FLOW 0.88209E+02STEP  680AT   32   82    6
EMAX,EAVG,ECONT 0.98646E-01 0.13366E-01 0.12995E-01 FLOW 0.88230E+02STEP  685AT   31   81    6
EMAX,EAVG,ECONT 0.99776E-01 0.13271E-01 0.12619E-01 FLOW 0.88251E+02STEP  690AT   32   81    6
EMAX,EAVG,ECONT 0.10104E+00 0.13162E-01 0.12254E-01 FLOW 0.88271E+02STEP  695AT   32   81    6
EMAX,EAVG,ECONT 0.10156E+00 0.13043E-01 0.11768E-01 FLOW 0.88292E+02STEP  700AT   32   81    6
EMAX,EAVG,ECONT 0.10102E+00 0.12923E-01 0.11170E-01 FLOW 0.88313E+02STEP  705AT   32   81    6
EMAX,EAVG,ECONT 0.99746E-01 0.12800E-01 0.10492E-01 FLOW 0.88334E+02STEP  710AT   34   81    6
EMAX,EAVG,ECONT 0.99156E-01 0.12678E-01 0.97775E-02 FLOW 0.88355E+02STEP  715AT   34   81    6
EMAX,EAVG,ECONT 0.96553E-01 0.12562E-01 0.89755E-02 FLOW 0.88377E+02STEP  720AT   34   81    6
EMAX,EAVG,ECONT 0.94201E-01 0.12447E-01 0.81631E-02 FLOW 0.88400E+02STEP  725AT   29   80    3
EMAX,EAVG,ECONT 0.93596E-01 0.12327E-01 0.75243E-02 FLOW 0.88422E+02STEP  730AT   29   80    3
EMAX,EAVG,ECONT 0.92951E-01 0.12194E-01 0.68188E-02 FLOW 0.88445E+02STEP  735AT   30   80    3
EMAX,EAVG,ECONT 0.92040E-01 0.12052E-01 0.63531E-02 FLOW 0.88467E+02STEP  740AT   30   80    3
EMAX,EAVG,ECONT 0.90225E-01 0.11909E-01 0.60837E-02 FLOW 0.88489E+02STEP  745AT   30   80    3
EMAX,EAVG,ECONT-0.91667E-01 0.11773E-01 0.64701E-02 FLOW 0.88511E+02STEP  750AT    1  136   30
EMAX,EAVG,ECONT-0.93511E-01 0.11641E-01 0.70350E-02 FLOW 0.88532E+02STEP  755AT    1  136   30
EMAX,EAVG,ECONT-0.95242E-01 0.11512E-01 0.74810E-02 FLOW 0.88552E+02STEP  760AT    1  136   30
EMAX,EAVG,ECONT-0.96790E-01 0.11381E-01 0.78208E-02 FLOW 0.88571E+02STEP  765AT    1  136   30
EMAX,EAVG,ECONT-0.98152E-01 0.11252E-01 0.80642E-02 FLOW 0.88589E+02STEP  770AT    1  136   30
EMAX,EAVG,ECONT-0.99296E-01 0.11126E-01 0.82200E-02 FLOW 0.88606E+02STEP  775AT    1  136   30
EMAX,EAVG,ECONT-0.10018E+00 0.10997E-01 0.83154E-02 FLOW 0.88622E+02STEP  780AT    1  136   30
EMAX,EAVG,ECONT-0.10080E+00 0.10862E-01 0.85499E-02 FLOW 0.88636E+02STEP  785AT    1  136   30
EMAX,EAVG,ECONT-0.10119E+00 0.10721E-01 0.87522E-02 FLOW 0.88650E+02STEP  790AT    1  136   30
EMAX,EAVG,ECONT-0.10135E+00 0.10573E-01 0.89201E-02 FLOW 0.88662E+02STEP  795AT    1  136   30
EMAX,EAVG,ECONT-0.10689E+00 0.10425E-01 0.90507E-02 FLOW 0.88672E+02STEP  800AT    1  135   36
EMAX,EAVG,ECONT-0.11241E+00 0.10279E-01 0.91510E-02 FLOW 0.88682E+02STEP  805AT    1  135   35
EMAX,EAVG,ECONT-0.11853E+00 0.10137E-01 0.95239E-02 FLOW 0.88690E+02STEP  810AT    1  135   35
EMAX,EAVG,ECONT-0.12381E+00 0.10004E-01 0.10014E-01 FLOW 0.88698E+02STEP  815AT    1  135   35
EMAX,EAVG,ECONT-0.13001E+00 0.98876E-02 0.10431E-01 FLOW 0.88704E+02STEP  820AT    1  135   34
EMAX,EAVG,ECONT-0.13665E+00 0.97854E-02 0.10740E-01 FLOW 0.88708E+02STEP  825AT    1  135   34
EMAX,EAVG,ECONT-0.14277E+00 0.96869E-02 0.11002E-01 FLOW 0.88712E+02STEP  830AT    1  135   33
EMAX,EAVG,ECONT-0.14861E+00 0.95899E-02 0.11147E-01 FLOW 0.88714E+02STEP  835AT    1  135   33
EMAX,EAVG,ECONT-0.15300E+00 0.94924E-02 0.11152E-01 FLOW 0.88716E+02STEP  840AT    1  135   33
EMAX,EAVG,ECONT-0.15606E+00 0.93909E-02 0.11020E-01 FLOW 0.88716E+02STEP  845AT    1  135   33
EMAX,EAVG,ECONT-0.15829E+00 0.92847E-02 0.10769E-01 FLOW 0.88716E+02STEP  850AT    1  135   33
EMAX,EAVG,ECONT-0.16003E+00 0.91756E-02 0.10498E-01 FLOW 0.88714E+02STEP  855AT    1  135   33
EMAX,EAVG,ECONT-0.16195E+00 0.90616E-02 0.10184E-01 FLOW 0.88711E+02STEP  860AT    1  135   32
EMAX,EAVG,ECONT-0.16458E+00 0.89448E-02 0.97827E-02 FLOW 0.88708E+02STEP  865AT    1  135   31
EMAX,EAVG,ECONT-0.16715E+00 0.88333E-02 0.93060E-02 FLOW 0.88704E+02STEP  870AT    1  135   31
EMAX,EAVG,ECONT-0.16945E+00 0.87280E-02 0.87892E-02 FLOW 0.88699E+02STEP  875AT    1  135   31
EMAX,EAVG,ECONT-0.17144E+00 0.86289E-02 0.82651E-02 FLOW 0.88693E+02STEP  880AT    1  135   31
EMAX,EAVG,ECONT-0.17304E+00 0.85358E-02 0.76976E-02 FLOW 0.88687E+02STEP  885AT    1  135   31
EMAX,EAVG,ECONT-0.17409E+00 0.84479E-02 0.72865E-02 FLOW 0.88681E+02STEP  890AT    1  135   31
EMAX,EAVG,ECONT-0.17445E+00 0.83648E-02 0.69861E-02 FLOW 0.88674E+02STEP  895AT    1  135   30
EMAX,EAVG,ECONT-0.17470E+00 0.82854E-02 0.68092E-02 FLOW 0.88668E+02STEP  900AT    1  135   30
EMAX,EAVG,ECONT-0.17409E+00 0.82108E-02 0.66394E-02 FLOW 0.88661E+02STEP  905AT    1  135   30
EMAX,EAVG,ECONT-0.17261E+00 0.81403E-02 0.64762E-02 FLOW 0.88655E+02STEP  910AT    1  135   30
EMAX,EAVG,ECONT-0.17023E+00 0.80728E-02 0.63168E-02 FLOW 0.88649E+02STEP  915AT    1  135   30
EMAX,EAVG,ECONT-0.16698E+00 0.80090E-02 0.61591E-02 FLOW 0.88643E+02STEP  920AT    1  135   30
EMAX,EAVG,ECONT-0.16296E+00 0.79480E-02 0.60042E-02 FLOW 0.88638E+02STEP  925AT    1  135   30
EMAX,EAVG,ECONT-0.15828E+00 0.78888E-02 0.58444E-02 FLOW 0.88634E+02STEP  930AT    1  135   30
EMAX,EAVG,ECONT-0.15307E+00 0.78370E-02 0.56787E-02 FLOW 0.88630E+02STEP  935AT    1  135   30
EMAX,EAVG,ECONT-0.14749E+00 0.77943E-02 0.55082E-02 FLOW 0.88627E+02STEP  940AT    1  135   30
EMAX,EAVG,ECONT-0.14163E+00 0.77584E-02 0.53339E-02 FLOW 0.88625E+02STEP  945AT    1  135   30
EMAX,EAVG,ECONT-0.13556E+00 0.77309E-02 0.51509E-02 FLOW 0.88624E+02STEP  950AT    1  135   30
EMAX,EAVG,ECONT-0.12922E+00 0.77087E-02 0.49615E-02 FLOW 0.88623E+02STEP  955AT    1  135   30
EMAX,EAVG,ECONT-0.12255E+00 0.76887E-02 0.47653E-02 FLOW 0.88624E+02STEP  960AT    1  135   30
EMAX,EAVG,ECONT-0.11550E+00 0.76671E-02 0.45597E-02 FLOW 0.88625E+02STEP  965AT    1  135   30
EMAX,EAVG,ECONT-0.10862E+00 0.76373E-02 0.43412E-02 FLOW 0.88627E+02STEP  970AT    1  135   29
EMAX,EAVG,ECONT-0.10794E+00 0.75981E-02 0.41163E-02 FLOW 0.88630E+02STEP  975AT    1   29   35
EMAX,EAVG,ECONT 0.10407E+00 0.75495E-02 0.38753E-02 FLOW 0.88634E+02STEP  980AT    1   28   21
EMAX,EAVG,ECONT 0.10647E+00 0.74949E-02 0.36244E-02 FLOW 0.88637E+02STEP  985AT    1   28   21
EMAX,EAVG,ECONT 0.10703E+00 0.74390E-02 0.33644E-02 FLOW 0.88642E+02STEP  990AT    1   28   21
EMAX,EAVG,ECONT 0.10791E+00 0.73819E-02 0.37177E-02 FLOW 0.88647E+02STEP  995AT    1   28   24
EMAX,EAVG,ECONT 0.11479E+00 0.73237E-02 0.40451E-02 FLOW 0.88652E+02STEP 1000AT    1   28   24
EMAX,EAVG,ECONT 0.11581E+00 0.72268E-02 0.43266E-02 FLOW 0.88657E+02STEP 1005AT    1   28   23
EMAX,EAVG,ECONT 0.11850E+00 0.71325E-02 0.45640E-02 FLOW 0.88662E+02STEP 1010AT    1   28   23
EMAX,EAVG,ECONT 0.11756E+00 0.70418E-02 0.47539E-02 FLOW 0.88667E+02STEP 1015AT    1   28   23
EMAX,EAVG,ECONT 0.11375E+00 0.69531E-02 0.49208E-02 FLOW 0.88673E+02STEP 1020AT    1   28   23
EMAX,EAVG,ECONT 0.10762E+00 0.68652E-02 0.50690E-02 FLOW 0.88678E+02STEP 1025AT    1   28   23
EMAX,EAVG,ECONT 0.10336E+00 0.67775E-02 0.51775E-02 FLOW 0.88684E+02STEP 1030AT   37  134    5
EMAX,EAVG,ECONT 0.10147E+00 0.66912E-02 0.52488E-02 FLOW 0.88690E+02STEP 1035AT   37  134    5
EMAX,EAVG,ECONT 0.98674E-01 0.66053E-02 0.53041E-02 FLOW 0.88695E+02STEP 1040AT   37  134    5
EMAX,EAVG,ECONT 0.95502E-01 0.65191E-02 0.54929E-02 FLOW 0.88700E+02STEP 1045AT   37  134    5
EMAX,EAVG,ECONT 0.92297E-01 0.64325E-02 0.57502E-02 FLOW 0.88705E+02STEP 1050AT   37  134    5
EMAX,EAVG,ECONT 0.89293E-01 0.63437E-02 0.59983E-02 FLOW 0.88710E+02STEP 1055AT   37  134    5
EMAX,EAVG,ECONT 0.86512E-01 0.62532E-02 0.62317E-02 FLOW 0.88715E+02STEP 1060AT   37  134    5
EMAX,EAVG,ECONT 0.83747E-01 0.61614E-02 0.64464E-02 FLOW 0.88719E+02STEP 1065AT   37  134    5
EMAX,EAVG,ECONT 0.81210E-01 0.60693E-02 0.66378E-02 FLOW 0.88724E+02STEP 1070AT    3  135   33
EMAX,EAVG,ECONT 0.84841E-01 0.59774E-02 0.68088E-02 FLOW 0.88728E+02STEP 1075AT    3  135   33
EMAX,EAVG,ECONT 0.86806E-01 0.58865E-02 0.69523E-02 FLOW 0.88731E+02STEP 1080AT    3  135   33
EMAX,EAVG,ECONT 0.86659E-01 0.57967E-02 0.70708E-02 FLOW 0.88735E+02STEP 1085AT    3  135   32
EMAX,EAVG,ECONT 0.84281E-01 0.57087E-02 0.71610E-02 FLOW 0.88738E+02STEP 1090AT    3  135   32
EMAX,EAVG,ECONT-0.82386E-01 0.56242E-02 0.72235E-02 FLOW 0.88741E+02STEP 1095AT   37   89   37
EMAX,EAVG,ECONT-0.82820E-01 0.55430E-02 0.72596E-02 FLOW 0.88744E+02STEP 1100AT   37   89   37
EMAX,EAVG,ECONT-0.83196E-01 0.54663E-02 0.72682E-02 FLOW 0.88746E+02STEP 1105AT   37   89   37
EMAX,EAVG,ECONT-0.83520E-01 0.53947E-02 0.72507E-02 FLOW 0.88749E+02STEP 1110AT   37   89   37
EMAX,EAVG,ECONT-0.83796E-01 0.53287E-02 0.72055E-02 FLOW 0.88751E+02STEP 1115AT   37   89   37
EMAX,EAVG,ECONT-0.84020E-01 0.52709E-02 0.71371E-02 FLOW 0.88753E+02STEP 1120AT   37   89   37
EMAX,EAVG,ECONT-0.84174E-01 0.52208E-02 0.70465E-02 FLOW 0.88755E+02STEP 1125AT   37   89   37
EMAX,EAVG,ECONT-0.84225E-01 0.51761E-02 0.69364E-02 FLOW 0.88757E+02STEP 1130AT   37   89   37
EMAX,EAVG,ECONT-0.84151E-01 0.51366E-02 0.68055E-02 FLOW 0.88759E+02STEP 1135AT   37   89   37
EMAX,EAVG,ECONT-0.83961E-01 0.50989E-02 0.66596E-02 FLOW 0.88761E+02STEP 1140AT   37   89   37
EMAX,EAVG,ECONT-0.83698E-01 0.50627E-02 0.64989E-02 FLOW 0.88763E+02STEP 1145AT   37   89   37
EMAX,EAVG,ECONT-0.83414E-01 0.50260E-02 0.63292E-02 FLOW 0.88765E+02STEP 1150AT   37   89   37
EMAX,EAVG,ECONT-0.83143E-01 0.49881E-02 0.61482E-02 FLOW 0.88767E+02STEP 1155AT   37   89   37
EMAX,EAVG,ECONT-0.82912E-01 0.49486E-02 0.59577E-02 FLOW 0.88769E+02STEP 1160AT   37   89   37
EMAX,EAVG,ECONT-0.82710E-01 0.49077E-02 0.57664E-02 FLOW 0.88771E+02STEP 1165AT   37   89   37
EMAX,EAVG,ECONT-0.82519E-01 0.48641E-02 0.55714E-02 FLOW 0.88773E+02STEP 1170AT   37   89   37
EMAX,EAVG,ECONT-0.82362E-01 0.48181E-02 0.53741E-02 FLOW 0.88775E+02STEP 1175AT   37   89   37
EMAX,EAVG,ECONT-0.82254E-01 0.47691E-02 0.51818E-02 FLOW 0.88777E+02STEP 1180AT   37   89   37
EMAX,EAVG,ECONT-0.82220E-01 0.47173E-02 0.49903E-02 FLOW 0.88780E+02STEP 1185AT   37   89   37
EMAX,EAVG,ECONT-0.82281E-01 0.46625E-02 0.48054E-02 FLOW 0.88783E+02STEP 1190AT   37   89   37
EMAX,EAVG,ECONT-0.82444E-01 0.46052E-02 0.46278E-02 FLOW 0.88785E+02STEP 1195AT   37   89   37
EMAX,EAVG,ECONT-0.82694E-01 0.45460E-02 0.44572E-02 FLOW 0.88788E+02STEP 1200AT   37   89   37
EMAX,EAVG,ECONT-0.83028E-01 0.44859E-02 0.42990E-02 FLOW 0.88791E+02STEP 1205AT   37   89   37
EMAX,EAVG,ECONT-0.83394E-01 0.44264E-02 0.41482E-02 FLOW 0.88794E+02STEP 1210AT   37   89   37
EMAX,EAVG,ECONT-0.83757E-01 0.43685E-02 0.40103E-02 FLOW 0.88797E+02STEP 1215AT   37   89   37
EMAX,EAVG,ECONT-0.84084E-01 0.43136E-02 0.38834E-02 FLOW 0.88801E+02STEP 1220AT   37   89   37
EMAX,EAVG,ECONT-0.84386E-01 0.42622E-02 0.37650E-02 FLOW 0.88804E+02STEP 1225AT   37   89   37
EMAX,EAVG,ECONT-0.84694E-01 0.42140E-02 0.36542E-02 FLOW 0.88808E+02STEP 1230AT   37   89   37
EMAX,EAVG,ECONT-0.85031E-01 0.41688E-02 0.35529E-02 FLOW 0.88811E+02STEP 1235AT   37   89   37
EMAX,EAVG,ECONT-0.85395E-01 0.41260E-02 0.34602E-02 FLOW 0.88815E+02STEP 1240AT   37   89   37
EMAX,EAVG,ECONT-0.85799E-01 0.40851E-02 0.33742E-02 FLOW 0.88819E+02STEP 1245AT   37   89   37
EMAX,EAVG,ECONT-0.86227E-01 0.40447E-02 0.32923E-02 FLOW 0.88823E+02STEP 1250AT   37   89   37
EMAX,EAVG,ECONT-0.86652E-01 0.40039E-02 0.32145E-02 FLOW 0.88828E+02STEP 1255AT   37   89   37
EMAX,EAVG,ECONT-0.87069E-01 0.39622E-02 0.31426E-02 FLOW 0.88832E+02STEP 1260AT   37   89   37
EMAX,EAVG,ECONT-0.87435E-01 0.39198E-02 0.30750E-02 FLOW 0.88837E+02STEP 1265AT   37   89   37
EMAX,EAVG,ECONT-0.87770E-01 0.38759E-02 0.30103E-02 FLOW 0.88841E+02STEP 1270AT   37   89   37
EMAX,EAVG,ECONT-0.88098E-01 0.38300E-02 0.29684E-02 FLOW 0.88846E+02STEP 1275AT   37   89   37
EMAX,EAVG,ECONT-0.88377E-01 0.37821E-02 0.29885E-02 FLOW 0.88851E+02STEP 1280AT   37   89   37
EMAX,EAVG,ECONT-0.88411E-01 0.37323E-02 0.30109E-02 FLOW 0.88856E+02STEP 1285AT   37   89   37
EMAX,EAVG,ECONT-0.88318E-01 0.36810E-02 0.30335E-02 FLOW 0.88861E+02STEP 1290AT   37   89   37
EMAX,EAVG,ECONT-0.88170E-01 0.36291E-02 0.30599E-02 FLOW 0.88865E+02STEP 1295AT   37   89   37
EMAX,EAVG,ECONT-0.87961E-01 0.35776E-02 0.30860E-02 FLOW 0.88870E+02STEP 1300AT   37   89   37
EMAX,EAVG,ECONT-0.87660E-01 0.35280E-02 0.31122E-02 FLOW 0.88875E+02STEP 1305AT   37   89   37
EMAX,EAVG,ECONT-0.87319E-01 0.34808E-02 0.31410E-02 FLOW 0.88879E+02STEP 1310AT   37   89   37
EMAX,EAVG,ECONT-0.87301E-01 0.34364E-02 0.31698E-02 FLOW 0.88883E+02STEP 1315AT   36   89   37
EMAX,EAVG,ECONT-0.87122E-01 0.33955E-02 0.32021E-02 FLOW 0.88887E+02STEP 1320AT   36   89   37
EMAX,EAVG,ECONT-0.86884E-01 0.33579E-02 0.32335E-02 FLOW 0.88891E+02STEP 1325AT   36   89   37
EMAX,EAVG,ECONT-0.86584E-01 0.33240E-02 0.32995E-02 FLOW 0.88895E+02STEP 1330AT   36   89   37
EMAX,EAVG,ECONT-0.86218E-01 0.32932E-02 0.33646E-02 FLOW 0.88898E+02STEP 1335AT   36   89   37
EMAX,EAVG,ECONT-0.85771E-01 0.32652E-02 0.34247E-02 FLOW 0.88901E+02STEP 1340AT   36   89   37
EMAX,EAVG,ECONT-0.85239E-01 0.32399E-02 0.34848E-02 FLOW 0.88903E+02STEP 1345AT   36   89   37
EMAX,EAVG,ECONT-0.84679E-01 0.32176E-02 0.35387E-02 FLOW 0.88905E+02STEP 1350AT   36   89   37
EMAX,EAVG,ECONT-0.84134E-01 0.31980E-02 0.35899E-02 FLOW 0.88906E+02STEP 1355AT   36   89   37
EMAX,EAVG,ECONT-0.83588E-01 0.31812E-02 0.36347E-02 FLOW 0.88907E+02STEP 1360AT   36   89   37
EMAX,EAVG,ECONT-0.83056E-01 0.31671E-02 0.36727E-02 FLOW 0.88908E+02STEP 1365AT   36   89   37
EMAX,EAVG,ECONT-0.82505E-01 0.31549E-02 0.37023E-02 FLOW 0.88908E+02STEP 1370AT   36   89   37
EMAX,EAVG,ECONT-0.81913E-01 0.31436E-02 0.37224E-02 FLOW 0.88908E+02STEP 1375AT   36   89   37
EMAX,EAVG,ECONT-0.81215E-01 0.31326E-02 0.37371E-02 FLOW 0.88907E+02STEP 1380AT   36   89   37
EMAX,EAVG,ECONT-0.80399E-01 0.31210E-02 0.37394E-02 FLOW 0.88905E+02STEP 1385AT   36   89   37
EMAX,EAVG,ECONT-0.79541E-01 0.31091E-02 0.37313E-02 FLOW 0.88903E+02STEP 1390AT   36   89   37
EMAX,EAVG,ECONT-0.78764E-01 0.30963E-02 0.37118E-02 FLOW 0.88901E+02STEP 1395AT   36   89   37
EMAX,EAVG,ECONT-0.78037E-01 0.30825E-02 0.36848E-02 FLOW 0.88898E+02STEP 1400AT   36   89   37
EMAX,EAVG,ECONT-0.77345E-01 0.30668E-02 0.36460E-02 FLOW 0.88895E+02STEP 1405AT   36   89   37
EMAX,EAVG,ECONT-0.76649E-01 0.30494E-02 0.35965E-02 FLOW 0.88891E+02STEP 1410AT   36   89   37
EMAX,EAVG,ECONT-0.75933E-01 0.30304E-02 0.35493E-02 FLOW 0.88887E+02STEP 1415AT   36   89   37
EMAX,EAVG,ECONT-0.75225E-01 0.30102E-02 0.35511E-02 FLOW 0.88883E+02STEP 1420AT   36   89   37
EMAX,EAVG,ECONT-0.74575E-01 0.29891E-02 0.35471E-02 FLOW 0.88878E+02STEP 1425AT   36   89   37
EMAX,EAVG,ECONT-0.73987E-01 0.29668E-02 0.35461E-02 FLOW 0.88873E+02STEP 1430AT   36   89   37
EMAX,EAVG,ECONT-0.73422E-01 0.29435E-02 0.35383E-02 FLOW 0.88867E+02STEP 1435AT   36   89   37
EMAX,EAVG,ECONT-0.72819E-01 0.29199E-02 0.35346E-02 FLOW 0.88862E+02STEP 1440AT   36   89   37
EMAX,EAVG,ECONT-0.72138E-01 0.28959E-02 0.35288E-02 FLOW 0.88856E+02STEP 1445AT   36   89   37
EMAX,EAVG,ECONT-0.71439E-01 0.28714E-02 0.35214E-02 FLOW 0.88851E+02STEP 1450AT   36   89   37
EMAX,EAVG,ECONT-0.70798E-01 0.28467E-02 0.35147E-02 FLOW 0.88845E+02STEP 1455AT   36   89   37
EMAX,EAVG,ECONT-0.70277E-01 0.28222E-02 0.35052E-02 FLOW 0.88839E+02STEP 1460AT   36   89   37
EMAX,EAVG,ECONT-0.69840E-01 0.27976E-02 0.34941E-02 FLOW 0.88833E+02STEP 1465AT   36   89   37
EMAX,EAVG,ECONT-0.69450E-01 0.27728E-02 0.34859E-02 FLOW 0.88827E+02STEP 1470AT   36   89   37
EMAX,EAVG,ECONT-0.69077E-01 0.27478E-02 0.34750E-02 FLOW 0.88821E+02STEP 1475AT   36   89   37
EMAX,EAVG,ECONT-0.68923E-01 0.27223E-02 0.34636E-02 FLOW 0.88815E+02STEP 1480AT   37   89   37
EMAX,EAVG,ECONT-0.68761E-01 0.26966E-02 0.35290E-02 FLOW 0.88810E+02STEP 1485AT   37   89   37
EMAX,EAVG,ECONT-0.68527E-01 0.26704E-02 0.36360E-02 FLOW 0.88804E+02STEP 1490AT   37   89   37
EMAX,EAVG,ECONT-0.68247E-01 0.26438E-02 0.37400E-02 FLOW 0.88799E+02STEP 1495AT   37   89   37
EMAX,EAVG,ECONT-0.68067E-01 0.26164E-02 0.38373E-02 FLOW 0.88793E+02STEP 1500AT   37   89   37
EMAX,EAVG,ECONT-0.67996E-01 0.25885E-02 0.39301E-02 FLOW 0.88788E+02STEP 1505AT   37   89   37
EMAX,EAVG,ECONT-0.67905E-01 0.25600E-02 0.40194E-02 FLOW 0.88783E+02STEP 1510AT   37   89   37
EMAX,EAVG,ECONT-0.67641E-01 0.25312E-02 0.41013E-02 FLOW 0.88779E+02STEP 1515AT   37   89   37
EMAX,EAVG,ECONT-0.67120E-01 0.25020E-02 0.41746E-02 FLOW 0.88774E+02STEP 1520AT   37   89   37
EMAX,EAVG,ECONT-0.66386E-01 0.24727E-02 0.42446E-02 FLOW 0.88770E+02STEP 1525AT   37   89   37
EMAX,EAVG,ECONT-0.65539E-01 0.24437E-02 0.43055E-02 FLOW 0.88766E+02STEP 1530AT   37   89   37
EMAX,EAVG,ECONT-0.64615E-01 0.24147E-02 0.43597E-02 FLOW 0.88762E+02STEP 1535AT   37   89   37
EMAX,EAVG,ECONT-0.63630E-01 0.23865E-02 0.44072E-02 FLOW 0.88759E+02STEP 1540AT   37   89   37
EMAX,EAVG,ECONT-0.62547E-01 0.23590E-02 0.44464E-02 FLOW 0.88756E+02STEP 1545AT   37   89   37
EMAX,EAVG,ECONT 0.62268E-01 0.23329E-02 0.44823E-02 FLOW 0.88753E+02STEP 1550AT   37   75   18
EMAX,EAVG,ECONT 0.61996E-01 0.23081E-02 0.45099E-02 FLOW 0.88750E+02STEP 1555AT   37   75   18
EMAX,EAVG,ECONT 0.61724E-01 0.22846E-02 0.45313E-02 FLOW 0.88748E+02STEP 1560AT   37   75   18
EMAX,EAVG,ECONT 0.61519E-01 0.22622E-02 0.45485E-02 FLOW 0.88746E+02STEP 1565AT   37   87   30
EMAX,EAVG,ECONT 0.61712E-01 0.22403E-02 0.45606E-02 FLOW 0.88744E+02STEP 1570AT   37   87   30
EMAX,EAVG,ECONT 0.61881E-01 0.22186E-02 0.45689E-02 FLOW 0.88742E+02STEP 1575AT   37   87   30
EMAX,EAVG,ECONT 0.62042E-01 0.21982E-02 0.45708E-02 FLOW 0.88741E+02STEP 1580AT   37   87   30
EMAX,EAVG,ECONT 0.62183E-01 0.21789E-02 0.45689E-02 FLOW 0.88740E+02STEP 1585AT   37   87   30
EMAX,EAVG,ECONT 0.62332E-01 0.21609E-02 0.45651E-02 FLOW 0.88739E+02STEP 1590AT   37   87   30
EMAX,EAVG,ECONT 0.62493E-01 0.21445E-02 0.45537E-02 FLOW 0.88739E+02STEP 1595AT   37   87   30
EMAX,EAVG,ECONT 0.62662E-01 0.21293E-02 0.45444E-02 FLOW 0.88738E+02STEP 1600AT   37   87   30
EMAX,EAVG,ECONT 0.62823E-01 0.21151E-02 0.45286E-02 FLOW 0.88738E+02STEP 1605AT   37   87   30
EMAX,EAVG,ECONT 0.62984E-01 0.21023E-02 0.45124E-02 FLOW 0.88739E+02STEP 1610AT   37   87   30
EMAX,EAVG,ECONT 0.63121E-01 0.20901E-02 0.44912E-02 FLOW 0.88739E+02STEP 1615AT   37   87   30
EMAX,EAVG,ECONT 0.63258E-01 0.20786E-02 0.44684E-02 FLOW 0.88740E+02STEP 1620AT   37   87   30
EMAX,EAVG,ECONT 0.63379E-01 0.20675E-02 0.44417E-02 FLOW 0.88741E+02STEP 1625AT   37   87   30
EMAX,EAVG,ECONT 0.63488E-01 0.20566E-02 0.44158E-02 FLOW 0.88743E+02STEP 1630AT   37   87   30
EMAX,EAVG,ECONT 0.63589E-01 0.20461E-02 0.43875E-02 FLOW 0.88744E+02STEP 1635AT   37   87   30
EMAX,EAVG,ECONT 0.63691E-01 0.20362E-02 0.43563E-02 FLOW 0.88746E+02STEP 1640AT   37   87   30
EMAX,EAVG,ECONT 0.63853E-01 0.20273E-02 0.43222E-02 FLOW 0.88748E+02STEP 1645AT   37   87   29
EMAX,EAVG,ECONT 0.64185E-01 0.20196E-02 0.42877E-02 FLOW 0.88750E+02STEP 1650AT   37   87   29
EMAX,EAVG,ECONT 0.64499E-01 0.20130E-02 0.42529E-02 FLOW 0.88752E+02STEP 1655AT   37   87   29
EMAX,EAVG,ECONT 0.64791E-01 0.20073E-02 0.42164E-02 FLOW 0.88754E+02STEP 1660AT   37   87   29
EMAX,EAVG,ECONT 0.65070E-01 0.20022E-02 0.41777E-02 FLOW 0.88757E+02STEP 1665AT   37   87   29
EMAX,EAVG,ECONT 0.65338E-01 0.19974E-02 0.41398E-02 FLOW 0.88759E+02STEP 1670AT   37   87   29
EMAX,EAVG,ECONT 0.65602E-01 0.19926E-02 0.40989E-02 FLOW 0.88762E+02STEP 1675AT   37   87   29
EMAX,EAVG,ECONT 0.65839E-01 0.19877E-02 0.40575E-02 FLOW 0.88765E+02STEP 1680AT   37   87   29
EMAX,EAVG,ECONT 0.66051E-01 0.19826E-02 0.40174E-02 FLOW 0.88768E+02STEP 1685AT   37   87   29
EMAX,EAVG,ECONT 0.66267E-01 0.19774E-02 0.39734E-02 FLOW 0.88770E+02STEP 1690AT   37   87   29
EMAX,EAVG,ECONT 0.66440E-01 0.19722E-02 0.39308E-02 FLOW 0.88773E+02STEP 1695AT   37   87   29
EMAX,EAVG,ECONT 0.66601E-01 0.19668E-02 0.38855E-02 FLOW 0.88776E+02STEP 1700AT   37   87   29
EMAX,EAVG,ECONT 0.66746E-01 0.19610E-02 0.38397E-02 FLOW 0.88779E+02STEP 1705AT   37   87   29
EMAX,EAVG,ECONT 0.66870E-01 0.19546E-02 0.37961E-02 FLOW 0.88782E+02STEP 1710AT   37   87   29
EMAX,EAVG,ECONT 0.66984E-01 0.19473E-02 0.37493E-02 FLOW 0.88784E+02STEP 1715AT   37   87   29
EMAX,EAVG,ECONT 0.67065E-01 0.19397E-02 0.37024E-02 FLOW 0.88787E+02STEP 1720AT   37   87   29
EMAX,EAVG,ECONT 0.67131E-01 0.19314E-02 0.36548E-02 FLOW 0.88790E+02STEP 1725AT   37   87   29
EMAX,EAVG,ECONT 0.67172E-01 0.19227E-02 0.36049E-02 FLOW 0.88793E+02STEP 1730AT   37   87   29
EMAX,EAVG,ECONT 0.67202E-01 0.19137E-02 0.35561E-02 FLOW 0.88795E+02STEP 1735AT   37   87   29
EMAX,EAVG,ECONT 0.67216E-01 0.19043E-02 0.35056E-02 FLOW 0.88798E+02STEP 1740AT   37   87   29
EMAX,EAVG,ECONT 0.67221E-01 0.18946E-02 0.34558E-02 FLOW 0.88800E+02STEP 1745AT   37   87   29
EMAX,EAVG,ECONT 0.67199E-01 0.18843E-02 0.34040E-02 FLOW 0.88803E+02STEP 1750AT   37   87   29
EMAX,EAVG,ECONT 0.67174E-01 0.18731E-02 0.33517E-02 FLOW 0.88805E+02STEP 1755AT   37   87   29
EMAX,EAVG,ECONT 0.67343E-01 0.18608E-02 0.33002E-02 FLOW 0.88807E+02STEP 1760AT   37   87   28
EMAX,EAVG,ECONT 0.67577E-01 0.18478E-02 0.32999E-02 FLOW 0.88809E+02STEP 1765AT   37   87   28
EMAX,EAVG,ECONT 0.68013E-01 0.18338E-02 0.33031E-02 FLOW 0.88811E+02STEP 1770AT   37   88   32
EMAX,EAVG,ECONT 0.68537E-01 0.18192E-02 0.33069E-02 FLOW 0.88813E+02STEP 1775AT   37   88   32
EMAX,EAVG,ECONT 0.69045E-01 0.18037E-02 0.33096E-02 FLOW 0.88815E+02STEP 1780AT   37   88   32
EMAX,EAVG,ECONT 0.69530E-01 0.17874E-02 0.33126E-02 FLOW 0.88817E+02STEP 1785AT   37   88   32
EMAX,EAVG,ECONT 0.69983E-01 0.17709E-02 0.33160E-02 FLOW 0.88819E+02STEP 1790AT   37   88   32
EMAX,EAVG,ECONT 0.70414E-01 0.17542E-02 0.33199E-02 FLOW 0.88821E+02STEP 1795AT   37   88   32
EMAX,EAVG,ECONT 0.70823E-01 0.17373E-02 0.33228E-02 FLOW 0.88822E+02STEP 1800AT   37   88   32
EMAX,EAVG,ECONT 0.71203E-01 0.17200E-02 0.33265E-02 FLOW 0.88824E+02STEP 1805AT   37   88   32
EMAX,EAVG,ECONT 0.71577E-01 0.17026E-02 0.33302E-02 FLOW 0.88825E+02STEP 1810AT   37   88   32
EMAX,EAVG,ECONT 0.71925E-01 0.16853E-02 0.33372E-02 FLOW 0.88827E+02STEP 1815AT   37   88   32
EMAX,EAVG,ECONT 0.72274E-01 0.16683E-02 0.33408E-02 FLOW 0.88828E+02STEP 1820AT   37   88   32
EMAX,EAVG,ECONT 0.72630E-01 0.16513E-02 0.33453E-02 FLOW 0.88830E+02STEP 1825AT   37   88   32
EMAX,EAVG,ECONT 0.72978E-01 0.16345E-02 0.33493E-02 FLOW 0.88831E+02STEP 1830AT   37   88   32
EMAX,EAVG,ECONT 0.73310E-01 0.16184E-02 0.33553E-02 FLOW 0.88832E+02STEP 1835AT   37   88   32
EMAX,EAVG,ECONT 0.73640E-01 0.16029E-02 0.33606E-02 FLOW 0.88834E+02STEP 1840AT   37   88   32
EMAX,EAVG,ECONT 0.73936E-01 0.15878E-02 0.33671E-02 FLOW 0.88835E+02STEP 1845AT   37   88   32
EMAX,EAVG,ECONT 0.74228E-01 0.15727E-02 0.33721E-02 FLOW 0.88836E+02STEP 1850AT   37   88   32
EMAX,EAVG,ECONT 0.74514E-01 0.15573E-02 0.33773E-02 FLOW 0.88837E+02STEP 1855AT   37   88   32
EMAX,EAVG,ECONT 0.74755E-01 0.15420E-02 0.33880E-02 FLOW 0.88838E+02STEP 1860AT   37   88   32
EMAX,EAVG,ECONT 0.74983E-01 0.15269E-02 0.34015E-02 FLOW 0.88838E+02STEP 1865AT   37   88   32
EMAX,EAVG,ECONT 0.75164E-01 0.15123E-02 0.34133E-02 FLOW 0.88839E+02STEP 1870AT   37   88   32
EMAX,EAVG,ECONT 0.75329E-01 0.14982E-02 0.34205E-02 FLOW 0.88840E+02STEP 1875AT   37   88   32
EMAX,EAVG,ECONT 0.75467E-01 0.14845E-02 0.34239E-02 FLOW 0.88840E+02STEP 1880AT   37   88   32
EMAX,EAVG,ECONT 0.75580E-01 0.14711E-02 0.34218E-02 FLOW 0.88841E+02STEP 1885AT   37   88   32
EMAX,EAVG,ECONT 0.75653E-01 0.14576E-02 0.34205E-02 FLOW 0.88841E+02STEP 1890AT   37   88   32
EMAX,EAVG,ECONT 0.75691E-01 0.14442E-02 0.34253E-02 FLOW 0.88841E+02STEP 1895AT   37   88   32
EMAX,EAVG,ECONT 0.75694E-01 0.14309E-02 0.34292E-02 FLOW 0.88841E+02STEP 1900AT   37   88   32
EMAX,EAVG,ECONT 0.76065E-01 0.14179E-02 0.34343E-02 FLOW 0.88841E+02STEP 1905AT   37   88   31
EMAX,EAVG,ECONT 0.76418E-01 0.14055E-02 0.34395E-02 FLOW 0.88841E+02STEP 1910AT   37   88   31
EMAX,EAVG,ECONT 0.76746E-01 0.13940E-02 0.34447E-02 FLOW 0.88841E+02STEP 1915AT   37   88   31
EMAX,EAVG,ECONT 0.77042E-01 0.13829E-02 0.34477E-02 FLOW 0.88840E+02STEP 1920AT   37   88   31
EMAX,EAVG,ECONT 0.77322E-01 0.13727E-02 0.34533E-02 FLOW 0.88840E+02STEP 1925AT   37   88   31
EMAX,EAVG,ECONT 0.77580E-01 0.13634E-02 0.34560E-02 FLOW 0.88839E+02STEP 1930AT   37   88   31
EMAX,EAVG,ECONT 0.77822E-01 0.13555E-02 0.34606E-02 FLOW 0.88839E+02STEP 1935AT   37   88   31
EMAX,EAVG,ECONT 0.78028E-01 0.13485E-02 0.34637E-02 FLOW 0.88838E+02STEP 1940AT   37   88   31
EMAX,EAVG,ECONT 0.78210E-01 0.13420E-02 0.34665E-02 FLOW 0.88837E+02STEP 1945AT   37   88   31
EMAX,EAVG,ECONT 0.78381E-01 0.13363E-02 0.34690E-02 FLOW 0.88836E+02STEP 1950AT   37   88   31
EMAX,EAVG,ECONT 0.78513E-01 0.13315E-02 0.34702E-02 FLOW 0.88835E+02STEP 1955AT   37   88   31
EMAX,EAVG,ECONT 0.78641E-01 0.13274E-02 0.34739E-02 FLOW 0.88834E+02STEP 1960AT   37   88   36
EMAX,EAVG,ECONT 0.80262E-01 0.13241E-02 0.34758E-02 FLOW 0.88832E+02STEP 1965AT   37   88   36
EMAX,EAVG,ECONT 0.81918E-01 0.13216E-02 0.34753E-02 FLOW 0.88831E+02STEP 1970AT   37   88   36
EMAX,EAVG,ECONT 0.83523E-01 0.13204E-02 0.34736E-02 FLOW 0.88830E+02STEP 1975AT   37   88   36
EMAX,EAVG,ECONT 0.84977E-01 0.13197E-02 0.34756E-02 FLOW 0.88828E+02STEP 1980AT   37   88   36
EMAX,EAVG,ECONT 0.86231E-01 0.13188E-02 0.34751E-02 FLOW 0.88827E+02STEP 1985AT   37   88   36
EMAX,EAVG,ECONT 0.87255E-01 0.13183E-02 0.34750E-02 FLOW 0.88825E+02STEP 1990AT   37   88   36
EMAX,EAVG,ECONT 0.88020E-01 0.13176E-02 0.34717E-02 FLOW 0.88823E+02STEP 1995AT   37   88   36
EMAX,EAVG,ECONT 0.88560E-01 0.13167E-02 0.34711E-02 FLOW 0.88822E+02STEP 2000AT   37   88   36
