EMAX,EAVG,ECONT-0.75600E+00 0.10236E+00 0.52432E-01 FLOW 0.87605E+02STEP    5AT    3   27   26
EMAX,EAVG,ECONT-0.67677E+00 0.97664E-01 0.60399E-01 FLOW 0.87453E+02STEP   10AT    4   27   26
EMAX,EAVG,ECONT 0.57952E+00 0.10094E+00 0.68135E-01 FLOW 0.87284E+02STEP   15AT    1  136   23
EMAX,EAVG,ECONT 0.62624E+00 0.10608E+00 0.76258E-01 FLOW 0.87054E+02STEP   20AT    1  136   27
EMAX,EAVG,ECONT 0.58015E+00 0.11064E+00 0.90180E-01 FLOW 0.86749E+02STEP   25AT    1  137   29
EMAX,EAVG,ECONT-0.59701E+00 0.11075E+00 0.10309E+00 FLOW 0.86378E+02STEP   30AT   30   27   18
EMAX,EAVG,ECONT-0.67678E+00 0.10963E+00 0.11083E+00 FLOW 0.85932E+02STEP   35AT   30   27   13
EMAX,EAVG,ECONT-0.68538E+00 0.10794E+00 0.11398E+00 FLOW 0.85411E+02STEP   40AT   30   27    1
EMAX,EAVG,ECONT-0.67107E+00 0.10484E+00 0.11305E+00 FLOW 0.84838E+02STEP   45AT   30   27    1
EMAX,EAVG,ECONT-0.63401E+00 0.10144E+00 0.10881E+00 FLOW 0.84230E+02STEP   50AT   30   27    1
EMAX,EAVG,ECONT-0.57598E+00 0.94703E-01 0.10310E+00 FLOW 0.83589E+02STEP   55AT   30   27    1
EMAX,EAVG,ECONT-0.50664E+00 0.88201E-01 0.98143E-01 FLOW 0.82921E+02STEP   60AT   30   27    1
EMAX,EAVG,ECONT-0.50212E+00 0.83928E-01 0.97323E-01 FLOW 0.82227E+02STEP   65AT    1   27   11
EMAX,EAVG,ECONT-0.48462E+00 0.81618E-01 0.10358E+00 FLOW 0.81503E+02STEP   70AT    1   27   13
EMAX,EAVG,ECONT-0.46216E+00 0.80395E-01 0.10879E+00 FLOW 0.80746E+02STEP   75AT    1   27   14
EMAX,EAVG,ECONT-0.43936E+00 0.79786E-01 0.11231E+00 FLOW 0.79958E+02STEP   80AT    1   27   14
EMAX,EAVG,ECONT-0.42259E+00 0.78777E-01 0.11592E+00 FLOW 0.79146E+02STEP   85AT    1   26    7
EMAX,EAVG,ECONT-0.41443E+00 0.77483E-01 0.12673E+00 FLOW 0.78320E+02STEP   90AT    1   26    8
EMAX,EAVG,ECONT-0.40317E+00 0.75798E-01 0.13691E+00 FLOW 0.77490E+02STEP   95AT    1   26    9
EMAX,EAVG,ECONT-0.38794E+00 0.73664E-01 0.14715E+00 FLOW 0.76667E+02STEP  100AT    1   26   11
EMAX,EAVG,ECONT 0.39513E+00 0.71172E-01 0.15589E+00 FLOW 0.75861E+02STEP  105AT    1  135    9
EMAX,EAVG,ECONT 0.41036E+00 0.68133E-01 0.16289E+00 FLOW 0.75080E+02STEP  110AT    1  135    9
EMAX,EAVG,ECONT 0.40482E+00 0.65336E-01 0.16795E+00 FLOW 0.74333E+02STEP  115AT    3  135   20
EMAX,EAVG,ECONT 0.40420E+00 0.62982E-01 0.18091E+00 FLOW 0.73633E+02STEP  120AT    3  135   20
EMAX,EAVG,ECONT 0.37094E+00 0.61512E-01 0.19025E+00 FLOW 0.72995E+02STEP  125AT    3  135   21
EMAX,EAVG,ECONT-0.34664E+00 0.60727E-01 0.19913E+00 FLOW 0.72438E+02STEP  130AT   30  138   11
EMAX,EAVG,ECONT-0.38590E+00 0.60036E-01 0.20629E+00 FLOW 0.71982E+02STEP  135AT   30   95    1
EMAX,EAVG,ECONT-0.38567E+00 0.59705E-01 0.21556E+00 FLOW 0.71650E+02STEP  140AT   30   95    3
EMAX,EAVG,ECONT-0.39092E+00 0.60106E-01 0.22201E+00 FLOW 0.71465E+02STEP  145AT   30   95    5
EMAX,EAVG,ECONT 0.36021E+00 0.61095E-01 0.22361E+00 FLOW 0.71442E+02STEP  150AT    3  135   27
EMAX,EAVG,ECONT 0.35054E+00 0.62488E-01 0.22125E+00 FLOW 0.71585E+02STEP  155AT    3  135   27
EMAX,EAVG,ECONT-0.36679E+00 0.63680E-01 0.21340E+00 FLOW 0.71885E+02STEP  160AT   29  137    5
EMAX,EAVG,ECONT-0.39299E+00 0.64430E-01 0.20221E+00 FLOW 0.72329E+02STEP  165AT   30  137   11
EMAX,EAVG,ECONT-0.40467E+00 0.64773E-01 0.18700E+00 FLOW 0.72899E+02STEP  170AT   30  137   12
EMAX,EAVG,ECONT-0.41504E+00 0.64858E-01 0.16854E+00 FLOW 0.73575E+02STEP  175AT   30  137   12
EMAX,EAVG,ECONT-0.40829E+00 0.64650E-01 0.14792E+00 FLOW 0.74336E+02STEP  180AT   30  137   12
EMAX,EAVG,ECONT 0.45295E+00 0.64093E-01 0.12578E+00 FLOW 0.75159E+02STEP  185AT    3  135   26
EMAX,EAVG,ECONT 0.50195E+00 0.63178E-01 0.10542E+00 FLOW 0.76026E+02STEP  190AT    3  135   26
EMAX,EAVG,ECONT 0.56415E+00 0.62050E-01 0.91086E-01 FLOW 0.76919E+02STEP  195AT    2  135   26
EMAX,EAVG,ECONT 0.67670E+00 0.60927E-01 0.74869E-01 FLOW 0.77822E+02STEP  200AT    2  135   26
EMAX,EAVG,ECONT 0.98831E+00 0.59835E-01 0.57298E-01 FLOW 0.78723E+02STEP  205AT    1  135   26
EMAX,EAVG,ECONT 0.12350E+01 0.58637E-01 0.40759E-01 FLOW 0.79609E+02STEP  210AT    1  135   26
EMAX,EAVG,ECONT 0.13918E+01 0.57332E-01 0.25472E-01 FLOW 0.80471E+02STEP  215AT    1  135   25
EMAX,EAVG,ECONT 0.14678E+01 0.56024E-01 0.22377E-01 FLOW 0.81302E+02STEP  220AT    1  135   25
EMAX,EAVG,ECONT 0.14483E+01 0.54570E-01 0.34171E-01 FLOW 0.82094E+02STEP  225AT    1  135   25
EMAX,EAVG,ECONT 0.12727E+01 0.52974E-01 0.43437E-01 FLOW 0.82841E+02STEP  230AT    1  135   24
EMAX,EAVG,ECONT 0.12191E+01 0.51717E-01 0.51124E-01 FLOW 0.83539E+02STEP  235AT    1  135   29
EMAX,EAVG,ECONT 0.11305E+01 0.50666E-01 0.60390E-01 FLOW 0.84182E+02STEP  240AT    1  135   30
EMAX,EAVG,ECONT 0.97404E+00 0.49700E-01 0.70390E-01 FLOW 0.84767E+02STEP  245AT    1  135   30
EMAX,EAVG,ECONT 0.74417E+00 0.48860E-01 0.77888E-01 FLOW 0.85291E+02STEP  250AT    1  134   30
EMAX,EAVG,ECONT 0.62646E+00 0.48172E-01 0.83109E-01 FLOW 0.85754E+02STEP  255AT    1  134   30
EMAX,EAVG,ECONT 0.58363E+00 0.47556E-01 0.86417E-01 FLOW 0.86154E+02STEP  260AT    1  137   26
EMAX,EAVG,ECONT 0.55559E+00 0.46909E-01 0.88103E-01 FLOW 0.86493E+02STEP  265AT    1  137   29
EMAX,EAVG,ECONT 0.55326E+00 0.46211E-01 0.88802E-01 FLOW 0.86776E+02STEP  270AT    1  137   29
EMAX,EAVG,ECONT 0.60469E+00 0.45406E-01 0.89077E-01 FLOW 0.87005E+02STEP  275AT    1  137   24
EMAX,EAVG,ECONT 0.69146E+00 0.44490E-01 0.88135E-01 FLOW 0.87187E+02STEP  280AT    1  137   24
EMAX,EAVG,ECONT 0.71835E+00 0.43495E-01 0.86102E-01 FLOW 0.87328E+02STEP  285AT    1  137   25
EMAX,EAVG,ECONT 0.67179E+00 0.42465E-01 0.83081E-01 FLOW 0.87433E+02STEP  290AT    1  137   26
EMAX,EAVG,ECONT 0.61992E+00 0.41389E-01 0.79257E-01 FLOW 0.87508E+02STEP  295AT    1  138   25
EMAX,EAVG,ECONT 0.56208E+00 0.40240E-01 0.74646E-01 FLOW 0.87560E+02STEP  300AT    1  138   25
EMAX,EAVG,ECONT-0.55487E+00 0.39068E-01 0.69140E-01 FLOW 0.87592E+02STEP  305AT   30  137   20
EMAX,EAVG,ECONT-0.56022E+00 0.38065E-01 0.62783E-01 FLOW 0.87609E+02STEP  310AT   30  137   21
EMAX,EAVG,ECONT-0.51648E+00 0.37309E-01 0.55663E-01 FLOW 0.87615E+02STEP  315AT   30  137   21
EMAX,EAVG,ECONT-0.47575E+00 0.36675E-01 0.47937E-01 FLOW 0.87611E+02STEP  320AT   30  137   26
EMAX,EAVG,ECONT-0.45113E+00 0.36000E-01 0.39865E-01 FLOW 0.87600E+02STEP  325AT   30  138   30
EMAX,EAVG,ECONT-0.44033E+00 0.35250E-01 0.31947E-01 FLOW 0.87583E+02STEP  330AT   30  137   28
EMAX,EAVG,ECONT-0.42349E+00 0.34416E-01 0.28651E-01 FLOW 0.87561E+02STEP  335AT   30  137   28
EMAX,EAVG,ECONT-0.41198E+00 0.33516E-01 0.27080E-01 FLOW 0.87534E+02STEP  340AT   30  137   29
EMAX,EAVG,ECONT-0.43062E+00 0.32585E-01 0.26176E-01 FLOW 0.87503E+02STEP  345AT   30  137   29
EMAX,EAVG,ECONT-0.43398E+00 0.31650E-01 0.25672E-01 FLOW 0.87468E+02STEP  350AT   30  137   29
EMAX,EAVG,ECONT-0.40277E+00 0.30760E-01 0.25139E-01 FLOW 0.87430E+02STEP  355AT   30  137   29
EMAX,EAVG,ECONT-0.36327E+00 0.29972E-01 0.24702E-01 FLOW 0.87390E+02STEP  360AT   30  137   30
EMAX,EAVG,ECONT-0.32448E+00 0.29275E-01 0.24305E-01 FLOW 0.87347E+02STEP  365AT   30  137   30
EMAX,EAVG,ECONT-0.31452E+00 0.28671E-01 0.23768E-01 FLOW 0.87302E+02STEP  370AT   30  136   29
EMAX,EAVG,ECONT-0.31014E+00 0.28153E-01 0.25779E-01 FLOW 0.87257E+02STEP  375AT   30  136   29
EMAX,EAVG,ECONT-0.28265E+00 0.27763E-01 0.28795E-01 FLOW 0.87212E+02STEP  380AT   30  136   29
EMAX,EAVG,ECONT-0.26624E+00 0.27553E-01 0.31334E-01 FLOW 0.87168E+02STEP  385AT   30  135   17
EMAX,EAVG,ECONT-0.25678E+00 0.27490E-01 0.33277E-01 FLOW 0.87126E+02STEP  390AT   30  135   18
EMAX,EAVG,ECONT 0.25377E+00 0.27531E-01 0.34565E-01 FLOW 0.87088E+02STEP  395AT   30  138   11
EMAX,EAVG,ECONT 0.26537E+00 0.27654E-01 0.35424E-01 FLOW 0.87053E+02STEP  400AT   30  138   11
EMAX,EAVG,ECONT 0.27027E+00 0.27826E-01 0.35674E-01 FLOW 0.87023E+02STEP  405AT   30  138   12
EMAX,EAVG,ECONT 0.27078E+00 0.27977E-01 0.35357E-01 FLOW 0.86998E+02STEP  410AT   30  138   13
EMAX,EAVG,ECONT 0.25087E+00 0.28070E-01 0.34537E-01 FLOW 0.86978E+02STEP  415AT   30  138   14
EMAX,EAVG,ECONT 0.23536E+00 0.28115E-01 0.33281E-01 FLOW 0.86964E+02STEP  420AT   30  140   21
EMAX,EAVG,ECONT 0.23564E+00 0.28126E-01 0.31671E-01 FLOW 0.86955E+02STEP  425AT   30  139   21
EMAX,EAVG,ECONT 0.24118E+00 0.28122E-01 0.29867E-01 FLOW 0.86951E+02STEP  430AT   30  139   20
EMAX,EAVG,ECONT-0.22896E+00 0.28071E-01 0.27987E-01 FLOW 0.86953E+02STEP  435AT    5  137   27
EMAX,EAVG,ECONT-0.23577E+00 0.27949E-01 0.26059E-01 FLOW 0.86960E+02STEP  440AT    5  137   27
EMAX,EAVG,ECONT-0.24249E+00 0.27765E-01 0.24196E-01 FLOW 0.86972E+02STEP  445AT    5  137   27
EMAX,EAVG,ECONT-0.24878E+00 0.27566E-01 0.22387E-01 FLOW 0.86989E+02STEP  450AT    5  137   27
EMAX,EAVG,ECONT-0.25388E+00 0.27403E-01 0.20872E-01 FLOW 0.87011E+02STEP  455AT    5  137   27
EMAX,EAVG,ECONT-0.25734E+00 0.27270E-01 0.19587E-01 FLOW 0.87036E+02STEP  460AT    5  137   27
EMAX,EAVG,ECONT-0.25984E+00 0.27156E-01 0.19037E-01 FLOW 0.87066E+02STEP  465AT    1  138   27
EMAX,EAVG,ECONT-0.26752E+00 0.27057E-01 0.19641E-01 FLOW 0.87098E+02STEP  470AT    1  138   27
EMAX,EAVG,ECONT-0.27139E+00 0.26963E-01 0.20051E-01 FLOW 0.87132E+02STEP  475AT    1  138   27
EMAX,EAVG,ECONT-0.27084E+00 0.26864E-01 0.20242E-01 FLOW 0.87167E+02STEP  480AT    1  138   27
EMAX,EAVG,ECONT-0.26714E+00 0.26765E-01 0.20296E-01 FLOW 0.87202E+02STEP  485AT    1  138   27
EMAX,EAVG,ECONT-0.26246E+00 0.26645E-01 0.20271E-01 FLOW 0.87237E+02STEP  490AT    4  137   30
EMAX,EAVG,ECONT-0.26171E+00 0.26507E-01 0.20070E-01 FLOW 0.87270E+02STEP  495AT    4  137   30
EMAX,EAVG,ECONT-0.27391E+00 0.26323E-01 0.19745E-01 FLOW 0.87302E+02STEP  500AT   30  140   25
EMAX,EAVG,ECONT-0.26533E+00 0.26095E-01 0.19344E-01 FLOW 0.87331E+02STEP  505AT   30  140   24
EMAX,EAVG,ECONT-0.24980E+00 0.25837E-01 0.19013E-01 FLOW 0.87358E+02STEP  510AT    4  137   30
EMAX,EAVG,ECONT-0.24530E+00 0.25559E-01 0.19116E-01 FLOW 0.87382E+02STEP  515AT    4  137   30
EMAX,EAVG,ECONT-0.24089E+00 0.25249E-01 0.19341E-01 FLOW 0.87403E+02STEP  520AT    4  137   30
EMAX,EAVG,ECONT-0.24183E+00 0.24907E-01 0.19707E-01 FLOW 0.87421E+02STEP  525AT   30  140   14
EMAX,EAVG,ECONT-0.25297E+00 0.24520E-01 0.20110E-01 FLOW 0.87437E+02STEP  530AT   30  140   12
EMAX,EAVG,ECONT-0.28192E+00 0.24073E-01 0.20483E-01 FLOW 0.87451E+02STEP  535AT   30  140   12
EMAX,EAVG,ECONT-0.28741E+00 0.23562E-01 0.20888E-01 FLOW 0.87464E+02STEP  540AT   30  140   12
EMAX,EAVG,ECONT-0.27710E+00 0.22998E-01 0.21220E-01 FLOW 0.87475E+02STEP  545AT   30  139   12
EMAX,EAVG,ECONT-0.27439E+00 0.22425E-01 0.21448E-01 FLOW 0.87485E+02STEP  550AT   30  141   29
EMAX,EAVG,ECONT-0.30704E+00 0.21873E-01 0.21552E-01 FLOW 0.87495E+02STEP  555AT   30  141   30
EMAX,EAVG,ECONT-0.29902E+00 0.21363E-01 0.21523E-01 FLOW 0.87505E+02STEP  560AT   30  141   30
EMAX,EAVG,ECONT-0.27242E+00 0.20907E-01 0.22079E-01 FLOW 0.87516E+02STEP  565AT   30  141   30
EMAX,EAVG,ECONT-0.23208E+00 0.20508E-01 0.23050E-01 FLOW 0.87527E+02STEP  570AT   30  141   30
EMAX,EAVG,ECONT-0.21940E+00 0.20165E-01 0.23788E-01 FLOW 0.87540E+02STEP  575AT    5  136   30
EMAX,EAVG,ECONT-0.21943E+00 0.19866E-01 0.24335E-01 FLOW 0.87554E+02STEP  580AT    5  136   30
EMAX,EAVG,ECONT-0.21862E+00 0.19610E-01 0.24597E-01 FLOW 0.87569E+02STEP  585AT    5  136   30
EMAX,EAVG,ECONT-0.21708E+00 0.19397E-01 0.24662E-01 FLOW 0.87586E+02STEP  590AT    5  136   30
EMAX,EAVG,ECONT-0.21476E+00 0.19219E-01 0.24751E-01 FLOW 0.87604E+02STEP  595AT    5  136   29
EMAX,EAVG,ECONT-0.21315E+00 0.19065E-01 0.25010E-01 FLOW 0.87623E+02STEP  600AT    5  136   29
EMAX,EAVG,ECONT-0.21104E+00 0.18932E-01 0.25080E-01 FLOW 0.87643E+02STEP  605AT    5  136   28
EMAX,EAVG,ECONT-0.21031E+00 0.18815E-01 0.24966E-01 FLOW 0.87663E+02STEP  610AT    6  135   30
EMAX,EAVG,ECONT-0.21242E+00 0.18717E-01 0.24687E-01 FLOW 0.87684E+02STEP  615AT    6  135   30
EMAX,EAVG,ECONT-0.21269E+00 0.18633E-01 0.24254E-01 FLOW 0.87705E+02STEP  620AT    6  135   30
EMAX,EAVG,ECONT-0.21130E+00 0.18537E-01 0.23685E-01 FLOW 0.87726E+02STEP  625AT    6  135   30
EMAX,EAVG,ECONT-0.20857E+00 0.18420E-01 0.23002E-01 FLOW 0.87747E+02STEP  630AT    6  135   30
EMAX,EAVG,ECONT-0.20457E+00 0.18277E-01 0.22227E-01 FLOW 0.87768E+02STEP  635AT    6  135   30
EMAX,EAVG,ECONT-0.20024E+00 0.18120E-01 0.21393E-01 FLOW 0.87788E+02STEP  640AT    6  135   29
EMAX,EAVG,ECONT-0.19791E+00 0.17956E-01 0.20529E-01 FLOW 0.87808E+02STEP  645AT    6  135   28
EMAX,EAVG,ECONT-0.19488E+00 0.17795E-01 0.19657E-01 FLOW 0.87829E+02STEP  650AT    6  135   28
EMAX,EAVG,ECONT-0.19091E+00 0.17636E-01 0.18797E-01 FLOW 0.87849E+02STEP  655AT    6  135   28
EMAX,EAVG,ECONT-0.18907E+00 0.17481E-01 0.17961E-01 FLOW 0.87870E+02STEP  660AT    6  135   27
EMAX,EAVG,ECONT-0.18629E+00 0.17327E-01 0.17156E-01 FLOW 0.87891E+02STEP  665AT    6  135   27
EMAX,EAVG,ECONT-0.18301E+00 0.17169E-01 0.16380E-01 FLOW 0.87912E+02STEP  670AT   30  135    9
EMAX,EAVG,ECONT-0.17866E+00 0.17004E-01 0.15629E-01 FLOW 0.87935E+02STEP  675AT   30  135    9
EMAX,EAVG,ECONT-0.17625E+00 0.16835E-01 0.15262E-01 FLOW 0.87958E+02STEP  680AT   30  135   10
EMAX,EAVG,ECONT-0.17113E+00 0.16673E-01 0.14910E-01 FLOW 0.87983E+02STEP  685AT   30  135   10
EMAX,EAVG,ECONT-0.16307E+00 0.16537E-01 0.14524E-01 FLOW 0.88009E+02STEP  690AT   30  135   10
EMAX,EAVG,ECONT 0.16020E+00 0.16426E-01 0.14134E-01 FLOW 0.88036E+02STEP  695AT   30  135   23
EMAX,EAVG,ECONT 0.15845E+00 0.16327E-01 0.13804E-01 FLOW 0.88066E+02STEP  700AT   30  135   22
EMAX,EAVG,ECONT 0.16094E+00 0.16233E-01 0.13442E-01 FLOW 0.88096E+02STEP  705AT   30  135   22
EMAX,EAVG,ECONT 0.16405E+00 0.16143E-01 0.13119E-01 FLOW 0.88129E+02STEP  710AT   30  135   22
EMAX,EAVG,ECONT 0.16777E+00 0.16049E-01 0.12744E-01 FLOW 0.88163E+02STEP  715AT   30  135   29
EMAX,EAVG,ECONT 0.16881E+00 0.15951E-01 0.12316E-01 FLOW 0.88199E+02STEP  720AT   30  135   29
EMAX,EAVG,ECONT 0.16724E+00 0.15842E-01 0.11842E-01 FLOW 0.88236E+02STEP  725AT   30  135   21
EMAX,EAVG,ECONT 0.16342E+00 0.15716E-01 0.11332E-01 FLOW 0.88275E+02STEP  730AT   30  135   21
EMAX,EAVG,ECONT-0.16197E+00 0.15570E-01 0.10795E-01 FLOW 0.88314E+02STEP  735AT   30  133    1
EMAX,EAVG,ECONT-0.15860E+00 0.15399E-01 0.10234E-01 FLOW 0.88355E+02STEP  740AT   30  133    1
EMAX,EAVG,ECONT-0.15280E+00 0.15214E-01 0.96645E-02 FLOW 0.88396E+02STEP  745AT   30  133    1
EMAX,EAVG,ECONT-0.14355E+00 0.15026E-01 0.90866E-02 FLOW 0.88437E+02STEP  750AT   30  133    1
EMAX,EAVG,ECONT-0.12884E+00 0.14844E-01 0.85144E-02 FLOW 0.88478E+02STEP  755AT   30  133    4
EMAX,EAVG,ECONT-0.11312E+00 0.14671E-01 0.79458E-02 FLOW 0.88518E+02STEP  760AT   30  133    5
EMAX,EAVG,ECONT-0.11504E+00 0.14495E-01 0.77601E-02 FLOW 0.88558E+02STEP  765AT    1  135   10
EMAX,EAVG,ECONT-0.11940E+00 0.14317E-01 0.87274E-02 FLOW 0.88596E+02STEP  770AT    1  135   10
EMAX,EAVG,ECONT-0.12352E+00 0.14132E-01 0.95525E-02 FLOW 0.88633E+02STEP  775AT    1  135   10
EMAX,EAVG,ECONT-0.12832E+00 0.13936E-01 0.10245E-01 FLOW 0.88668E+02STEP  780AT   30  137    7
EMAX,EAVG,ECONT-0.13214E+00 0.13726E-01 0.11317E-01 FLOW 0.88700E+02STEP  785AT   30  137    7
EMAX,EAVG,ECONT-0.13379E+00 0.13513E-01 0.12311E-01 FLOW 0.88731E+02STEP  790AT    1  135   10
EMAX,EAVG,ECONT-0.13939E+00 0.13307E-01 0.13222E-01 FLOW 0.88758E+02STEP  795AT   30  135   21
EMAX,EAVG,ECONT-0.14682E+00 0.13116E-01 0.14014E-01 FLOW 0.88783E+02STEP  800AT   30  135   21
EMAX,EAVG,ECONT-0.14599E+00 0.12940E-01 0.14675E-01 FLOW 0.88806E+02STEP  805AT   30  135   21
EMAX,EAVG,ECONT-0.14444E+00 0.12778E-01 0.15193E-01 FLOW 0.88825E+02STEP  810AT   30  135   22
EMAX,EAVG,ECONT-0.13764E+00 0.12630E-01 0.15569E-01 FLOW 0.88842E+02STEP  815AT    1  135    9
EMAX,EAVG,ECONT-0.13589E+00 0.12502E-01 0.15804E-01 FLOW 0.88855E+02STEP  820AT    1  135    9
EMAX,EAVG,ECONT-0.13328E+00 0.12399E-01 0.15911E-01 FLOW 0.88866E+02STEP  825AT    1  135    9
EMAX,EAVG,ECONT-0.12986E+00 0.12315E-01 0.15904E-01 FLOW 0.88875E+02STEP  830AT    1  135    9
EMAX,EAVG,ECONT-0.12567E+00 0.12243E-01 0.15808E-01 FLOW 0.88881E+02STEP  835AT    1  135    9
EMAX,EAVG,ECONT-0.12553E+00 0.12180E-01 0.15665E-01 FLOW 0.88885E+02STEP  840AT   30  135    9
EMAX,EAVG,ECONT-0.13693E+00 0.12121E-01 0.15441E-01 FLOW 0.88888E+02STEP  845AT   30  135    9
EMAX,EAVG,ECONT-0.14762E+00 0.12061E-01 0.15154E-01 FLOW 0.88888E+02STEP  850AT   30  135    8
EMAX,EAVG,ECONT-0.15895E+00 0.11998E-01 0.14779E-01 FLOW 0.88887E+02STEP  855AT   30  135    8
EMAX,EAVG,ECONT-0.16529E+00 0.11931E-01 0.14325E-01 FLOW 0.88884E+02STEP  860AT   30  135    8
EMAX,EAVG,ECONT-0.16703E+00 0.11860E-01 0.13801E-01 FLOW 0.88880E+02STEP  865AT   30  135    8
EMAX,EAVG,ECONT-0.16524E+00 0.11782E-01 0.13220E-01 FLOW 0.88876E+02STEP  870AT   30  135    7
EMAX,EAVG,ECONT-0.16124E+00 0.11698E-01 0.12595E-01 FLOW 0.88870E+02STEP  875AT   30  135    7
EMAX,EAVG,ECONT-0.15502E+00 0.11608E-01 0.11930E-01 FLOW 0.88864E+02STEP  880AT   30  135    6
EMAX,EAVG,ECONT-0.14538E+00 0.11510E-01 0.11240E-01 FLOW 0.88857E+02STEP  885AT   30  135    6
EMAX,EAVG,ECONT-0.13279E+00 0.11397E-01 0.10765E-01 FLOW 0.88850E+02STEP  890AT   30  135    5
EMAX,EAVG,ECONT-0.12716E+00 0.11269E-01 0.10622E-01 FLOW 0.88842E+02STEP  895AT    1  133   27
EMAX,EAVG,ECONT-0.12871E+00 0.11126E-01 0.10451E-01 FLOW 0.88834E+02STEP  900AT    1  133   27
EMAX,EAVG,ECONT-0.12973E+00 0.10973E-01 0.10245E-01 FLOW 0.88826E+02STEP  905AT    1  133   27
EMAX,EAVG,ECONT-0.13037E+00 0.10813E-01 0.10009E-01 FLOW 0.88817E+02STEP  910AT    1  133   27
EMAX,EAVG,ECONT-0.13056E+00 0.10650E-01 0.97388E-02 FLOW 0.88809E+02STEP  915AT    1  133   27
EMAX,EAVG,ECONT-0.13018E+00 0.10486E-01 0.94348E-02 FLOW 0.88800E+02STEP  920AT    1  133   27
EMAX,EAVG,ECONT-0.12905E+00 0.10328E-01 0.90955E-02 FLOW 0.88791E+02STEP  925AT    1  133   27
EMAX,EAVG,ECONT-0.12696E+00 0.10179E-01 0.87230E-02 FLOW 0.88781E+02STEP  930AT    1  133   27
EMAX,EAVG,ECONT 0.12726E+00 0.10042E-01 0.83213E-02 FLOW 0.88772E+02STEP  935AT    1  135   25
EMAX,EAVG,ECONT 0.13287E+00 0.99197E-02 0.78915E-02 FLOW 0.88762E+02STEP  940AT    1  135   25
EMAX,EAVG,ECONT 0.13792E+00 0.98136E-02 0.74333E-02 FLOW 0.88752E+02STEP  945AT    1  135   25
EMAX,EAVG,ECONT 0.14217E+00 0.97220E-02 0.69549E-02 FLOW 0.88742E+02STEP  950AT    1  135   25
EMAX,EAVG,ECONT 0.14506E+00 0.96472E-02 0.64521E-02 FLOW 0.88732E+02STEP  955AT    1  135   25
EMAX,EAVG,ECONT 0.14588E+00 0.95901E-02 0.60995E-02 FLOW 0.88722E+02STEP  960AT    1  135   25
EMAX,EAVG,ECONT 0.14631E+00 0.95472E-02 0.58855E-02 FLOW 0.88711E+02STEP  965AT    3  134   22
EMAX,EAVG,ECONT 0.14660E+00 0.95153E-02 0.56061E-02 FLOW 0.88701E+02STEP  970AT    3  134   22
EMAX,EAVG,ECONT 0.14713E+00 0.94911E-02 0.52682E-02 FLOW 0.88690E+02STEP  975AT    3  134   26
EMAX,EAVG,ECONT 0.15687E+00 0.94736E-02 0.48725E-02 FLOW 0.88680E+02STEP  980AT    2  134   27
EMAX,EAVG,ECONT 0.15661E+00 0.94588E-02 0.44268E-02 FLOW 0.88669E+02STEP  985AT    2  134   27
EMAX,EAVG,ECONT 0.14796E+00 0.94473E-02 0.39344E-02 FLOW 0.88658E+02STEP  990AT    2  134   27
EMAX,EAVG,ECONT 0.14700E+00 0.94419E-02 0.36122E-02 FLOW 0.88648E+02STEP  995AT    1  135   19
EMAX,EAVG,ECONT 0.14512E+00 0.94409E-02 0.42013E-02 FLOW 0.88638E+02STEP 1000AT    1  135   19
EMAX,EAVG,ECONT 0.14197E+00 0.93970E-02 0.47562E-02 FLOW 0.88628E+02STEP 1005AT    1  135   19
EMAX,EAVG,ECONT-0.15293E+00 0.93529E-02 0.53004E-02 FLOW 0.88618E+02STEP 1010AT    1  135   24
EMAX,EAVG,ECONT-0.15764E+00 0.93043E-02 0.58044E-02 FLOW 0.88608E+02STEP 1015AT    1  135   24
EMAX,EAVG,ECONT-0.15307E+00 0.92463E-02 0.62674E-02 FLOW 0.88599E+02STEP 1020AT    1  135   24
EMAX,EAVG,ECONT-0.13881E+00 0.91781E-02 0.66882E-02 FLOW 0.88590E+02STEP 1025AT    1  135   25
EMAX,EAVG,ECONT 0.13047E+00 0.91008E-02 0.70693E-02 FLOW 0.88582E+02STEP 1030AT    3  134   19
EMAX,EAVG,ECONT 0.12498E+00 0.90152E-02 0.74458E-02 FLOW 0.88574E+02STEP 1035AT    3  134   19
EMAX,EAVG,ECONT 0.12758E+00 0.89227E-02 0.77987E-02 FLOW 0.88567E+02STEP 1040AT    1  134   23
EMAX,EAVG,ECONT 0.14708E+00 0.88261E-02 0.81203E-02 FLOW 0.88561E+02STEP 1045AT    1  135   23
EMAX,EAVG,ECONT 0.15707E+00 0.87303E-02 0.84070E-02 FLOW 0.88555E+02STEP 1050AT    1  135   23
EMAX,EAVG,ECONT 0.15881E+00 0.86371E-02 0.86933E-02 FLOW 0.88549E+02STEP 1055AT    1  135   24
EMAX,EAVG,ECONT 0.15248E+00 0.85476E-02 0.90055E-02 FLOW 0.88543E+02STEP 1060AT    1  135   24
EMAX,EAVG,ECONT 0.13366E+00 0.84639E-02 0.92877E-02 FLOW 0.88538E+02STEP 1065AT    1  135   24
EMAX,EAVG,ECONT-0.12193E+00 0.83859E-02 0.95564E-02 FLOW 0.88532E+02STEP 1070AT   30   90   30
EMAX,EAVG,ECONT-0.12377E+00 0.83147E-02 0.97604E-02 FLOW 0.88526E+02STEP 1075AT   30   90   30
EMAX,EAVG,ECONT-0.12522E+00 0.82502E-02 0.99003E-02 FLOW 0.88521E+02STEP 1080AT   30   90   30
EMAX,EAVG,ECONT-0.12626E+00 0.81857E-02 0.99717E-02 FLOW 0.88515E+02STEP 1085AT   30   90   30
EMAX,EAVG,ECONT-0.12686E+00 0.81218E-02 0.10021E-01 FLOW 0.88509E+02STEP 1090AT   30   90   30
EMAX,EAVG,ECONT-0.12712E+00 0.80596E-02 0.10024E-01 FLOW 0.88503E+02STEP 1095AT   30   90   30
EMAX,EAVG,ECONT-0.12725E+00 0.80000E-02 0.10066E-01 FLOW 0.88497E+02STEP 1100AT   30   90   30
EMAX,EAVG,ECONT-0.12735E+00 0.79405E-02 0.10064E-01 FLOW 0.88490E+02STEP 1105AT   30   90   30
EMAX,EAVG,ECONT-0.12803E+00 0.78814E-02 0.10001E-01 FLOW 0.88484E+02STEP 1110AT   29   90   30
EMAX,EAVG,ECONT-0.12991E+00 0.78226E-02 0.98799E-02 FLOW 0.88477E+02STEP 1115AT   29   90   30
EMAX,EAVG,ECONT-0.13074E+00 0.77649E-02 0.97010E-02 FLOW 0.88471E+02STEP 1120AT   29   90   30
EMAX,EAVG,ECONT-0.13059E+00 0.77096E-02 0.94702E-02 FLOW 0.88464E+02STEP 1125AT   29   90   30
EMAX,EAVG,ECONT-0.12939E+00 0.76583E-02 0.92199E-02 FLOW 0.88458E+02STEP 1130AT   29   90   30
EMAX,EAVG,ECONT-0.12747E+00 0.76098E-02 0.89258E-02 FLOW 0.88452E+02STEP 1135AT   29   90   30
EMAX,EAVG,ECONT-0.12547E+00 0.75649E-02 0.86496E-02 FLOW 0.88446E+02STEP 1140AT   30   89   30
EMAX,EAVG,ECONT-0.12400E+00 0.75228E-02 0.83517E-02 FLOW 0.88440E+02STEP 1145AT   30   89   30
EMAX,EAVG,ECONT-0.12241E+00 0.74854E-02 0.80160E-02 FLOW 0.88435E+02STEP 1150AT   30   89   30
EMAX,EAVG,ECONT 0.12372E+00 0.74500E-02 0.76448E-02 FLOW 0.88430E+02STEP 1155AT   26   85   27
EMAX,EAVG,ECONT 0.12649E+00 0.74116E-02 0.73771E-02 FLOW 0.88426E+02STEP 1160AT   26   85   27
EMAX,EAVG,ECONT 0.12949E+00 0.73689E-02 0.70833E-02 FLOW 0.88422E+02STEP 1165AT   26   85   27
EMAX,EAVG,ECONT 0.13219E+00 0.73234E-02 0.67545E-02 FLOW 0.88419E+02STEP 1170AT   26   85   27
EMAX,EAVG,ECONT 0.13429E+00 0.72747E-02 0.64335E-02 FLOW 0.88416E+02STEP 1175AT   26   85   27
EMAX,EAVG,ECONT 0.13583E+00 0.72214E-02 0.60884E-02 FLOW 0.88414E+02STEP 1180AT   26   85   27
EMAX,EAVG,ECONT 0.13825E+00 0.71655E-02 0.57089E-02 FLOW 0.88413E+02STEP 1185AT   26   85   26
EMAX,EAVG,ECONT 0.14080E+00 0.71082E-02 0.54585E-02 FLOW 0.88412E+02STEP 1190AT   26   85   26
EMAX,EAVG,ECONT 0.14315E+00 0.70494E-02 0.53724E-02 FLOW 0.88411E+02STEP 1195AT   26   85   26
EMAX,EAVG,ECONT 0.14542E+00 0.69880E-02 0.52693E-02 FLOW 0.88411E+02STEP 1200AT   26   85   26
EMAX,EAVG,ECONT 0.14762E+00 0.69251E-02 0.51467E-02 FLOW 0.88411E+02STEP 1205AT   26   85   26
EMAX,EAVG,ECONT 0.14967E+00 0.68638E-02 0.50021E-02 FLOW 0.88413E+02STEP 1210AT   26   85   26
EMAX,EAVG,ECONT 0.15058E+00 0.68039E-02 0.48393E-02 FLOW 0.88414E+02STEP 1215AT   26   85   26
EMAX,EAVG,ECONT 0.15217E+00 0.67444E-02 0.46540E-02 FLOW 0.88415E+02STEP 1220AT   26   85   26
EMAX,EAVG,ECONT 0.15415E+00 0.66846E-02 0.44458E-02 FLOW 0.88418E+02STEP 1225AT   26   85   26
EMAX,EAVG,ECONT 0.15613E+00 0.66241E-02 0.42162E-02 FLOW 0.88420E+02STEP 1230AT   26   85   26
EMAX,EAVG,ECONT 0.15797E+00 0.65647E-02 0.39645E-02 FLOW 0.88423E+02STEP 1235AT   26   85   26
EMAX,EAVG,ECONT 0.15940E+00 0.65074E-02 0.36941E-02 FLOW 0.88426E+02STEP 1240AT   26   85   26
EMAX,EAVG,ECONT 0.16052E+00 0.64555E-02 0.34013E-02 FLOW 0.88429E+02STEP 1245AT   26   85   26
EMAX,EAVG,ECONT 0.16125E+00 0.64071E-02 0.31989E-02 FLOW 0.88432E+02STEP 1250AT   26   85   26
EMAX,EAVG,ECONT 0.16165E+00 0.63611E-02 0.32008E-02 FLOW 0.88436E+02STEP 1255AT   26   85   26
EMAX,EAVG,ECONT 0.16162E+00 0.63177E-02 0.35100E-02 FLOW 0.88439E+02STEP 1260AT   26   85   26
EMAX,EAVG,ECONT 0.16118E+00 0.62760E-02 0.37828E-02 FLOW 0.88443E+02STEP 1265AT   26   85   26
EMAX,EAVG,ECONT 0.16020E+00 0.62327E-02 0.40531E-02 FLOW 0.88447E+02STEP 1270AT   26   85   26
EMAX,EAVG,ECONT 0.15862E+00 0.61875E-02 0.43058E-02 FLOW 0.88451E+02STEP 1275AT   26   85   26
EMAX,EAVG,ECONT 0.15647E+00 0.61408E-02 0.45852E-02 FLOW 0.88455E+02STEP 1280AT   26   85   26
EMAX,EAVG,ECONT 0.15192E+00 0.60932E-02 0.48777E-02 FLOW 0.88459E+02STEP 1285AT   26   85   26
EMAX,EAVG,ECONT 0.15063E+00 0.60425E-02 0.51931E-02 FLOW 0.88463E+02STEP 1290AT   26   85   25
EMAX,EAVG,ECONT 0.15182E+00 0.59900E-02 0.54707E-02 FLOW 0.88467E+02STEP 1295AT   26   85   25
EMAX,EAVG,ECONT 0.15313E+00 0.59382E-02 0.57131E-02 FLOW 0.88470E+02STEP 1300AT   26   85   25
EMAX,EAVG,ECONT 0.15428E+00 0.58879E-02 0.59404E-02 FLOW 0.88474E+02STEP 1305AT   26   85   25
EMAX,EAVG,ECONT 0.15518E+00 0.58387E-02 0.61516E-02 FLOW 0.88478E+02STEP 1310AT   26   85   25
EMAX,EAVG,ECONT 0.15565E+00 0.57938E-02 0.63255E-02 FLOW 0.88481E+02STEP 1315AT   26   85   25
EMAX,EAVG,ECONT 0.15590E+00 0.57544E-02 0.64662E-02 FLOW 0.88484E+02STEP 1320AT   26   85   25
EMAX,EAVG,ECONT 0.15585E+00 0.57206E-02 0.66401E-02 FLOW 0.88487E+02STEP 1325AT   26   85   25
EMAX,EAVG,ECONT 0.15577E+00 0.56906E-02 0.69032E-02 FLOW 0.88490E+02STEP 1330AT   26   85   25
EMAX,EAVG,ECONT 0.15577E+00 0.56644E-02 0.71447E-02 FLOW 0.88493E+02STEP 1335AT   26   85   25
EMAX,EAVG,ECONT 0.15529E+00 0.56388E-02 0.73624E-02 FLOW 0.88496E+02STEP 1340AT   26   85   25
EMAX,EAVG,ECONT-0.15163E+00 0.56103E-02 0.75593E-02 FLOW 0.88498E+02STEP 1345AT    1  135   27
EMAX,EAVG,ECONT-0.15023E+00 0.55790E-02 0.77308E-02 FLOW 0.88500E+02STEP 1350AT    1  135   27
EMAX,EAVG,ECONT-0.14712E+00 0.55450E-02 0.78779E-02 FLOW 0.88502E+02STEP 1355AT    1  135   27
EMAX,EAVG,ECONT-0.29974E+00 0.55153E-02 0.79992E-02 FLOW 0.88503E+02STEP 1360AT   25   83   25
EMAX,EAVG,ECONT-0.37732E+00 0.54732E-02 0.80940E-02 FLOW 0.88505E+02STEP 1365AT   26   84   27
EMAX,EAVG,ECONT-0.36155E+00 0.54249E-02 0.81604E-02 FLOW 0.88506E+02STEP 1370AT   26   84   27
EMAX,EAVG,ECONT-0.32398E+00 0.53717E-02 0.81999E-02 FLOW 0.88507E+02STEP 1375AT   26   84   27
EMAX,EAVG,ECONT-0.27468E+00 0.53164E-02 0.82122E-02 FLOW 0.88507E+02STEP 1380AT   26   84   27
EMAX,EAVG,ECONT-0.23549E+00 0.52591E-02 0.82132E-02 FLOW 0.88507E+02STEP 1385AT   26   84   27
EMAX,EAVG,ECONT-0.20327E+00 0.52011E-02 0.81925E-02 FLOW 0.88507E+02STEP 1390AT   26   84   27
EMAX,EAVG,ECONT-0.17476E+00 0.51417E-02 0.81465E-02 FLOW 0.88506E+02STEP 1395AT   26   84   27
EMAX,EAVG,ECONT-0.15254E+00 0.50795E-02 0.80740E-02 FLOW 0.88505E+02STEP 1400AT   26   84   27
EMAX,EAVG,ECONT 0.14203E+00 0.50115E-02 0.79772E-02 FLOW 0.88504E+02STEP 1405AT   30   87   26
EMAX,EAVG,ECONT 0.13988E+00 0.49395E-02 0.78574E-02 FLOW 0.88503E+02STEP 1410AT   30   87   26
EMAX,EAVG,ECONT 0.13836E+00 0.48634E-02 0.77205E-02 FLOW 0.88501E+02STEP 1415AT   30   87   25
EMAX,EAVG,ECONT 0.13830E+00 0.47874E-02 0.75643E-02 FLOW 0.88499E+02STEP 1420AT   30   87   25
EMAX,EAVG,ECONT 0.13971E+00 0.47113E-02 0.73933E-02 FLOW 0.88496E+02STEP 1425AT   30   88   26
EMAX,EAVG,ECONT 0.14170E+00 0.46404E-02 0.72083E-02 FLOW 0.88493E+02STEP 1430AT   30   88   26
EMAX,EAVG,ECONT 0.14274E+00 0.45713E-02 0.70141E-02 FLOW 0.88490E+02STEP 1435AT   30   88   26
EMAX,EAVG,ECONT 0.14307E+00 0.45074E-02 0.68089E-02 FLOW 0.88487E+02STEP 1440AT   30   88   26
EMAX,EAVG,ECONT 0.14297E+00 0.44468E-02 0.65979E-02 FLOW 0.88483E+02STEP 1445AT   30   88   26
EMAX,EAVG,ECONT 0.14277E+00 0.43895E-02 0.63809E-02 FLOW 0.88479E+02STEP 1450AT   30   88   26
EMAX,EAVG,ECONT 0.14265E+00 0.43353E-02 0.61601E-02 FLOW 0.88474E+02STEP 1455AT   30   88   26
EMAX,EAVG,ECONT 0.14265E+00 0.42825E-02 0.59383E-02 FLOW 0.88470E+02STEP 1460AT   30   88   26
EMAX,EAVG,ECONT 0.14254E+00 0.42283E-02 0.57156E-02 FLOW 0.88464E+02STEP 1465AT   30   88   26
EMAX,EAVG,ECONT 0.14202E+00 0.41736E-02 0.54941E-02 FLOW 0.88459E+02STEP 1470AT   30   88   26
EMAX,EAVG,ECONT 0.14073E+00 0.41187E-02 0.52748E-02 FLOW 0.88454E+02STEP 1475AT   30   88   26
EMAX,EAVG,ECONT 0.13843E+00 0.40664E-02 0.50592E-02 FLOW 0.88448E+02STEP 1480AT   30   88   26
EMAX,EAVG,ECONT 0.13523E+00 0.40158E-02 0.48491E-02 FLOW 0.88442E+02STEP 1485AT   30   88   26
EMAX,EAVG,ECONT 0.13133E+00 0.39666E-02 0.46417E-02 FLOW 0.88435E+02STEP 1490AT   30   88   26
EMAX,EAVG,ECONT 0.12704E+00 0.39177E-02 0.44417E-02 FLOW 0.88429E+02STEP 1495AT   30   88   26
EMAX,EAVG,ECONT 0.12666E+00 0.38713E-02 0.42456E-02 FLOW 0.88422E+02STEP 1500AT   26   86   26
EMAX,EAVG,ECONT 0.12616E+00 0.38267E-02 0.40603E-02 FLOW 0.88416E+02STEP 1505AT   26   86   26
EMAX,EAVG,ECONT 0.12475E+00 0.37833E-02 0.38790E-02 FLOW 0.88409E+02STEP 1510AT   26   86   26
EMAX,EAVG,ECONT 0.12280E+00 0.37416E-02 0.37045E-02 FLOW 0.88402E+02STEP 1515AT   26   86   26
EMAX,EAVG,ECONT 0.12064E+00 0.37040E-02 0.35381E-02 FLOW 0.88395E+02STEP 1520AT   26   86   26
EMAX,EAVG,ECONT 0.11850E+00 0.36670E-02 0.33783E-02 FLOW 0.88388E+02STEP 1525AT   26   86   26
EMAX,EAVG,ECONT 0.11653E+00 0.36276E-02 0.32609E-02 FLOW 0.88381E+02STEP 1530AT   26   86   26
EMAX,EAVG,ECONT 0.11474E+00 0.35861E-02 0.32517E-02 FLOW 0.88374E+02STEP 1535AT   26   86   26
EMAX,EAVG,ECONT 0.11310E+00 0.35439E-02 0.32427E-02 FLOW 0.88367E+02STEP 1540AT   26   86   26
EMAX,EAVG,ECONT 0.11157E+00 0.35028E-02 0.32327E-02 FLOW 0.88360E+02STEP 1545AT   26   86   26
EMAX,EAVG,ECONT 0.10996E+00 0.34622E-02 0.32238E-02 FLOW 0.88353E+02STEP 1550AT   26   86   26
EMAX,EAVG,ECONT 0.10781E+00 0.34206E-02 0.32133E-02 FLOW 0.88346E+02STEP 1555AT   26   86   26
EMAX,EAVG,ECONT 0.10582E+00 0.33784E-02 0.32031E-02 FLOW 0.88340E+02STEP 1560AT   26   86   26
EMAX,EAVG,ECONT 0.10393E+00 0.33372E-02 0.31920E-02 FLOW 0.88333E+02STEP 1565AT   26   86   26
EMAX,EAVG,ECONT 0.10212E+00 0.32969E-02 0.31810E-02 FLOW 0.88327E+02STEP 1570AT   26   86   26
EMAX,EAVG,ECONT 0.10029E+00 0.32583E-02 0.31687E-02 FLOW 0.88321E+02STEP 1575AT   26   86   26
EMAX,EAVG,ECONT 0.98545E-01 0.32198E-02 0.31569E-02 FLOW 0.88314E+02STEP 1580AT   26   86   26
EMAX,EAVG,ECONT 0.97148E-01 0.31812E-02 0.31496E-02 FLOW 0.88309E+02STEP 1585AT   26   86   26
EMAX,EAVG,ECONT 0.96116E-01 0.31432E-02 0.32443E-02 FLOW 0.88303E+02STEP 1590AT   26   86   26
EMAX,EAVG,ECONT 0.95473E-01 0.31077E-02 0.33202E-02 FLOW 0.88298E+02STEP 1595AT   30   88   30
EMAX,EAVG,ECONT 0.97216E-01 0.30735E-02 0.33847E-02 FLOW 0.88292E+02STEP 1600AT   30   88   30
EMAX,EAVG,ECONT 0.98983E-01 0.30404E-02 0.34474E-02 FLOW 0.88287E+02STEP 1605AT   30   88   30
EMAX,EAVG,ECONT 0.10079E+00 0.30075E-02 0.34943E-02 FLOW 0.88283E+02STEP 1610AT   30   88   30
EMAX,EAVG,ECONT 0.10263E+00 0.29744E-02 0.35274E-02 FLOW 0.88278E+02STEP 1615AT   30   88   30
EMAX,EAVG,ECONT 0.10449E+00 0.29429E-02 0.35461E-02 FLOW 0.88274E+02STEP 1620AT   30   88   30
EMAX,EAVG,ECONT 0.10634E+00 0.29129E-02 0.35474E-02 FLOW 0.88270E+02STEP 1625AT   30   88   30
EMAX,EAVG,ECONT 0.10815E+00 0.28842E-02 0.35394E-02 FLOW 0.88266E+02STEP 1630AT   30   88   30
EMAX,EAVG,ECONT 0.10986E+00 0.28588E-02 0.35193E-02 FLOW 0.88262E+02STEP 1635AT   30   88   30
EMAX,EAVG,ECONT 0.11144E+00 0.28364E-02 0.34851E-02 FLOW 0.88259E+02STEP 1640AT   30   88   30
EMAX,EAVG,ECONT 0.11287E+00 0.28163E-02 0.34556E-02 FLOW 0.88256E+02STEP 1645AT   30   88   30
EMAX,EAVG,ECONT 0.11417E+00 0.27975E-02 0.34529E-02 FLOW 0.88253E+02STEP 1650AT   30   88   30
EMAX,EAVG,ECONT 0.11532E+00 0.27784E-02 0.34294E-02 FLOW 0.88251E+02STEP 1655AT   30   88   30
EMAX,EAVG,ECONT 0.11632E+00 0.27594E-02 0.33869E-02 FLOW 0.88248E+02STEP 1660AT   30   88   30
EMAX,EAVG,ECONT 0.11716E+00 0.27406E-02 0.34072E-02 FLOW 0.88246E+02STEP 1665AT   30   88   30
EMAX,EAVG,ECONT 0.11787E+00 0.27228E-02 0.34287E-02 FLOW 0.88244E+02STEP 1670AT   30   88   30
EMAX,EAVG,ECONT 0.11848E+00 0.27045E-02 0.34431E-02 FLOW 0.88243E+02STEP 1675AT   30   88   30
EMAX,EAVG,ECONT 0.11899E+00 0.26859E-02 0.34454E-02 FLOW 0.88241E+02STEP 1680AT   30   88   30
EMAX,EAVG,ECONT 0.11941E+00 0.26678E-02 0.34391E-02 FLOW 0.88240E+02STEP 1685AT   30   88   30
EMAX,EAVG,ECONT 0.11973E+00 0.26518E-02 0.34231E-02 FLOW 0.88239E+02STEP 1690AT   30   88   30
EMAX,EAVG,ECONT 0.11995E+00 0.26377E-02 0.33962E-02 FLOW 0.88238E+02STEP 1695AT   30   88   30
EMAX,EAVG,ECONT 0.12010E+00 0.26242E-02 0.33598E-02 FLOW 0.88237E+02STEP 1700AT   30   88   30
EMAX,EAVG,ECONT 0.12020E+00 0.26128E-02 0.33123E-02 FLOW 0.88236E+02STEP 1705AT   30   88   30
EMAX,EAVG,ECONT 0.12024E+00 0.25998E-02 0.32547E-02 FLOW 0.88236E+02STEP 1710AT   30   88   30
EMAX,EAVG,ECONT 0.12018E+00 0.25853E-02 0.31873E-02 FLOW 0.88236E+02STEP 1715AT   30   88   30
EMAX,EAVG,ECONT 0.11997E+00 0.25715E-02 0.31099E-02 FLOW 0.88235E+02STEP 1720AT   30   88   30
EMAX,EAVG,ECONT 0.11960E+00 0.25566E-02 0.30229E-02 FLOW 0.88235E+02STEP 1725AT   30   88   30
EMAX,EAVG,ECONT 0.11908E+00 0.25407E-02 0.29693E-02 FLOW 0.88235E+02STEP 1730AT   30   88   30
EMAX,EAVG,ECONT 0.11844E+00 0.25232E-02 0.29702E-02 FLOW 0.88235E+02STEP 1735AT   30   88   30
EMAX,EAVG,ECONT 0.11770E+00 0.25054E-02 0.29716E-02 FLOW 0.88236E+02STEP 1740AT   30   88   30
EMAX,EAVG,ECONT 0.11691E+00 0.24896E-02 0.29743E-02 FLOW 0.88236E+02STEP 1745AT   30   88   30
EMAX,EAVG,ECONT 0.11610E+00 0.24744E-02 0.29750E-02 FLOW 0.88236E+02STEP 1750AT   30   88   30
EMAX,EAVG,ECONT 0.11530E+00 0.24599E-02 0.29792E-02 FLOW 0.88237E+02STEP 1755AT   30   88   30
EMAX,EAVG,ECONT 0.11450E+00 0.24443E-02 0.29811E-02 FLOW 0.88237E+02STEP 1760AT   30   88   30
EMAX,EAVG,ECONT 0.11366E+00 0.24271E-02 0.29832E-02 FLOW 0.88238E+02STEP 1765AT   30   88   30
EMAX,EAVG,ECONT 0.11273E+00 0.24084E-02 0.29856E-02 FLOW 0.88238E+02STEP 1770AT   30   88   30
EMAX,EAVG,ECONT 0.11157E+00 0.23885E-02 0.29882E-02 FLOW 0.88239E+02STEP 1775AT   30   88   30
EMAX,EAVG,ECONT 0.10995E+00 0.23673E-02 0.29915E-02 FLOW 0.88239E+02STEP 1780AT   30   88   30
EMAX,EAVG,ECONT 0.10797E+00 0.23448E-02 0.29957E-02 FLOW 0.88240E+02STEP 1785AT   30   88   30
EMAX,EAVG,ECONT 0.10629E+00 0.23215E-02 0.29975E-02 FLOW 0.88240E+02STEP 1790AT   30   88   30
EMAX,EAVG,ECONT 0.10473E+00 0.22974E-02 0.31441E-02 FLOW 0.88241E+02STEP 1795AT   30   88   30
EMAX,EAVG,ECONT 0.10321E+00 0.22729E-02 0.33001E-02 FLOW 0.88241E+02STEP 1800AT   30   88   30
EMAX,EAVG,ECONT 0.10172E+00 0.22491E-02 0.34554E-02 FLOW 0.88242E+02STEP 1805AT   30   88   30
EMAX,EAVG,ECONT 0.10026E+00 0.22252E-02 0.36067E-02 FLOW 0.88242E+02STEP 1810AT   30   88   30
EMAX,EAVG,ECONT 0.98848E-01 0.22006E-02 0.37543E-02 FLOW 0.88243E+02STEP 1815AT   30   88   30
EMAX,EAVG,ECONT 0.97496E-01 0.21764E-02 0.38975E-02 FLOW 0.88243E+02STEP 1820AT   30   88   30
EMAX,EAVG,ECONT 0.97348E-01 0.21528E-02 0.40355E-02 FLOW 0.88243E+02STEP 1825AT   28   89   30
EMAX,EAVG,ECONT 0.97932E-01 0.21280E-02 0.41664E-02 FLOW 0.88244E+02STEP 1830AT   28   89   30
EMAX,EAVG,ECONT 0.98792E-01 0.21023E-02 0.42930E-02 FLOW 0.88244E+02STEP 1835AT   28   89   30
EMAX,EAVG,ECONT 0.99876E-01 0.20760E-02 0.44119E-02 FLOW 0.88244E+02STEP 1840AT   28   89   30
EMAX,EAVG,ECONT 0.10112E+00 0.20499E-02 0.45241E-02 FLOW 0.88244E+02STEP 1845AT   28   89   30
EMAX,EAVG,ECONT 0.10247E+00 0.20241E-02 0.46276E-02 FLOW 0.88244E+02STEP 1850AT   28   89   30
EMAX,EAVG,ECONT 0.10379E+00 0.19984E-02 0.47254E-02 FLOW 0.88244E+02STEP 1855AT   28   89   30
EMAX,EAVG,ECONT 0.10498E+00 0.19725E-02 0.48145E-02 FLOW 0.88244E+02STEP 1860AT   28   89   30
EMAX,EAVG,ECONT 0.10586E+00 0.19464E-02 0.48954E-02 FLOW 0.88243E+02STEP 1865AT   28   89   30
EMAX,EAVG,ECONT 0.10640E+00 0.19190E-02 0.49658E-02 FLOW 0.88243E+02STEP 1870AT   28   89   30
EMAX,EAVG,ECONT 0.10647E+00 0.18915E-02 0.50301E-02 FLOW 0.88243E+02STEP 1875AT   28   89   30
EMAX,EAVG,ECONT 0.10599E+00 0.18637E-02 0.50837E-02 FLOW 0.88242E+02STEP 1880AT   28   89   30
EMAX,EAVG,ECONT 0.10495E+00 0.18355E-02 0.51305E-02 FLOW 0.88241E+02STEP 1885AT   28   89   30
EMAX,EAVG,ECONT 0.10345E+00 0.18071E-02 0.51672E-02 FLOW 0.88240E+02STEP 1890AT   28   89   30
EMAX,EAVG,ECONT 0.10171E+00 0.17799E-02 0.51981E-02 FLOW 0.88240E+02STEP 1895AT   28   89   30
EMAX,EAVG,ECONT 0.99965E-01 0.17520E-02 0.52179E-02 FLOW 0.88239E+02STEP 1900AT   28   89   30
EMAX,EAVG,ECONT 0.98441E-01 0.17248E-02 0.52323E-02 FLOW 0.88238E+02STEP 1905AT   28   89   30
EMAX,EAVG,ECONT 0.97208E-01 0.16974E-02 0.52380E-02 FLOW 0.88236E+02STEP 1910AT   28   89   30
EMAX,EAVG,ECONT 0.96178E-01 0.16706E-02 0.52369E-02 FLOW 0.88235E+02STEP 1915AT   28   89   30
EMAX,EAVG,ECONT 0.95241E-01 0.16444E-02 0.52278E-02 FLOW 0.88233E+02STEP 1920AT   28   89   30
EMAX,EAVG,ECONT 0.94514E-01 0.16189E-02 0.52142E-02 FLOW 0.88232E+02STEP 1925AT   28   89   30
EMAX,EAVG,ECONT 0.94204E-01 0.15961E-02 0.51929E-02 FLOW 0.88230E+02STEP 1930AT   28   89   30
EMAX,EAVG,ECONT 0.93896E-01 0.15749E-02 0.51671E-02 FLOW 0.88229E+02STEP 1935AT   28   89   30
EMAX,EAVG,ECONT 0.93426E-01 0.15541E-02 0.51368E-02 FLOW 0.88227E+02STEP 1940AT   28   89   30
EMAX,EAVG,ECONT 0.92757E-01 0.15337E-02 0.51016E-02 FLOW 0.88225E+02STEP 1945AT   28   89   30
EMAX,EAVG,ECONT 0.91952E-01 0.15136E-02 0.50634E-02 FLOW 0.88223E+02STEP 1950AT   28   89   30
EMAX,EAVG,ECONT 0.91082E-01 0.14951E-02 0.50215E-02 FLOW 0.88220E+02STEP 1955AT   28   89   30
EMAX,EAVG,ECONT 0.90168E-01 0.14779E-02 0.49762E-02 FLOW 0.88218E+02STEP 1960AT   28   89   30
EMAX,EAVG,ECONT 0.89023E-01 0.14614E-02 0.49284E-02 FLOW 0.88216E+02STEP 1965AT   28   89   30
EMAX,EAVG,ECONT 0.87510E-01 0.14453E-02 0.48786E-02 FLOW 0.88214E+02STEP 1970AT   28   89   30
EMAX,EAVG,ECONT 0.85649E-01 0.14296E-02 0.48268E-02 FLOW 0.88211E+02STEP 1975AT   28   89   30
EMAX,EAVG,ECONT 0.85773E-01 0.14141E-02 0.47737E-02 FLOW 0.88209E+02STEP 1980AT   27   90   30
EMAX,EAVG,ECONT 0.86580E-01 0.13997E-02 0.47175E-02 FLOW 0.88206E+02STEP 1985AT   27   90   30
EMAX,EAVG,ECONT 0.88427E-01 0.13858E-02 0.46608E-02 FLOW 0.88203E+02STEP 1990AT   27   90   30
EMAX,EAVG,ECONT 0.90954E-01 0.13721E-02 0.46036E-02 FLOW 0.88201E+02STEP 1995AT   27   90   30
EMAX,EAVG,ECONT 0.93428E-01 0.13586E-02 0.45448E-02 FLOW 0.88198E+02STEP 2000AT   27   90   30
EMAX,EAVG,ECONT 0.95292E-01 0.13452E-02 0.44838E-02 FLOW 0.88195E+02STEP 2005AT   27   90   30
EMAX,EAVG,ECONT 0.96311E-01 0.13314E-02 0.44236E-02 FLOW 0.88192E+02STEP 2010AT   27   90   30
EMAX,EAVG,ECONT 0.96590E-01 0.13168E-02 0.43621E-02 FLOW 0.88189E+02STEP 2015AT   27   90   30
EMAX,EAVG,ECONT 0.96342E-01 0.13015E-02 0.42999E-02 FLOW 0.88186E+02STEP 2020AT   27   90   30
EMAX,EAVG,ECONT 0.95811E-01 0.12855E-02 0.42387E-02 FLOW 0.88183E+02STEP 2025AT   27   90   30
EMAX,EAVG,ECONT 0.95136E-01 0.12703E-02 0.41755E-02 FLOW 0.88181E+02STEP 2030AT   27   90   30
EMAX,EAVG,ECONT 0.94387E-01 0.12558E-02 0.41119E-02 FLOW 0.88178E+02STEP 2035AT   27   90   30
EMAX,EAVG,ECONT 0.93638E-01 0.12412E-02 0.40489E-02 FLOW 0.88175E+02STEP 2040AT   27   90   30
EMAX,EAVG,ECONT 0.92920E-01 0.12263E-02 0.39858E-02 FLOW 0.88172E+02STEP 2045AT   27   90   30
EMAX,EAVG,ECONT 0.92328E-01 0.12121E-02 0.39211E-02 FLOW 0.88169E+02STEP 2050AT   27   90   30
EMAX,EAVG,ECONT 0.91994E-01 0.11987E-02 0.38592E-02 FLOW 0.88167E+02STEP 2055AT   27   90   30
EMAX,EAVG,ECONT 0.92016E-01 0.11857E-02 0.37965E-02 FLOW 0.88164E+02STEP 2060AT   27   90   30
EMAX,EAVG,ECONT 0.92569E-01 0.11730E-02 0.37332E-02 FLOW 0.88161E+02STEP 2065AT   27   90   30
EMAX,EAVG,ECONT 0.93476E-01 0.11606E-02 0.36715E-02 FLOW 0.88159E+02STEP 2070AT   27   90   30
EMAX,EAVG,ECONT 0.94376E-01 0.11486E-02 0.36100E-02 FLOW 0.88156E+02STEP 2075AT   27   90   30
EMAX,EAVG,ECONT 0.95169E-01 0.11369E-02 0.35480E-02 FLOW 0.88154E+02STEP 2080AT   27   90   30
EMAX,EAVG,ECONT 0.95942E-01 0.11253E-02 0.34870E-02 FLOW 0.88151E+02STEP 2085AT   27   90   30
EMAX,EAVG,ECONT 0.96509E-01 0.11130E-02 0.34277E-02 FLOW 0.88149E+02STEP 2090AT   27   90   30
EMAX,EAVG,ECONT 0.97538E-01 0.11000E-02 0.33666E-02 FLOW 0.88147E+02STEP 2095AT   27   91   30
EMAX,EAVG,ECONT 0.99204E-01 0.10870E-02 0.33094E-02 FLOW 0.88145E+02STEP 2100AT   27   91   30
EMAX,EAVG,ECONT 0.99381E-01 0.10746E-02 0.32521E-02 FLOW 0.88143E+02STEP 2105AT   27   91   30
EMAX,EAVG,ECONT 0.99022E-01 0.10621E-02 0.31969E-02 FLOW 0.88141E+02STEP 2110AT   27   91   30
EMAX,EAVG,ECONT 0.98543E-01 0.10489E-02 0.31427E-02 FLOW 0.88139E+02STEP 2115AT   27   91   30
EMAX,EAVG,ECONT 0.98340E-01 0.10349E-02 0.30900E-02 FLOW 0.88137E+02STEP 2120AT   27   91   30
EMAX,EAVG,ECONT 0.98282E-01 0.10204E-02 0.30833E-02 FLOW 0.88135E+02STEP 2125AT   27   91   30
EMAX,EAVG,ECONT 0.98367E-01 0.10058E-02 0.30790E-02 FLOW 0.88134E+02STEP 2130AT   27   91   30
EMAX,EAVG,ECONT 0.98772E-01 0.99167E-03 0.30763E-02 FLOW 0.88132E+02STEP 2135AT   28   90   30
EMAX,EAVG,ECONT 0.10607E+00 0.99656E-03 0.30754E-02 FLOW 0.88132E+02STEP 2136AT   27   90   30
