EMAX,EAVG,ECONT-0.56652E+00 0.10472E+00 0.69203E-01 FLOW 0.24834E+02STEP    5AT   21  474   27
EMAX,EAVG,ECONT-0.65693E+00 0.13627E+00 0.94901E-01 FLOW 0.24733E+02STEP   10AT   21  474   27
EMAX,EAVG,ECONT-0.66667E+00 0.14680E+00 0.11581E+00 FLOW 0.24653E+02STEP   15AT   21  474   26
EMAX,EAVG,ECONT 0.68551E+00 0.13686E+00 0.14454E+00 FLOW 0.24533E+02STEP   20AT   37   28   37
EMAX,EAVG,ECONT 0.78828E+00 0.13075E+00 0.18275E+00 FLOW 0.24392E+02STEP   25AT   37   32   37
EMAX,EAVG,ECONT 0.82821E+00 0.13809E+00 0.21824E+00 FLOW 0.24264E+02STEP   30AT   37   34   21
EMAX,EAVG,ECONT 0.82043E+00 0.14767E+00 0.25296E+00 FLOW 0.24142E+02STEP   35AT   37  410   18
EMAX,EAVG,ECONT 0.71202E+00 0.15318E+00 0.28483E+00 FLOW 0.24032E+02STEP   40AT   37  316    3
EMAX,EAVG,ECONT-0.66031E+00 0.15741E+00 0.30864E+00 FLOW 0.23939E+02STEP   45AT   37  390   37
EMAX,EAVG,ECONT-0.67989E+00 0.15870E+00 0.31837E+00 FLOW 0.23867E+02STEP   50AT   37  390    1
EMAX,EAVG,ECONT-0.69675E+00 0.15581E+00 0.31371E+00 FLOW 0.23820E+02STEP   55AT   37  389   33
EMAX,EAVG,ECONT-0.74382E+00 0.14907E+00 0.30267E+00 FLOW 0.23800E+02STEP   60AT   37  389    1
EMAX,EAVG,ECONT-0.73996E+00 0.14099E+00 0.29243E+00 FLOW 0.23809E+02STEP   65AT   37  389    2
EMAX,EAVG,ECONT-0.70223E+00 0.13547E+00 0.28671E+00 FLOW 0.23847E+02STEP   70AT   37  389   11
EMAX,EAVG,ECONT-0.64424E+00 0.12919E+00 0.28559E+00 FLOW 0.23912E+02STEP   75AT   37  389   11
EMAX,EAVG,ECONT-0.56885E+00 0.12151E+00 0.28621E+00 FLOW 0.23996E+02STEP   80AT   37   38   15
EMAX,EAVG,ECONT-0.55793E+00 0.11037E+00 0.28450E+00 FLOW 0.24088E+02STEP   85AT   11   44    3
EMAX,EAVG,ECONT-0.57916E+00 0.10004E+00 0.27781E+00 FLOW 0.24175E+02STEP   90AT   11   44    3
EMAX,EAVG,ECONT-0.56128E+00 0.94827E-01 0.27716E+00 FLOW 0.24249E+02STEP   95AT   11   44    3
EMAX,EAVG,ECONT-0.53486E+00 0.94859E-01 0.29148E+00 FLOW 0.24302E+02STEP  100AT   11   44    3
EMAX,EAVG,ECONT-0.50723E+00 0.96796E-01 0.29937E+00 FLOW 0.24330E+02STEP  105AT   11   44    3
EMAX,EAVG,ECONT-0.48012E+00 0.10016E+00 0.29888E+00 FLOW 0.24335E+02STEP  110AT   10   43    1
EMAX,EAVG,ECONT-0.45446E+00 0.10459E+00 0.29336E+00 FLOW 0.24318E+02STEP  115AT   11   43    4
EMAX,EAVG,ECONT-0.43292E+00 0.10827E+00 0.28703E+00 FLOW 0.24286E+02STEP  120AT    9  460   23
EMAX,EAVG,ECONT-0.46408E+00 0.11019E+00 0.27894E+00 FLOW 0.24243E+02STEP  125AT   37   32   30
EMAX,EAVG,ECONT-0.50310E+00 0.11122E+00 0.27135E+00 FLOW 0.24196E+02STEP  130AT   37   33   24
EMAX,EAVG,ECONT 0.48541E+00 0.11012E+00 0.26451E+00 FLOW 0.24151E+02STEP  135AT    8   48    6
EMAX,EAVG,ECONT 0.48641E+00 0.10608E+00 0.25930E+00 FLOW 0.24112E+02STEP  140AT    8   48    7
EMAX,EAVG,ECONT 0.48567E+00 0.10012E+00 0.26339E+00 FLOW 0.24085E+02STEP  145AT   37   41   37
EMAX,EAVG,ECONT 0.46558E+00 0.94612E-01 0.26943E+00 FLOW 0.24068E+02STEP  150AT   37   41   33
EMAX,EAVG,ECONT-0.43014E+00 0.91835E-01 0.27817E+00 FLOW 0.24060E+02STEP  155AT   37  131   25
EMAX,EAVG,ECONT-0.41849E+00 0.92456E-01 0.28918E+00 FLOW 0.24056E+02STEP  160AT   37  131   23
EMAX,EAVG,ECONT 0.42988E+00 0.94499E-01 0.29938E+00 FLOW 0.24053E+02STEP  165AT   37   41   26
EMAX,EAVG,ECONT-0.41880E+00 0.96624E-01 0.30901E+00 FLOW 0.24045E+02STEP  170AT   30  440   24
EMAX,EAVG,ECONT-0.43215E+00 0.98274E-01 0.31385E+00 FLOW 0.24029E+02STEP  175AT   29  440   23
EMAX,EAVG,ECONT-0.43913E+00 0.98625E-01 0.31242E+00 FLOW 0.24000E+02STEP  180AT   29  440   23
EMAX,EAVG,ECONT 0.44213E+00 0.97520E-01 0.30642E+00 FLOW 0.23956E+02STEP  185AT   37  390    1
EMAX,EAVG,ECONT 0.50389E+00 0.95051E-01 0.29791E+00 FLOW 0.23895E+02STEP  190AT   37  390    1
EMAX,EAVG,ECONT 0.49456E+00 0.91174E-01 0.28838E+00 FLOW 0.23819E+02STEP  195AT   37  390    3
EMAX,EAVG,ECONT 0.47601E+00 0.86561E-01 0.27852E+00 FLOW 0.23726E+02STEP  200AT   37  202    1
EMAX,EAVG,ECONT 0.47481E+00 0.82216E-01 0.26912E+00 FLOW 0.23621E+02STEP  205AT   37  202    2
EMAX,EAVG,ECONT 0.47267E+00 0.78723E-01 0.26423E+00 FLOW 0.23504E+02STEP  210AT   37  108   37
EMAX,EAVG,ECONT 0.50123E+00 0.76533E-01 0.26382E+00 FLOW 0.23377E+02STEP  215AT   37  108   37
EMAX,EAVG,ECONT-0.51652E+00 0.75840E-01 0.25888E+00 FLOW 0.23244E+02STEP  220AT   16  380    2
EMAX,EAVG,ECONT-0.53846E+00 0.76175E-01 0.25317E+00 FLOW 0.23107E+02STEP  225AT   16  380    2
EMAX,EAVG,ECONT-0.55403E+00 0.77288E-01 0.24596E+00 FLOW 0.22967E+02STEP  230AT   17  380    1
EMAX,EAVG,ECONT-0.56185E+00 0.78822E-01 0.23720E+00 FLOW 0.22827E+02STEP  235AT   17  380    1
EMAX,EAVG,ECONT-0.56132E+00 0.79993E-01 0.23118E+00 FLOW 0.22687E+02STEP  240AT   18  380    1
EMAX,EAVG,ECONT-0.55501E+00 0.80304E-01 0.22767E+00 FLOW 0.22547E+02STEP  245AT   19  380    1
EMAX,EAVG,ECONT-0.53573E+00 0.79589E-01 0.22440E+00 FLOW 0.22407E+02STEP  250AT   26  380    1
EMAX,EAVG,ECONT-0.51516E+00 0.78169E-01 0.22041E+00 FLOW 0.22264E+02STEP  255AT   29  380    1
EMAX,EAVG,ECONT-0.50195E+00 0.76219E-01 0.21471E+00 FLOW 0.22120E+02STEP  260AT   29  380    1
EMAX,EAVG,ECONT 0.48211E+00 0.74161E-01 0.20701E+00 FLOW 0.21974E+02STEP  265AT    6  463   20
EMAX,EAVG,ECONT-0.47866E+00 0.72355E-01 0.19736E+00 FLOW 0.21827E+02STEP  270AT    7  392   14
EMAX,EAVG,ECONT-0.48250E+00 0.71098E-01 0.18584E+00 FLOW 0.21681E+02STEP  275AT    9  393   20
EMAX,EAVG,ECONT-0.48466E+00 0.70411E-01 0.17256E+00 FLOW 0.21539E+02STEP  280AT    9  393   20
EMAX,EAVG,ECONT-0.48783E+00 0.70142E-01 0.16502E+00 FLOW 0.21403E+02STEP  285AT    7  392   20
EMAX,EAVG,ECONT-0.48875E+00 0.70083E-01 0.16937E+00 FLOW 0.21275E+02STEP  290AT    7  392   20
EMAX,EAVG,ECONT-0.48646E+00 0.70068E-01 0.17345E+00 FLOW 0.21154E+02STEP  295AT    7  392   20
EMAX,EAVG,ECONT-0.48144E+00 0.70188E-01 0.17853E+00 FLOW 0.21041E+02STEP  300AT    7  392   21
EMAX,EAVG,ECONT-0.47489E+00 0.70319E-01 0.18363E+00 FLOW 0.20936E+02STEP  305AT    7  392   21
EMAX,EAVG,ECONT-0.46406E+00 0.70376E-01 0.18999E+00 FLOW 0.20838E+02STEP  310AT    7  392   21
EMAX,EAVG,ECONT-0.44811E+00 0.70197E-01 0.19614E+00 FLOW 0.20749E+02STEP  315AT    7  392   21
EMAX,EAVG,ECONT-0.42729E+00 0.69599E-01 0.20085E+00 FLOW 0.20670E+02STEP  320AT    7  392   22
EMAX,EAVG,ECONT-0.43229E+00 0.68470E-01 0.20315E+00 FLOW 0.20603E+02STEP  325AT    1  389    1
EMAX,EAVG,ECONT-0.48222E+00 0.66932E-01 0.20270E+00 FLOW 0.20547E+02STEP  330AT    1  389    1
EMAX,EAVG,ECONT-0.49418E+00 0.65238E-01 0.19945E+00 FLOW 0.20505E+02STEP  335AT    1  388    1
EMAX,EAVG,ECONT-0.49641E+00 0.63601E-01 0.19370E+00 FLOW 0.20476E+02STEP  340AT    1  388    2
EMAX,EAVG,ECONT-0.48772E+00 0.62083E-01 0.18601E+00 FLOW 0.20462E+02STEP  345AT    1  388    4
EMAX,EAVG,ECONT-0.48142E+00 0.60752E-01 0.17820E+00 FLOW 0.20461E+02STEP  350AT    1  389   37
EMAX,EAVG,ECONT-0.47662E+00 0.59891E-01 0.17191E+00 FLOW 0.20473E+02STEP  355AT    1  389   33
EMAX,EAVG,ECONT-0.47309E+00 0.59612E-01 0.17520E+00 FLOW 0.20496E+02STEP  360AT    1  389   33
EMAX,EAVG,ECONT-0.46760E+00 0.59704E-01 0.17873E+00 FLOW 0.20529E+02STEP  365AT    1  389   20
EMAX,EAVG,ECONT-0.47194E+00 0.59900E-01 0.18137E+00 FLOW 0.20571E+02STEP  370AT    1  389   20
EMAX,EAVG,ECONT-0.47177E+00 0.60034E-01 0.18672E+00 FLOW 0.20618E+02STEP  375AT    1  388   18
EMAX,EAVG,ECONT-0.46994E+00 0.60179E-01 0.19205E+00 FLOW 0.20670E+02STEP  380AT    1  388   18
EMAX,EAVG,ECONT-0.46379E+00 0.60339E-01 0.19752E+00 FLOW 0.20726E+02STEP  385AT    1  388   18
EMAX,EAVG,ECONT-0.45569E+00 0.60449E-01 0.20422E+00 FLOW 0.20783E+02STEP  390AT    1  388   18
EMAX,EAVG,ECONT-0.44673E+00 0.60402E-01 0.20850E+00 FLOW 0.20840E+02STEP  395AT    1  388   18
EMAX,EAVG,ECONT-0.43651E+00 0.60164E-01 0.21003E+00 FLOW 0.20897E+02STEP  400AT    1  388   18
EMAX,EAVG,ECONT-0.42521E+00 0.59823E-01 0.20877E+00 FLOW 0.20953E+02STEP  405AT    1  388   18
EMAX,EAVG,ECONT-0.41310E+00 0.59460E-01 0.21637E+00 FLOW 0.21007E+02STEP  410AT    1  388   18
EMAX,EAVG,ECONT-0.43095E+00 0.59208E-01 0.22689E+00 FLOW 0.21058E+02STEP  415AT   37  341   37
EMAX,EAVG,ECONT-0.45498E+00 0.59091E-01 0.23418E+00 FLOW 0.21106E+02STEP  420AT   37  341   37
EMAX,EAVG,ECONT-0.47057E+00 0.59092E-01 0.23948E+00 FLOW 0.21150E+02STEP  425AT   37  341   36
EMAX,EAVG,ECONT-0.48227E+00 0.59207E-01 0.24512E+00 FLOW 0.21192E+02STEP  430AT   37  341   36
EMAX,EAVG,ECONT-0.48876E+00 0.59364E-01 0.24843E+00 FLOW 0.21230E+02STEP  435AT   37  341   36
EMAX,EAVG,ECONT-0.49287E+00 0.59607E-01 0.25087E+00 FLOW 0.21264E+02STEP  440AT   37  341   34
EMAX,EAVG,ECONT-0.49367E+00 0.59923E-01 0.25122E+00 FLOW 0.21294E+02STEP  445AT   37  341   33
EMAX,EAVG,ECONT-0.49254E+00 0.60091E-01 0.24950E+00 FLOW 0.21321E+02STEP  450AT   37  341   30
EMAX,EAVG,ECONT-0.49121E+00 0.60059E-01 0.24575E+00 FLOW 0.21344E+02STEP  455AT   37  341   27
EMAX,EAVG,ECONT-0.48713E+00 0.59770E-01 0.24121E+00 FLOW 0.21363E+02STEP  460AT   37  341   27
EMAX,EAVG,ECONT-0.47639E+00 0.59293E-01 0.23698E+00 FLOW 0.21379E+02STEP  465AT   37  341   27
EMAX,EAVG,ECONT-0.46569E+00 0.58783E-01 0.23176E+00 FLOW 0.21391E+02STEP  470AT   37  341   25
EMAX,EAVG,ECONT-0.45901E+00 0.58318E-01 0.23424E+00 FLOW 0.21398E+02STEP  475AT   37  341   24
EMAX,EAVG,ECONT-0.45361E+00 0.57905E-01 0.23703E+00 FLOW 0.21402E+02STEP  480AT   37  341   24
EMAX,EAVG,ECONT-0.45397E+00 0.57528E-01 0.23798E+00 FLOW 0.21401E+02STEP  485AT   37  341   21
EMAX,EAVG,ECONT-0.45879E+00 0.57246E-01 0.23877E+00 FLOW 0.21396E+02STEP  490AT   37  341    1
EMAX,EAVG,ECONT-0.46529E+00 0.57066E-01 0.23759E+00 FLOW 0.21386E+02STEP  495AT   37  341    1
EMAX,EAVG,ECONT-0.47132E+00 0.56982E-01 0.23533E+00 FLOW 0.21374E+02STEP  500AT    1  295    5
EMAX,EAVG,ECONT-0.48198E+00 0.56889E-01 0.23924E+00 FLOW 0.21358E+02STEP  505AT    1  295    8
EMAX,EAVG,ECONT-0.50204E+00 0.56784E-01 0.24692E+00 FLOW 0.21340E+02STEP  510AT    1  295   11
EMAX,EAVG,ECONT-0.51810E+00 0.56667E-01 0.25309E+00 FLOW 0.21320E+02STEP  515AT    1  295   13
EMAX,EAVG,ECONT-0.53881E+00 0.56457E-01 0.25844E+00 FLOW 0.21299E+02STEP  520AT    1  295   14
EMAX,EAVG,ECONT-0.55155E+00 0.56040E-01 0.26321E+00 FLOW 0.21277E+02STEP  525AT    1  295   14
EMAX,EAVG,ECONT-0.55507E+00 0.55477E-01 0.26627E+00 FLOW 0.21255E+02STEP  530AT    1  295   14
EMAX,EAVG,ECONT-0.54978E+00 0.54849E-01 0.26816E+00 FLOW 0.21231E+02STEP  535AT    1  295   14
EMAX,EAVG,ECONT-0.53692E+00 0.54231E-01 0.26972E+00 FLOW 0.21207E+02STEP  540AT    1  295   15
EMAX,EAVG,ECONT-0.51714E+00 0.53636E-01 0.26941E+00 FLOW 0.21182E+02STEP  545AT    1  295   15
EMAX,EAVG,ECONT-0.49213E+00 0.53144E-01 0.26750E+00 FLOW 0.21156E+02STEP  550AT    1  295   15
EMAX,EAVG,ECONT-0.46802E+00 0.52866E-01 0.26640E+00 FLOW 0.21128E+02STEP  555AT    1  295   20
EMAX,EAVG,ECONT-0.44267E+00 0.52825E-01 0.26832E+00 FLOW 0.21100E+02STEP  560AT    1  295   20
EMAX,EAVG,ECONT-0.43069E+00 0.52997E-01 0.26809E+00 FLOW 0.21070E+02STEP  565AT   37  247   33
EMAX,EAVG,ECONT-0.43351E+00 0.53365E-01 0.26605E+00 FLOW 0.21040E+02STEP  570AT   37  247   32
EMAX,EAVG,ECONT-0.43957E+00 0.53869E-01 0.26567E+00 FLOW 0.21008E+02STEP  575AT   37  247   30
EMAX,EAVG,ECONT-0.44620E+00 0.54551E-01 0.26853E+00 FLOW 0.20976E+02STEP  580AT   37  247   28
EMAX,EAVG,ECONT-0.45652E+00 0.55359E-01 0.26952E+00 FLOW 0.20943E+02STEP  585AT   37  247   27
EMAX,EAVG,ECONT-0.46607E+00 0.56131E-01 0.26873E+00 FLOW 0.20908E+02STEP  590AT   37  247   26
EMAX,EAVG,ECONT-0.47599E+00 0.56704E-01 0.26724E+00 FLOW 0.20873E+02STEP  595AT   37  247   25
EMAX,EAVG,ECONT-0.48329E+00 0.56963E-01 0.26740E+00 FLOW 0.20836E+02STEP  600AT   37  247   24
EMAX,EAVG,ECONT-0.48503E+00 0.56814E-01 0.26568E+00 FLOW 0.20799E+02STEP  605AT   37  247   24
EMAX,EAVG,ECONT-0.48328E+00 0.56229E-01 0.27033E+00 FLOW 0.20760E+02STEP  610AT   37  247   23
EMAX,EAVG,ECONT-0.48092E+00 0.55332E-01 0.27739E+00 FLOW 0.20721E+02STEP  615AT   37  247   21
EMAX,EAVG,ECONT-0.47767E+00 0.54380E-01 0.28213E+00 FLOW 0.20681E+02STEP  620AT   37  247   21
EMAX,EAVG,ECONT-0.48104E+00 0.53638E-01 0.28381E+00 FLOW 0.20641E+02STEP  625AT   37  247   19
EMAX,EAVG,ECONT-0.49052E+00 0.53153E-01 0.28291E+00 FLOW 0.20601E+02STEP  630AT   37  247   18
EMAX,EAVG,ECONT-0.49867E+00 0.52862E-01 0.27885E+00 FLOW 0.20561E+02STEP  635AT   37  247   18
EMAX,EAVG,ECONT-0.50401E+00 0.52672E-01 0.27235E+00 FLOW 0.20523E+02STEP  640AT   37  247   17
EMAX,EAVG,ECONT-0.50768E+00 0.52599E-01 0.26495E+00 FLOW 0.20486E+02STEP  645AT   37  247   16
EMAX,EAVG,ECONT-0.50706E+00 0.52624E-01 0.25574E+00 FLOW 0.20450E+02STEP  650AT   37  247   15
EMAX,EAVG,ECONT-0.50288E+00 0.52718E-01 0.24697E+00 FLOW 0.20417E+02STEP  655AT   37  247   15
EMAX,EAVG,ECONT-0.49512E+00 0.52821E-01 0.23754E+00 FLOW 0.20385E+02STEP  660AT   37  247   15
EMAX,EAVG,ECONT-0.48543E+00 0.52947E-01 0.23251E+00 FLOW 0.20357E+02STEP  665AT   37  247   15
EMAX,EAVG,ECONT-0.47583E+00 0.53115E-01 0.22819E+00 FLOW 0.20331E+02STEP  670AT   37  247   15
EMAX,EAVG,ECONT-0.46731E+00 0.53332E-01 0.22300E+00 FLOW 0.20308E+02STEP  675AT   37  247   15
EMAX,EAVG,ECONT-0.46078E+00 0.53555E-01 0.22269E+00 FLOW 0.20289E+02STEP  680AT   37  247   13
EMAX,EAVG,ECONT-0.45626E+00 0.53721E-01 0.22092E+00 FLOW 0.20273E+02STEP  685AT   37  247   13
EMAX,EAVG,ECONT-0.45283E+00 0.53814E-01 0.21842E+00 FLOW 0.20261E+02STEP  690AT   37  247   13
EMAX,EAVG,ECONT-0.44986E+00 0.53818E-01 0.21441E+00 FLOW 0.20253E+02STEP  695AT   37  247   13
EMAX,EAVG,ECONT-0.44685E+00 0.53699E-01 0.21007E+00 FLOW 0.20250E+02STEP  700AT   37  247   12
EMAX,EAVG,ECONT-0.44330E+00 0.53512E-01 0.21345E+00 FLOW 0.20250E+02STEP  705AT   37  247   12
EMAX,EAVG,ECONT-0.43844E+00 0.53241E-01 0.21627E+00 FLOW 0.20255E+02STEP  710AT   37  247   12
EMAX,EAVG,ECONT-0.43246E+00 0.52888E-01 0.21792E+00 FLOW 0.20264E+02STEP  715AT   37  247   12
EMAX,EAVG,ECONT-0.42546E+00 0.52521E-01 0.21834E+00 FLOW 0.20277E+02STEP  720AT   37  247   12
EMAX,EAVG,ECONT-0.41763E+00 0.52218E-01 0.21711E+00 FLOW 0.20293E+02STEP  725AT   37  247   12
EMAX,EAVG,ECONT-0.40864E+00 0.51960E-01 0.21470E+00 FLOW 0.20314E+02STEP  730AT   37  247   12
EMAX,EAVG,ECONT-0.40123E+00 0.51700E-01 0.21214E+00 FLOW 0.20337E+02STEP  735AT   37  153   20
EMAX,EAVG,ECONT-0.41049E+00 0.51382E-01 0.20851E+00 FLOW 0.20362E+02STEP  740AT   37  153   19
EMAX,EAVG,ECONT-0.42016E+00 0.51049E-01 0.20834E+00 FLOW 0.20389E+02STEP  745AT   37  153   19
EMAX,EAVG,ECONT-0.42783E+00 0.50787E-01 0.20942E+00 FLOW 0.20417E+02STEP  750AT   37  153   18
EMAX,EAVG,ECONT-0.43617E+00 0.50628E-01 0.20970E+00 FLOW 0.20445E+02STEP  755AT   37  153   18
EMAX,EAVG,ECONT-0.44193E+00 0.50598E-01 0.21311E+00 FLOW 0.20473E+02STEP  760AT   37  153   18
EMAX,EAVG,ECONT-0.44839E+00 0.50632E-01 0.21606E+00 FLOW 0.20500E+02STEP  765AT   37  153   17
EMAX,EAVG,ECONT-0.45384E+00 0.50736E-01 0.21739E+00 FLOW 0.20525E+02STEP  770AT   37  153   16
EMAX,EAVG,ECONT-0.45797E+00 0.50905E-01 0.21821E+00 FLOW 0.20548E+02STEP  775AT   37  153   16
EMAX,EAVG,ECONT-0.46126E+00 0.51089E-01 0.21910E+00 FLOW 0.20569E+02STEP  780AT   37  153   15
EMAX,EAVG,ECONT-0.46180E+00 0.51256E-01 0.21814E+00 FLOW 0.20586E+02STEP  785AT   37  153   14
EMAX,EAVG,ECONT-0.46163E+00 0.51360E-01 0.21542E+00 FLOW 0.20600E+02STEP  790AT   37  153   13
EMAX,EAVG,ECONT-0.45920E+00 0.51386E-01 0.21463E+00 FLOW 0.20611E+02STEP  795AT   37  153   13
EMAX,EAVG,ECONT-0.45449E+00 0.51308E-01 0.21903E+00 FLOW 0.20617E+02STEP  800AT   37  153   13
EMAX,EAVG,ECONT-0.44878E+00 0.51149E-01 0.22238E+00 FLOW 0.20620E+02STEP  805AT   37  153   12
EMAX,EAVG,ECONT-0.44233E+00 0.50956E-01 0.22443E+00 FLOW 0.20618E+02STEP  810AT   37  153   12
EMAX,EAVG,ECONT-0.43557E+00 0.50792E-01 0.22467E+00 FLOW 0.20613E+02STEP  815AT   37  153   12
EMAX,EAVG,ECONT-0.42900E+00 0.50655E-01 0.22293E+00 FLOW 0.20604E+02STEP  820AT   37  153   12
EMAX,EAVG,ECONT-0.42258E+00 0.50504E-01 0.21941E+00 FLOW 0.20590E+02STEP  825AT   37  153   12
EMAX,EAVG,ECONT-0.41625E+00 0.50336E-01 0.21550E+00 FLOW 0.20574E+02STEP  830AT   37  153   12
EMAX,EAVG,ECONT-0.41012E+00 0.50152E-01 0.21005E+00 FLOW 0.20553E+02STEP  835AT   37  153   12
EMAX,EAVG,ECONT-0.40430E+00 0.50016E-01 0.20507E+00 FLOW 0.20530E+02STEP  840AT   37  153   11
EMAX,EAVG,ECONT-0.39897E+00 0.49964E-01 0.20237E+00 FLOW 0.20503E+02STEP  845AT   37  153   11
EMAX,EAVG,ECONT-0.39478E+00 0.50019E-01 0.19825E+00 FLOW 0.20474E+02STEP  850AT   37  153   11
EMAX,EAVG,ECONT-0.39244E+00 0.50233E-01 0.19543E+00 FLOW 0.20443E+02STEP  855AT   37  153   12
EMAX,EAVG,ECONT-0.39235E+00 0.50657E-01 0.19339E+00 FLOW 0.20410E+02STEP  860AT   37  153   12
EMAX,EAVG,ECONT-0.39438E+00 0.51277E-01 0.19024E+00 FLOW 0.20375E+02STEP  865AT   37  153   12
EMAX,EAVG,ECONT-0.39771E+00 0.52039E-01 0.18629E+00 FLOW 0.20340E+02STEP  870AT   37  153   12
EMAX,EAVG,ECONT-0.40122E+00 0.52841E-01 0.18099E+00 FLOW 0.20304E+02STEP  875AT   37  153   12
EMAX,EAVG,ECONT-0.40350E+00 0.53534E-01 0.17963E+00 FLOW 0.20268E+02STEP  880AT   37  153   12
EMAX,EAVG,ECONT-0.40965E+00 0.54016E-01 0.18026E+00 FLOW 0.20233E+02STEP  885AT    1  153   12
EMAX,EAVG,ECONT-0.41618E+00 0.54269E-01 0.18011E+00 FLOW 0.20198E+02STEP  890AT    1  153   12
EMAX,EAVG,ECONT-0.41608E+00 0.54324E-01 0.17934E+00 FLOW 0.20164E+02STEP  895AT    1  153   12
EMAX,EAVG,ECONT-0.40914E+00 0.54206E-01 0.17735E+00 FLOW 0.20132E+02STEP  900AT    1  153   12
EMAX,EAVG,ECONT-0.41229E+00 0.53880E-01 0.17403E+00 FLOW 0.20101E+02STEP  905AT   37   59   15
EMAX,EAVG,ECONT-0.41921E+00 0.53314E-01 0.16963E+00 FLOW 0.20071E+02STEP  910AT   37   59   14
EMAX,EAVG,ECONT-0.42942E+00 0.52556E-01 0.16555E+00 FLOW 0.20042E+02STEP  915AT   37   59   14
EMAX,EAVG,ECONT-0.43630E+00 0.51660E-01 0.16065E+00 FLOW 0.20015E+02STEP  920AT   37   59   14
EMAX,EAVG,ECONT-0.44441E+00 0.50757E-01 0.15717E+00 FLOW 0.19989E+02STEP  925AT   37   59   13
EMAX,EAVG,ECONT-0.45120E+00 0.49981E-01 0.15536E+00 FLOW 0.19964E+02STEP  930AT   37   59   13
EMAX,EAVG,ECONT-0.45705E+00 0.49384E-01 0.15431E+00 FLOW 0.19940E+02STEP  935AT   37   59   12
EMAX,EAVG,ECONT-0.46346E+00 0.48954E-01 0.15593E+00 FLOW 0.19916E+02STEP  940AT   37   59   12
EMAX,EAVG,ECONT-0.46681E+00 0.48703E-01 0.15631E+00 FLOW 0.19891E+02STEP  945AT   37   59   12
EMAX,EAVG,ECONT-0.47078E+00 0.48664E-01 0.15540E+00 FLOW 0.19866E+02STEP  950AT   37   59   11
EMAX,EAVG,ECONT-0.47340E+00 0.48807E-01 0.15357E+00 FLOW 0.19839E+02STEP  955AT   37   59   10
EMAX,EAVG,ECONT-0.47492E+00 0.49083E-01 0.15137E+00 FLOW 0.19810E+02STEP  960AT   37   59   10
EMAX,EAVG,ECONT-0.47592E+00 0.49459E-01 0.14778E+00 FLOW 0.19778E+02STEP  965AT   37   59    9
EMAX,EAVG,ECONT-0.47534E+00 0.49909E-01 0.15057E+00 FLOW 0.19743E+02STEP  970AT   37   59    8
EMAX,EAVG,ECONT-0.47580E+00 0.50337E-01 0.15219E+00 FLOW 0.19703E+02STEP  975AT   37   59    7
EMAX,EAVG,ECONT-0.47561E+00 0.50700E-01 0.15235E+00 FLOW 0.19659E+02STEP  980AT   37   59    6
EMAX,EAVG,ECONT-0.47465E+00 0.50971E-01 0.15142E+00 FLOW 0.19609E+02STEP  985AT   37   59    6
EMAX,EAVG,ECONT-0.47250E+00 0.51115E-01 0.14869E+00 FLOW 0.19552E+02STEP  990AT   37   59    6
EMAX,EAVG,ECONT-0.46911E+00 0.51085E-01 0.14420E+00 FLOW 0.19488E+02STEP  995AT   37   59    6
EMAX,EAVG,ECONT-0.46465E+00 0.50870E-01 0.13866E+00 FLOW 0.19417E+02STEP 1000AT   37   59    6
EMAX,EAVG,ECONT-0.45674E+00 0.50453E-01 0.13223E+00 FLOW 0.19338E+02STEP 1005AT   37   59    6
EMAX,EAVG,ECONT-0.44915E+00 0.49968E-01 0.12423E+00 FLOW 0.19250E+02STEP 1010AT   37   59    6
EMAX,EAVG,ECONT-0.44245E+00 0.49493E-01 0.11680E+00 FLOW 0.19153E+02STEP 1015AT   37   59    6
EMAX,EAVG,ECONT-0.43683E+00 0.49078E-01 0.11050E+00 FLOW 0.19046E+02STEP 1020AT   37   59    7
EMAX,EAVG,ECONT-0.43206E+00 0.48745E-01 0.10367E+00 FLOW 0.18929E+02STEP 1025AT   37   59    7
EMAX,EAVG,ECONT-0.42790E+00 0.48507E-01 0.99194E-01 FLOW 0.18802E+02STEP 1030AT   37   59    7
EMAX,EAVG,ECONT-0.42417E+00 0.48362E-01 0.10419E+00 FLOW 0.18665E+02STEP 1035AT   37   59    7
EMAX,EAVG,ECONT-0.42073E+00 0.48307E-01 0.11395E+00 FLOW 0.18516E+02STEP 1040AT   37   59    7
EMAX,EAVG,ECONT-0.41722E+00 0.48314E-01 0.12665E+00 FLOW 0.18357E+02STEP 1045AT   37   59    7
EMAX,EAVG,ECONT-0.41342E+00 0.48370E-01 0.13939E+00 FLOW 0.18188E+02STEP 1050AT   37   59    6
EMAX,EAVG,ECONT-0.40878E+00 0.48464E-01 0.15227E+00 FLOW 0.18009E+02STEP 1055AT   37   59    6
EMAX,EAVG,ECONT-0.40279E+00 0.48564E-01 0.16542E+00 FLOW 0.17821E+02STEP 1060AT   37   59    6
EMAX,EAVG,ECONT-0.39515E+00 0.48544E-01 0.17870E+00 FLOW 0.17624E+02STEP 1065AT   37   59    6
EMAX,EAVG,ECONT-0.38584E+00 0.48309E-01 0.19240E+00 FLOW 0.17420E+02STEP 1070AT   37   59    6
EMAX,EAVG,ECONT-0.38914E+00 0.47802E-01 0.20723E+00 FLOW 0.17211E+02STEP 1075AT   33   16    5
EMAX,EAVG,ECONT-0.40312E+00 0.46991E-01 0.22205E+00 FLOW 0.16999E+02STEP 1080AT   33   16    5
EMAX,EAVG,ECONT-0.40993E+00 0.45925E-01 0.23670E+00 FLOW 0.16785E+02STEP 1085AT   33   16    5
EMAX,EAVG,ECONT-0.40982E+00 0.44689E-01 0.25097E+00 FLOW 0.16573E+02STEP 1090AT   33   16    5
EMAX,EAVG,ECONT-0.42003E+00 0.43336E-01 0.26482E+00 FLOW 0.16364E+02STEP 1095AT   33   15    5
EMAX,EAVG,ECONT-0.42801E+00 0.41918E-01 0.28045E+00 FLOW 0.16164E+02STEP 1100AT   33   15    5
EMAX,EAVG,ECONT-0.42731E+00 0.40519E-01 0.29540E+00 FLOW 0.15973E+02STEP 1105AT   33   15    5
EMAX,EAVG,ECONT-0.43409E+00 0.39232E-01 0.30897E+00 FLOW 0.15796E+02STEP 1110AT   33   15    6
EMAX,EAVG,ECONT-0.45124E+00 0.38152E-01 0.32076E+00 FLOW 0.15635E+02STEP 1115AT   32   16    5
EMAX,EAVG,ECONT-0.46745E+00 0.37373E-01 0.33002E+00 FLOW 0.15493E+02STEP 1120AT   32   16    5
EMAX,EAVG,ECONT-0.47378E+00 0.36980E-01 0.33645E+00 FLOW 0.15374E+02STEP 1125AT   32   16    5
EMAX,EAVG,ECONT-0.46743E+00 0.37043E-01 0.34136E+00 FLOW 0.15279E+02STEP 1130AT   32   16    5
EMAX,EAVG,ECONT-0.46896E+00 0.37551E-01 0.34252E+00 FLOW 0.15210E+02STEP 1135AT   32   15    5
EMAX,EAVG,ECONT-0.48226E+00 0.38412E-01 0.33991E+00 FLOW 0.15169E+02STEP 1140AT   32   15    5
EMAX,EAVG,ECONT-0.47958E+00 0.39519E-01 0.33344E+00 FLOW 0.15157E+02STEP 1145AT   32   15    5
EMAX,EAVG,ECONT-0.47604E+00 0.40733E-01 0.32306E+00 FLOW 0.15175E+02STEP 1150AT   35   14   13
EMAX,EAVG,ECONT-0.47919E+00 0.41955E-01 0.30926E+00 FLOW 0.15220E+02STEP 1155AT   35   14   13
EMAX,EAVG,ECONT-0.48577E+00 0.43066E-01 0.29207E+00 FLOW 0.15295E+02STEP 1160AT   35   15   14
EMAX,EAVG,ECONT-0.47649E+00 0.43981E-01 0.27245E+00 FLOW 0.15395E+02STEP 1165AT   35   15   14
EMAX,EAVG,ECONT 0.47829E+00 0.44659E-01 0.25092E+00 FLOW 0.15517E+02STEP 1170AT   37   12    8
EMAX,EAVG,ECONT 0.56271E+00 0.45082E-01 0.23630E+00 FLOW 0.15663E+02STEP 1175AT   37   12    8
EMAX,EAVG,ECONT 0.58935E+00 0.45246E-01 0.22597E+00 FLOW 0.15825E+02STEP 1180AT   37   12    8
EMAX,EAVG,ECONT 0.56023E+00 0.45168E-01 0.21445E+00 FLOW 0.16004E+02STEP 1185AT   37   12    8
EMAX,EAVG,ECONT 0.52374E+00 0.44880E-01 0.20176E+00 FLOW 0.16199E+02STEP 1190AT   37   12    8
EMAX,EAVG,ECONT 0.49849E+00 0.44439E-01 0.18847E+00 FLOW 0.16403E+02STEP 1195AT   37   12    9
EMAX,EAVG,ECONT 0.46001E+00 0.43885E-01 0.17435E+00 FLOW 0.16619E+02STEP 1200AT   37   12    9
EMAX,EAVG,ECONT 0.40238E+00 0.43243E-01 0.15960E+00 FLOW 0.16843E+02STEP 1205AT   37   12    9
EMAX,EAVG,ECONT-0.36876E+00 0.42542E-01 0.14462E+00 FLOW 0.17070E+02STEP 1210AT    5  104    1
EMAX,EAVG,ECONT-0.36202E+00 0.41804E-01 0.12926E+00 FLOW 0.17302E+02STEP 1215AT    5  104    1
EMAX,EAVG,ECONT-0.35316E+00 0.41050E-01 0.11364E+00 FLOW 0.17539E+02STEP 1220AT    5  104    1
EMAX,EAVG,ECONT-0.34625E+00 0.40283E-01 0.98162E-01 FLOW 0.17773E+02STEP 1225AT    4  104    1
EMAX,EAVG,ECONT-0.33950E+00 0.39491E-01 0.99467E-01 FLOW 0.18007E+02STEP 1230AT    4  104    1
EMAX,EAVG,ECONT-0.33004E+00 0.38680E-01 0.11476E+00 FLOW 0.18240E+02STEP 1235AT    4  104    1
EMAX,EAVG,ECONT 0.32390E+00 0.37888E-01 0.12812E+00 FLOW 0.18468E+02STEP 1240AT    3   14    1
EMAX,EAVG,ECONT 0.32774E+00 0.37133E-01 0.13958E+00 FLOW 0.18690E+02STEP 1245AT    3   14    1
EMAX,EAVG,ECONT 0.33065E+00 0.36429E-01 0.14978E+00 FLOW 0.18908E+02STEP 1250AT    5   11   21
EMAX,EAVG,ECONT 0.34301E+00 0.35843E-01 0.15843E+00 FLOW 0.19119E+02STEP 1255AT    5   11   20
EMAX,EAVG,ECONT 0.35122E+00 0.35396E-01 0.16727E+00 FLOW 0.19320E+02STEP 1260AT    5   11   20
EMAX,EAVG,ECONT 0.36049E+00 0.35004E-01 0.17443E+00 FLOW 0.19512E+02STEP 1265AT   33   14    1
EMAX,EAVG,ECONT 0.36675E+00 0.34617E-01 0.18004E+00 FLOW 0.19697E+02STEP 1270AT   32   15    1
EMAX,EAVG,ECONT 0.38608E+00 0.34235E-01 0.18404E+00 FLOW 0.19870E+02STEP 1275AT   33   15   13
EMAX,EAVG,ECONT 0.41280E+00 0.33899E-01 0.18660E+00 FLOW 0.20030E+02STEP 1280AT   33   15   12
EMAX,EAVG,ECONT 0.42424E+00 0.33642E-01 0.18969E+00 FLOW 0.20181E+02STEP 1285AT   33   15   12
EMAX,EAVG,ECONT 0.43238E+00 0.33471E-01 0.19179E+00 FLOW 0.20321E+02STEP 1290AT   33   15   11
EMAX,EAVG,ECONT 0.43592E+00 0.33364E-01 0.19237E+00 FLOW 0.20445E+02STEP 1295AT   33   15   11
EMAX,EAVG,ECONT 0.43493E+00 0.33299E-01 0.19165E+00 FLOW 0.20558E+02STEP 1300AT   33   15   11
EMAX,EAVG,ECONT 0.42759E+00 0.33280E-01 0.19253E+00 FLOW 0.20659E+02STEP 1305AT   33   15   11
EMAX,EAVG,ECONT 0.45924E+00 0.33319E-01 0.19821E+00 FLOW 0.20746E+02STEP 1310AT   34   15   14
EMAX,EAVG,ECONT 0.48883E+00 0.33424E-01 0.20274E+00 FLOW 0.20819E+02STEP 1315AT   34   15   14
EMAX,EAVG,ECONT 0.50843E+00 0.33612E-01 0.20586E+00 FLOW 0.20878E+02STEP 1320AT   34   15   13
EMAX,EAVG,ECONT 0.51953E+00 0.33869E-01 0.20745E+00 FLOW 0.20922E+02STEP 1325AT   34   15   13
EMAX,EAVG,ECONT 0.52052E+00 0.34142E-01 0.20753E+00 FLOW 0.20950E+02STEP 1330AT   34   15   13
EMAX,EAVG,ECONT 0.51473E+00 0.34416E-01 0.20617E+00 FLOW 0.20965E+02STEP 1335AT   35   15   15
EMAX,EAVG,ECONT 0.51882E+00 0.34658E-01 0.20331E+00 FLOW 0.20963E+02STEP 1340AT   35   15   15
EMAX,EAVG,ECONT 0.52087E+00 0.34842E-01 0.19899E+00 FLOW 0.20943E+02STEP 1345AT   35   15   15
EMAX,EAVG,ECONT 0.51998E+00 0.34968E-01 0.19379E+00 FLOW 0.20909E+02STEP 1350AT   35   14   14
EMAX,EAVG,ECONT 0.51781E+00 0.35057E-01 0.18762E+00 FLOW 0.20858E+02STEP 1355AT   35   14   14
EMAX,EAVG,ECONT 0.50868E+00 0.35097E-01 0.18013E+00 FLOW 0.20790E+02STEP 1360AT   35   14   14
EMAX,EAVG,ECONT 0.49337E+00 0.35093E-01 0.17145E+00 FLOW 0.20705E+02STEP 1365AT   35   14   14
EMAX,EAVG,ECONT 0.47391E+00 0.35053E-01 0.16169E+00 FLOW 0.20606E+02STEP 1370AT   35   14   14
EMAX,EAVG,ECONT 0.45066E+00 0.34975E-01 0.15265E+00 FLOW 0.20489E+02STEP 1375AT   35   14   14
EMAX,EAVG,ECONT 0.42236E+00 0.34856E-01 0.14969E+00 FLOW 0.20356E+02STEP 1380AT   35   14   14
EMAX,EAVG,ECONT 0.38862E+00 0.34694E-01 0.14570E+00 FLOW 0.20209E+02STEP 1385AT   35   14   14
EMAX,EAVG,ECONT 0.35073E+00 0.34483E-01 0.14061E+00 FLOW 0.20048E+02STEP 1390AT   35   14   14
EMAX,EAVG,ECONT-0.33053E+00 0.34219E-01 0.13422E+00 FLOW 0.19870E+02STEP 1395AT   24   25    8
EMAX,EAVG,ECONT-0.34159E+00 0.33918E-01 0.12664E+00 FLOW 0.19680E+02STEP 1400AT    5   10    1
EMAX,EAVG,ECONT-0.36219E+00 0.33595E-01 0.11832E+00 FLOW 0.19480E+02STEP 1405AT    5   10    1
EMAX,EAVG,ECONT-0.37201E+00 0.33259E-01 0.10924E+00 FLOW 0.19266E+02STEP 1410AT    5   10    1
EMAX,EAVG,ECONT-0.37517E+00 0.32939E-01 0.98848E-01 FLOW 0.19042E+02STEP 1415AT    5   10    1
EMAX,EAVG,ECONT-0.37221E+00 0.32638E-01 0.87421E-01 FLOW 0.18812E+02STEP 1420AT    5   10    1
EMAX,EAVG,ECONT-0.36546E+00 0.32348E-01 0.74812E-01 FLOW 0.18575E+02STEP 1425AT    5   10    1
EMAX,EAVG,ECONT-0.36274E+00 0.32054E-01 0.61089E-01 FLOW 0.18331E+02STEP 1430AT    5   10    5
EMAX,EAVG,ECONT-0.36239E+00 0.31784E-01 0.64438E-01 FLOW 0.18086E+02STEP 1435AT    4   10    1
EMAX,EAVG,ECONT-0.36380E+00 0.31560E-01 0.77955E-01 FLOW 0.17840E+02STEP 1440AT    4   10    1
EMAX,EAVG,ECONT-0.36156E+00 0.31404E-01 0.90988E-01 FLOW 0.17594E+02STEP 1445AT    4   10    1
EMAX,EAVG,ECONT-0.35614E+00 0.31297E-01 0.10321E+00 FLOW 0.17353E+02STEP 1450AT    4   10    1
EMAX,EAVG,ECONT-0.35792E+00 0.31215E-01 0.12051E+00 FLOW 0.17119E+02STEP 1455AT    4   10    6
EMAX,EAVG,ECONT-0.35807E+00 0.31113E-01 0.13824E+00 FLOW 0.16892E+02STEP 1460AT    4   10    6
EMAX,EAVG,ECONT-0.35473E+00 0.30996E-01 0.15490E+00 FLOW 0.16678E+02STEP 1465AT    4   10    6
EMAX,EAVG,ECONT-0.34842E+00 0.30896E-01 0.17027E+00 FLOW 0.16480E+02STEP 1470AT    4   10    6
EMAX,EAVG,ECONT-0.35454E+00 0.30813E-01 0.18435E+00 FLOW 0.16296E+02STEP 1475AT    1   14   30
EMAX,EAVG,ECONT-0.35802E+00 0.30784E-01 0.19656E+00 FLOW 0.16133E+02STEP 1480AT    1   14   29
EMAX,EAVG,ECONT-0.36797E+00 0.30831E-01 0.20652E+00 FLOW 0.15995E+02STEP 1485AT    1   14   28
EMAX,EAVG,ECONT-0.38191E+00 0.30883E-01 0.21468E+00 FLOW 0.15875E+02STEP 1490AT    1   14   27
EMAX,EAVG,ECONT-0.38963E+00 0.31015E-01 0.22049E+00 FLOW 0.15780E+02STEP 1495AT    1   14   26
EMAX,EAVG,ECONT-0.39527E+00 0.31112E-01 0.22306E+00 FLOW 0.15720E+02STEP 1500AT    1   14   26
EMAX,EAVG,ECONT-0.41105E+00 0.31196E-01 0.22428E+00 FLOW 0.15671E+02STEP 1505AT    1   14   17
EMAX,EAVG,ECONT-0.41701E+00 0.31362E-01 0.22254E+00 FLOW 0.15655E+02STEP 1510AT    1   14   18
EMAX,EAVG,ECONT-0.40457E+00 0.31483E-01 0.21803E+00 FLOW 0.15666E+02STEP 1515AT    1   14   18
EMAX,EAVG,ECONT-0.39664E+00 0.31616E-01 0.21212E+00 FLOW 0.15690E+02STEP 1520AT   24   25    8
EMAX,EAVG,ECONT-0.40186E+00 0.31695E-01 0.20369E+00 FLOW 0.15739E+02STEP 1525AT   24   25    8
EMAX,EAVG,ECONT-0.40485E+00 0.31678E-01 0.19420E+00 FLOW 0.15812E+02STEP 1530AT   24   25    8
EMAX,EAVG,ECONT-0.40503E+00 0.31497E-01 0.19002E+00 FLOW 0.15888E+02STEP 1535AT   24   25    8
EMAX,EAVG,ECONT-0.40294E+00 0.31209E-01 0.18555E+00 FLOW 0.15985E+02STEP 1540AT   24   25    8
EMAX,EAVG,ECONT-0.40474E+00 0.30814E-01 0.17948E+00 FLOW 0.16099E+02STEP 1545AT   23   25    8
EMAX,EAVG,ECONT-0.40626E+00 0.30293E-01 0.17335E+00 FLOW 0.16213E+02STEP 1550AT   23   25    8
EMAX,EAVG,ECONT-0.40672E+00 0.29759E-01 0.16623E+00 FLOW 0.16334E+02STEP 1555AT   23   25    8
EMAX,EAVG,ECONT-0.40632E+00 0.29259E-01 0.15763E+00 FLOW 0.16471E+02STEP 1560AT   23   25    8
EMAX,EAVG,ECONT-0.40505E+00 0.28784E-01 0.14860E+00 FLOW 0.16610E+02STEP 1565AT   23   25    8
EMAX,EAVG,ECONT-0.40350E+00 0.28433E-01 0.13973E+00 FLOW 0.16742E+02STEP 1570AT   23   25    8
EMAX,EAVG,ECONT-0.40144E+00 0.28277E-01 0.12991E+00 FLOW 0.16884E+02STEP 1575AT   23   25    8
EMAX,EAVG,ECONT-0.39871E+00 0.28269E-01 0.11939E+00 FLOW 0.17033E+02STEP 1580AT   23   25    8
EMAX,EAVG,ECONT-0.39580E+00 0.28352E-01 0.10969E+00 FLOW 0.17167E+02STEP 1585AT   23   25    8
EMAX,EAVG,ECONT-0.39318E+00 0.28451E-01 0.99972E-01 FLOW 0.17298E+02STEP 1590AT   23   25    8
EMAX,EAVG,ECONT-0.39020E+00 0.28524E-01 0.89714E-01 FLOW 0.17436E+02STEP 1595AT   23   25    8
EMAX,EAVG,ECONT-0.38625E+00 0.28552E-01 0.80012E-01 FLOW 0.17562E+02STEP 1600AT   23   25    8
EMAX,EAVG,ECONT-0.38149E+00 0.28504E-01 0.70925E-01 FLOW 0.17676E+02STEP 1605AT   23   25    8
EMAX,EAVG,ECONT-0.37687E+00 0.28413E-01 0.61995E-01 FLOW 0.17785E+02STEP 1610AT   23   25    8
EMAX,EAVG,ECONT-0.37156E+00 0.28263E-01 0.54473E-01 FLOW 0.17885E+02STEP 1615AT   23   25    8
EMAX,EAVG,ECONT-0.36568E+00 0.28052E-01 0.49960E-01 FLOW 0.17973E+02STEP 1620AT   23   25    8
EMAX,EAVG,ECONT-0.35949E+00 0.27855E-01 0.56284E-01 FLOW 0.18049E+02STEP 1625AT   23   25    8
EMAX,EAVG,ECONT-0.35246E+00 0.27666E-01 0.62579E-01 FLOW 0.18111E+02STEP 1630AT   23   25    8
EMAX,EAVG,ECONT-0.34787E+00 0.27512E-01 0.67672E-01 FLOW 0.18162E+02STEP 1635AT   22   25    8
EMAX,EAVG,ECONT-0.34665E+00 0.27429E-01 0.71634E-01 FLOW 0.18201E+02STEP 1640AT   22   25    8
EMAX,EAVG,ECONT-0.34455E+00 0.27394E-01 0.74415E-01 FLOW 0.18229E+02STEP 1645AT   22   25    8
EMAX,EAVG,ECONT-0.34166E+00 0.27412E-01 0.75754E-01 FLOW 0.18240E+02STEP 1650AT   22   25    8
EMAX,EAVG,ECONT-0.33823E+00 0.27448E-01 0.75842E-01 FLOW 0.18235E+02STEP 1655AT   22   25    8
EMAX,EAVG,ECONT-0.33411E+00 0.27480E-01 0.75267E-01 FLOW 0.18227E+02STEP 1660AT   22   25    8
EMAX,EAVG,ECONT-0.32953E+00 0.27520E-01 0.73706E-01 FLOW 0.18210E+02STEP 1665AT   22   25    8
EMAX,EAVG,ECONT-0.32472E+00 0.27557E-01 0.70489E-01 FLOW 0.18171E+02STEP 1670AT   22   25    8
EMAX,EAVG,ECONT-0.31933E+00 0.27525E-01 0.66299E-01 FLOW 0.18124E+02STEP 1675AT   22   25    8
EMAX,EAVG,ECONT-0.31366E+00 0.27427E-01 0.61848E-01 FLOW 0.18081E+02STEP 1680AT   22   25    8
EMAX,EAVG,ECONT-0.30831E+00 0.27285E-01 0.56682E-01 FLOW 0.18026E+02STEP 1685AT   22   25    8
EMAX,EAVG,ECONT-0.30382E+00 0.27095E-01 0.63178E-01 FLOW 0.17956E+02STEP 1690AT   22   25    8
EMAX,EAVG,ECONT-0.30021E+00 0.26907E-01 0.70373E-01 FLOW 0.17890E+02STEP 1695AT   22   25    8
EMAX,EAVG,ECONT-0.29794E+00 0.26745E-01 0.77134E-01 FLOW 0.17823E+02STEP 1700AT   22   25    8
EMAX,EAVG,ECONT-0.29627E+00 0.26592E-01 0.83852E-01 FLOW 0.17749E+02STEP 1705AT   22   25    8
EMAX,EAVG,ECONT-0.29533E+00 0.26457E-01 0.90007E-01 FLOW 0.17675E+02STEP 1710AT   22   25    8
EMAX,EAVG,ECONT-0.29437E+00 0.26323E-01 0.95333E-01 FLOW 0.17604E+02STEP 1715AT   22   25    8
EMAX,EAVG,ECONT-0.29342E+00 0.26191E-01 0.99866E-01 FLOW 0.17537E+02STEP 1720AT   22   25    8
EMAX,EAVG,ECONT-0.29239E+00 0.26072E-01 0.10399E+00 FLOW 0.17467E+02STEP 1725AT   22   25    8
EMAX,EAVG,ECONT-0.29114E+00 0.25958E-01 0.10731E+00 FLOW 0.17401E+02STEP 1730AT   22   25    8
EMAX,EAVG,ECONT-0.29777E+00 0.25792E-01 0.10924E+00 FLOW 0.17348E+02STEP 1735AT   24   20    6
EMAX,EAVG,ECONT-0.30339E+00 0.25554E-01 0.11075E+00 FLOW 0.17294E+02STEP 1740AT   24   20    6
EMAX,EAVG,ECONT-0.30828E+00 0.25301E-01 0.11171E+00 FLOW 0.17241E+02STEP 1745AT   24   20    6
EMAX,EAVG,ECONT-0.31303E+00 0.24947E-01 0.11143E+00 FLOW 0.17202E+02STEP 1750AT   24   20    6
EMAX,EAVG,ECONT-0.31638E+00 0.24553E-01 0.11026E+00 FLOW 0.17171E+02STEP 1755AT   24   20    6
EMAX,EAVG,ECONT-0.31830E+00 0.24155E-01 0.10846E+00 FLOW 0.17145E+02STEP 1760AT   24   20    6
EMAX,EAVG,ECONT-0.31854E+00 0.23680E-01 0.10639E+00 FLOW 0.17121E+02STEP 1765AT   24   20    6
EMAX,EAVG,ECONT-0.32052E+00 0.23202E-01 0.10353E+00 FLOW 0.17105E+02STEP 1770AT   23   22    6
EMAX,EAVG,ECONT-0.32880E+00 0.22730E-01 0.99503E-01 FLOW 0.17106E+02STEP 1775AT   23   22    6
EMAX,EAVG,ECONT-0.33610E+00 0.22245E-01 0.95379E-01 FLOW 0.17106E+02STEP 1780AT   23   22    6
EMAX,EAVG,ECONT-0.34282E+00 0.21859E-01 0.91298E-01 FLOW 0.17105E+02STEP 1785AT   23   22    6
EMAX,EAVG,ECONT-0.34879E+00 0.21551E-01 0.86358E-01 FLOW 0.17116E+02STEP 1790AT   23   22    6
EMAX,EAVG,ECONT-0.35358E+00 0.21290E-01 0.80798E-01 FLOW 0.17136E+02STEP 1795AT   23   22    6
EMAX,EAVG,ECONT-0.35720E+00 0.21125E-01 0.75332E-01 FLOW 0.17156E+02STEP 1800AT   23   22    6
EMAX,EAVG,ECONT-0.36186E+00 0.21030E-01 0.70260E-01 FLOW 0.17169E+02STEP 1805AT   23   21    6
EMAX,EAVG,ECONT-0.36496E+00 0.21053E-01 0.64630E-01 FLOW 0.17190E+02STEP 1810AT   23   21    6
EMAX,EAVG,ECONT-0.36643E+00 0.21188E-01 0.59261E-01 FLOW 0.17226E+02STEP 1815AT   23   21    6
EMAX,EAVG,ECONT-0.37028E+00 0.21345E-01 0.54673E-01 FLOW 0.17247E+02STEP 1820AT   23   22    5
EMAX,EAVG,ECONT-0.37360E+00 0.21603E-01 0.50660E-01 FLOW 0.17259E+02STEP 1825AT   23   22    5
EMAX,EAVG,ECONT-0.37612E+00 0.21927E-01 0.45571E-01 FLOW 0.17288E+02STEP 1830AT   23   22    5
EMAX,EAVG,ECONT-0.37784E+00 0.22235E-01 0.40523E-01 FLOW 0.17316E+02STEP 1835AT   23   22    5
EMAX,EAVG,ECONT-0.37838E+00 0.22536E-01 0.37393E-01 FLOW 0.17325E+02STEP 1840AT   23   22    5
EMAX,EAVG,ECONT-0.37754E+00 0.22822E-01 0.36989E-01 FLOW 0.17332E+02STEP 1845AT   23   22    5
EMAX,EAVG,ECONT-0.37534E+00 0.23085E-01 0.36632E-01 FLOW 0.17345E+02STEP 1850AT   23   22    5
EMAX,EAVG,ECONT-0.37393E+00 0.23349E-01 0.35771E-01 FLOW 0.17354E+02STEP 1855AT   22   23    6
EMAX,EAVG,ECONT-0.37428E+00 0.23643E-01 0.34379E-01 FLOW 0.17349E+02STEP 1860AT   22   23    6
EMAX,EAVG,ECONT-0.37306E+00 0.23866E-01 0.34215E-01 FLOW 0.17333E+02STEP 1865AT   22   23    6
EMAX,EAVG,ECONT-0.37054E+00 0.24064E-01 0.36393E-01 FLOW 0.17324E+02STEP 1870AT   22   23    6
EMAX,EAVG,ECONT-0.36680E+00 0.24239E-01 0.38937E-01 FLOW 0.17309E+02STEP 1875AT   22   23    6
EMAX,EAVG,ECONT-0.36430E+00 0.24257E-01 0.42385E-01 FLOW 0.17277E+02STEP 1880AT   22   23    5
EMAX,EAVG,ECONT-0.36281E+00 0.24152E-01 0.45963E-01 FLOW 0.17241E+02STEP 1885AT   22   23    5
EMAX,EAVG,ECONT-0.36414E+00 0.23943E-01 0.49528E-01 FLOW 0.17204E+02STEP 1890AT   21   28    9
EMAX,EAVG,ECONT-0.36537E+00 0.23577E-01 0.53645E-01 FLOW 0.17165E+02STEP 1895AT   21   28    9
EMAX,EAVG,ECONT-0.36534E+00 0.23101E-01 0.59743E-01 FLOW 0.17113E+02STEP 1900AT   21   28    9
EMAX,EAVG,ECONT-0.36998E+00 0.22516E-01 0.66275E-01 FLOW 0.17052E+02STEP 1905AT   21   29    9
EMAX,EAVG,ECONT-0.37657E+00 0.21826E-01 0.72663E-01 FLOW 0.16999E+02STEP 1910AT   21   29    9
EMAX,EAVG,ECONT-0.38215E+00 0.21130E-01 0.79254E-01 FLOW 0.16941E+02STEP 1915AT   21   29    9
EMAX,EAVG,ECONT-0.38634E+00 0.20439E-01 0.86284E-01 FLOW 0.16869E+02STEP 1920AT   21   29    9
EMAX,EAVG,ECONT-0.38955E+00 0.19801E-01 0.92387E-01 FLOW 0.16805E+02STEP 1925AT   21   29    9
EMAX,EAVG,ECONT-0.39183E+00 0.19276E-01 0.98043E-01 FLOW 0.16741E+02STEP 1930AT   21   29    9
EMAX,EAVG,ECONT-0.39317E+00 0.18840E-01 0.10369E+00 FLOW 0.16668E+02STEP 1935AT   21   29    9
EMAX,EAVG,ECONT-0.39378E+00 0.18523E-01 0.10833E+00 FLOW 0.16602E+02STEP 1940AT   21   30    9
EMAX,EAVG,ECONT-0.40120E+00 0.18347E-01 0.11220E+00 FLOW 0.16539E+02STEP 1945AT   21   30    9
EMAX,EAVG,ECONT 0.40923E+00 0.18288E-01 0.11578E+00 FLOW 0.16474E+02STEP 1950AT   24   20    7
EMAX,EAVG,ECONT 0.41837E+00 0.18360E-01 0.11870E+00 FLOW 0.16411E+02STEP 1955AT   24   20    7
EMAX,EAVG,ECONT 0.42737E+00 0.18547E-01 0.12041E+00 FLOW 0.16358E+02STEP 1960AT   24   20    7
EMAX,EAVG,ECONT 0.43563E+00 0.18804E-01 0.12111E+00 FLOW 0.16311E+02STEP 1965AT   24   20    7
EMAX,EAVG,ECONT 0.44490E+00 0.19169E-01 0.12189E+00 FLOW 0.16256E+02STEP 1970AT   24   20    6
EMAX,EAVG,ECONT 0.45736E+00 0.19613E-01 0.12115E+00 FLOW 0.16217E+02STEP 1975AT   24   20    6
EMAX,EAVG,ECONT 0.46786E+00 0.20036E-01 0.11980E+00 FLOW 0.16192E+02STEP 1980AT   24   20    6
EMAX,EAVG,ECONT 0.47735E+00 0.20498E-01 0.11883E+00 FLOW 0.16158E+02STEP 1985AT   24   20    6
EMAX,EAVG,ECONT 0.48606E+00 0.20992E-01 0.11714E+00 FLOW 0.16134E+02STEP 1990AT   24   20    6
EMAX,EAVG,ECONT 0.49255E+00 0.21388E-01 0.11447E+00 FLOW 0.16121E+02STEP 1995AT   24   20    6
EMAX,EAVG,ECONT 0.49815E+00 0.21792E-01 0.11177E+00 FLOW 0.16111E+02STEP 2000AT   24   20    6
