EMAX,EAVG,ECONT 0.70536E+00 0.13897E+00 0.36737E-01 FLOW 0.25435E+02STEP    5AT   37  418   21
EMAX,EAVG,ECONT 0.91468E+00 0.20078E+00 0.51611E-01 FLOW 0.25559E+02STEP   10AT    1  339   24
EMAX,EAVG,ECONT 0.10280E+01 0.25367E+00 0.74865E-01 FLOW 0.25599E+02STEP   15AT    1  103   36
EMAX,EAVG,ECONT 0.10981E+01 0.24386E+00 0.90616E-01 FLOW 0.25626E+02STEP   20AT   37   23   37
EMAX,EAVG,ECONT-0.89793E+00 0.22088E+00 0.97039E-01 FLOW 0.25566E+02STEP   25AT   37   58    3
EMAX,EAVG,ECONT 0.93737E+00 0.21595E+00 0.92162E-01 FLOW 0.25461E+02STEP   30AT    3  419   37
EMAX,EAVG,ECONT 0.10045E+01 0.21588E+00 0.96220E-01 FLOW 0.25309E+02STEP   35AT    2  419   37
EMAX,EAVG,ECONT 0.10071E+01 0.20825E+00 0.92388E-01 FLOW 0.25113E+02STEP   40AT    2  419   35
EMAX,EAVG,ECONT-0.97884E+00 0.20442E+00 0.91835E-01 FLOW 0.24866E+02STEP   45AT   37  415   21
EMAX,EAVG,ECONT-0.10393E+01 0.19593E+00 0.83759E-01 FLOW 0.24577E+02STEP   50AT   37  178   37
EMAX,EAVG,ECONT-0.10719E+01 0.18575E+00 0.79652E-01 FLOW 0.24268E+02STEP   55AT    1  257   37
EMAX,EAVG,ECONT-0.10725E+01 0.17224E+00 0.86746E-01 FLOW 0.23956E+02STEP   60AT    1  257   37
EMAX,EAVG,ECONT-0.10037E+01 0.14922E+00 0.89933E-01 FLOW 0.23648E+02STEP   65AT    1  257   36
EMAX,EAVG,ECONT-0.91029E+00 0.12507E+00 0.82945E-01 FLOW 0.23353E+02STEP   70AT    1   99   36
EMAX,EAVG,ECONT-0.82331E+00 0.11144E+00 0.91687E-01 FLOW 0.23077E+02STEP   75AT    1   99   36
EMAX,EAVG,ECONT-0.76429E+00 0.11190E+00 0.10820E+00 FLOW 0.22828E+02STEP   80AT    1  415   36
EMAX,EAVG,ECONT-0.76538E+00 0.12202E+00 0.11961E+00 FLOW 0.22615E+02STEP   85AT    2  182   37
EMAX,EAVG,ECONT-0.81492E+00 0.13313E+00 0.12579E+00 FLOW 0.22447E+02STEP   90AT    2  181   37
EMAX,EAVG,ECONT-0.83096E+00 0.14036E+00 0.12763E+00 FLOW 0.22341E+02STEP   95AT    2  181   37
EMAX,EAVG,ECONT-0.81014E+00 0.14268E+00 0.13181E+00 FLOW 0.22317E+02STEP  100AT    1  181   37
EMAX,EAVG,ECONT-0.80838E+00 0.13786E+00 0.13677E+00 FLOW 0.22379E+02STEP  105AT    1  181    2
EMAX,EAVG,ECONT-0.79489E+00 0.12842E+00 0.13670E+00 FLOW 0.22512E+02STEP  110AT   36  182   37
EMAX,EAVG,ECONT-0.78850E+00 0.11918E+00 0.13072E+00 FLOW 0.22697E+02STEP  115AT    2  103    1
EMAX,EAVG,ECONT-0.79737E+00 0.11107E+00 0.12411E+00 FLOW 0.22918E+02STEP  120AT   36  182   37
EMAX,EAVG,ECONT-0.81782E+00 0.10470E+00 0.11591E+00 FLOW 0.23160E+02STEP  125AT   37  182   37
EMAX,EAVG,ECONT-0.80264E+00 0.10049E+00 0.10649E+00 FLOW 0.23412E+02STEP  130AT   37  182   37
EMAX,EAVG,ECONT-0.80059E+00 0.98667E-01 0.95972E-01 FLOW 0.23666E+02STEP  135AT    1  419   19
EMAX,EAVG,ECONT-0.81894E+00 0.98399E-01 0.84776E-01 FLOW 0.23915E+02STEP  140AT    1  103   24
EMAX,EAVG,ECONT-0.83418E+00 0.97412E-01 0.73673E-01 FLOW 0.24152E+02STEP  145AT    1  103   26
EMAX,EAVG,ECONT-0.82896E+00 0.94890E-01 0.63139E-01 FLOW 0.24370E+02STEP  150AT    1  103   37
EMAX,EAVG,ECONT-0.82759E+00 0.92110E-01 0.58673E-01 FLOW 0.24560E+02STEP  155AT    1  103   37
EMAX,EAVG,ECONT-0.78749E+00 0.89182E-01 0.63104E-01 FLOW 0.24714E+02STEP  160AT    1  103   33
EMAX,EAVG,ECONT-0.77086E+00 0.86091E-01 0.64143E-01 FLOW 0.24827E+02STEP  165AT    1  419   29
EMAX,EAVG,ECONT-0.76126E+00 0.82978E-01 0.61758E-01 FLOW 0.24892E+02STEP  170AT    1  419   36
EMAX,EAVG,ECONT-0.68496E+00 0.80169E-01 0.56287E-01 FLOW 0.24910E+02STEP  175AT    1  419   33
EMAX,EAVG,ECONT 0.64553E+00 0.78117E-01 0.51771E-01 FLOW 0.24885E+02STEP  180AT    1  416   37
EMAX,EAVG,ECONT 0.63146E+00 0.76567E-01 0.56284E-01 FLOW 0.24824E+02STEP  185AT    1  416   37
EMAX,EAVG,ECONT-0.57184E+00 0.75086E-01 0.61348E-01 FLOW 0.24735E+02STEP  190AT   35  416   37
EMAX,EAVG,ECONT-0.63802E+00 0.73568E-01 0.66020E-01 FLOW 0.24627E+02STEP  195AT   37  417   22
EMAX,EAVG,ECONT-0.65036E+00 0.72019E-01 0.69514E-01 FLOW 0.24504E+02STEP  200AT   37  417   24
EMAX,EAVG,ECONT-0.63287E+00 0.70291E-01 0.71928E-01 FLOW 0.24373E+02STEP  205AT   37  416   32
EMAX,EAVG,ECONT-0.62392E+00 0.68308E-01 0.79319E-01 FLOW 0.24240E+02STEP  210AT   37  416   33
EMAX,EAVG,ECONT-0.59239E+00 0.65860E-01 0.84972E-01 FLOW 0.24110E+02STEP  215AT   37  259   26
EMAX,EAVG,ECONT 0.57791E+00 0.63100E-01 0.88547E-01 FLOW 0.23991E+02STEP  220AT    3  419   20
EMAX,EAVG,ECONT 0.57908E+00 0.60489E-01 0.91521E-01 FLOW 0.23890E+02STEP  225AT    3  419   20
EMAX,EAVG,ECONT 0.57133E+00 0.58456E-01 0.99799E-01 FLOW 0.23814E+02STEP  230AT    2  419   21
EMAX,EAVG,ECONT 0.56134E+00 0.57057E-01 0.10533E+00 FLOW 0.23767E+02STEP  235AT    2  419   23
EMAX,EAVG,ECONT 0.54237E+00 0.56240E-01 0.10762E+00 FLOW 0.23755E+02STEP  240AT    2  419   23
EMAX,EAVG,ECONT 0.54479E+00 0.55670E-01 0.10658E+00 FLOW 0.23776E+02STEP  245AT    1  419   32
EMAX,EAVG,ECONT 0.54582E+00 0.55268E-01 0.10257E+00 FLOW 0.23826E+02STEP  250AT    1  419   37
EMAX,EAVG,ECONT 0.53375E+00 0.55144E-01 0.96070E-01 FLOW 0.23898E+02STEP  255AT   37   23   37
EMAX,EAVG,ECONT 0.51051E+00 0.54967E-01 0.87675E-01 FLOW 0.23987E+02STEP  260AT   37   23   37
EMAX,EAVG,ECONT 0.48485E+00 0.54511E-01 0.78061E-01 FLOW 0.24088E+02STEP  265AT   37  419   32
EMAX,EAVG,ECONT 0.47889E+00 0.53692E-01 0.75325E-01 FLOW 0.24195E+02STEP  270AT   37  148   27
EMAX,EAVG,ECONT 0.46418E+00 0.52665E-01 0.74150E-01 FLOW 0.24303E+02STEP  275AT    1  418   37
EMAX,EAVG,ECONT 0.46836E+00 0.51419E-01 0.73174E-01 FLOW 0.24410E+02STEP  280AT   37  306   13
EMAX,EAVG,ECONT 0.48007E+00 0.50086E-01 0.71844E-01 FLOW 0.24511E+02STEP  285AT   37  306    9
EMAX,EAVG,ECONT 0.46227E+00 0.48813E-01 0.70134E-01 FLOW 0.24605E+02STEP  290AT   37  306    3
EMAX,EAVG,ECONT 0.43481E+00 0.47677E-01 0.68073E-01 FLOW 0.24691E+02STEP  295AT   37  148    3
EMAX,EAVG,ECONT 0.41035E+00 0.46666E-01 0.65704E-01 FLOW 0.24767E+02STEP  300AT   37  148    1
EMAX,EAVG,ECONT 0.33383E+00 0.45752E-01 0.63558E-01 FLOW 0.24834E+02STEP  305AT    1  108   32
EMAX,EAVG,ECONT 0.36093E+00 0.44987E-01 0.61200E-01 FLOW 0.24893E+02STEP  310AT    1  108   34
EMAX,EAVG,ECONT 0.36945E+00 0.44326E-01 0.58785E-01 FLOW 0.24945E+02STEP  315AT    1  108   36
EMAX,EAVG,ECONT 0.36176E+00 0.43635E-01 0.56102E-01 FLOW 0.24989E+02STEP  320AT    1  108   37
EMAX,EAVG,ECONT 0.33860E+00 0.42918E-01 0.53165E-01 FLOW 0.25027E+02STEP  325AT    1  108   37
EMAX,EAVG,ECONT-0.32300E+00 0.42197E-01 0.50080E-01 FLOW 0.25059E+02STEP  330AT   37  419   33
EMAX,EAVG,ECONT-0.31276E+00 0.41460E-01 0.48174E-01 FLOW 0.25084E+02STEP  335AT   37  305    5
EMAX,EAVG,ECONT 0.30083E+00 0.40572E-01 0.46475E-01 FLOW 0.25103E+02STEP  340AT   37  145   23
EMAX,EAVG,ECONT 0.30024E+00 0.39438E-01 0.45014E-01 FLOW 0.25115E+02STEP  345AT    2  264   37
EMAX,EAVG,ECONT-0.29277E+00 0.38068E-01 0.46247E-01 FLOW 0.25120E+02STEP  350AT   37  147    3
EMAX,EAVG,ECONT 0.29739E+00 0.36502E-01 0.49400E-01 FLOW 0.25119E+02STEP  355AT    1  419   20
EMAX,EAVG,ECONT 0.31540E+00 0.34803E-01 0.53497E-01 FLOW 0.25112E+02STEP  360AT    1  419   20
EMAX,EAVG,ECONT 0.32213E+00 0.33106E-01 0.57485E-01 FLOW 0.25099E+02STEP  365AT    1  419   21
EMAX,EAVG,ECONT 0.31894E+00 0.31617E-01 0.61279E-01 FLOW 0.25081E+02STEP  370AT    1  419   21
EMAX,EAVG,ECONT 0.30560E+00 0.30558E-01 0.64776E-01 FLOW 0.25060E+02STEP  375AT    1  419   21
EMAX,EAVG,ECONT 0.28187E+00 0.29931E-01 0.67894E-01 FLOW 0.25037E+02STEP  380AT    1  419   22
EMAX,EAVG,ECONT 0.26577E+00 0.29685E-01 0.70565E-01 FLOW 0.25013E+02STEP  385AT    1  419   29
EMAX,EAVG,ECONT 0.26589E+00 0.29696E-01 0.72727E-01 FLOW 0.24990E+02STEP  390AT    1  419   29
EMAX,EAVG,ECONT 0.25069E+00 0.29762E-01 0.74352E-01 FLOW 0.24968E+02STEP  395AT    1  419   29
EMAX,EAVG,ECONT 0.23510E+00 0.29787E-01 0.75360E-01 FLOW 0.24950E+02STEP  400AT    1  420   32
EMAX,EAVG,ECONT 0.23098E+00 0.29749E-01 0.75642E-01 FLOW 0.24937E+02STEP  405AT    1  420   35
EMAX,EAVG,ECONT 0.23306E+00 0.29649E-01 0.75098E-01 FLOW 0.24930E+02STEP  410AT    1  421   37
EMAX,EAVG,ECONT 0.23468E+00 0.29490E-01 0.73707E-01 FLOW 0.24929E+02STEP  415AT    1  421   37
EMAX,EAVG,ECONT 0.21099E+00 0.29241E-01 0.71524E-01 FLOW 0.24936E+02STEP  420AT    1  421   37
EMAX,EAVG,ECONT 0.20185E+00 0.28917E-01 0.68680E-01 FLOW 0.24951E+02STEP  425AT    1  418   29
EMAX,EAVG,ECONT 0.20379E+00 0.28507E-01 0.65975E-01 FLOW 0.24974E+02STEP  430AT    1  418   30
EMAX,EAVG,ECONT 0.20407E+00 0.28028E-01 0.63813E-01 FLOW 0.25003E+02STEP  435AT    1  418   31
EMAX,EAVG,ECONT 0.20227E+00 0.27530E-01 0.61276E-01 FLOW 0.25038E+02STEP  440AT    1  418   32
EMAX,EAVG,ECONT 0.20041E+00 0.27016E-01 0.58455E-01 FLOW 0.25079E+02STEP  445AT    1  418   35
EMAX,EAVG,ECONT 0.19509E+00 0.26463E-01 0.57486E-01 FLOW 0.25124E+02STEP  450AT    1  418   35
EMAX,EAVG,ECONT 0.19179E+00 0.25877E-01 0.57059E-01 FLOW 0.25173E+02STEP  455AT    1  418   37
EMAX,EAVG,ECONT 0.20220E+00 0.25301E-01 0.56247E-01 FLOW 0.25226E+02STEP  460AT   37   23   37
EMAX,EAVG,ECONT 0.20836E+00 0.24738E-01 0.55077E-01 FLOW 0.25280E+02STEP  465AT   37   23   36
EMAX,EAVG,ECONT 0.20860E+00 0.24179E-01 0.53577E-01 FLOW 0.25336E+02STEP  470AT    1  425   37
EMAX,EAVG,ECONT 0.20782E+00 0.23644E-01 0.51781E-01 FLOW 0.25393E+02STEP  475AT    1  424   36
EMAX,EAVG,ECONT 0.20010E+00 0.23132E-01 0.49823E-01 FLOW 0.25451E+02STEP  480AT   37  340   35
EMAX,EAVG,ECONT 0.18713E+00 0.22610E-01 0.47953E-01 FLOW 0.25507E+02STEP  485AT   37  340   35
EMAX,EAVG,ECONT 0.18743E+00 0.22068E-01 0.45737E-01 FLOW 0.25563E+02STEP  490AT    1  422   32
EMAX,EAVG,ECONT 0.19326E+00 0.21515E-01 0.43177E-01 FLOW 0.25618E+02STEP  495AT    1  422   32
EMAX,EAVG,ECONT 0.19059E+00 0.20995E-01 0.40306E-01 FLOW 0.25672E+02STEP  500AT    1  422   32
EMAX,EAVG,ECONT 0.18854E+00 0.20553E-01 0.37191E-01 FLOW 0.25724E+02STEP  505AT    1  422   35
EMAX,EAVG,ECONT 0.19634E+00 0.20177E-01 0.33915E-01 FLOW 0.25773E+02STEP  510AT    1  422   35
EMAX,EAVG,ECONT 0.19543E+00 0.19827E-01 0.30879E-01 FLOW 0.25820E+02STEP  515AT    1  422   35
EMAX,EAVG,ECONT 0.18718E+00 0.19467E-01 0.28244E-01 FLOW 0.25863E+02STEP  520AT    1  422   36
EMAX,EAVG,ECONT 0.16977E+00 0.19087E-01 0.25779E-01 FLOW 0.25902E+02STEP  525AT    1  422   36
EMAX,EAVG,ECONT 0.15193E+00 0.18667E-01 0.23844E-01 FLOW 0.25937E+02STEP  530AT    1  421   36
EMAX,EAVG,ECONT 0.13242E+00 0.18217E-01 0.22947E-01 FLOW 0.25967E+02STEP  535AT   12  445   11
EMAX,EAVG,ECONT 0.12250E+00 0.17759E-01 0.22084E-01 FLOW 0.25992E+02STEP  540AT   12  445   11
EMAX,EAVG,ECONT 0.11597E+00 0.17314E-01 0.21247E-01 FLOW 0.26013E+02STEP  545AT    2  418   11
EMAX,EAVG,ECONT 0.11907E+00 0.16911E-01 0.20431E-01 FLOW 0.26030E+02STEP  550AT    2  418   11
EMAX,EAVG,ECONT 0.11957E+00 0.16590E-01 0.20107E-01 FLOW 0.26044E+02STEP  555AT    2  418   11
EMAX,EAVG,ECONT 0.11670E+00 0.16393E-01 0.20384E-01 FLOW 0.26056E+02STEP  560AT    2  418   11
EMAX,EAVG,ECONT 0.11281E+00 0.16322E-01 0.20495E-01 FLOW 0.26067E+02STEP  565AT   35  337   29
EMAX,EAVG,ECONT 0.10929E+00 0.16357E-01 0.20394E-01 FLOW 0.26078E+02STEP  570AT    4  417   11
EMAX,EAVG,ECONT 0.11609E+00 0.16474E-01 0.20725E-01 FLOW 0.26090E+02STEP  575AT    4  417   11
EMAX,EAVG,ECONT 0.12139E+00 0.16635E-01 0.20971E-01 FLOW 0.26103E+02STEP  580AT    4  417   11
EMAX,EAVG,ECONT 0.12545E+00 0.16814E-01 0.21038E-01 FLOW 0.26120E+02STEP  585AT    4  416   11
EMAX,EAVG,ECONT 0.12650E+00 0.16967E-01 0.20925E-01 FLOW 0.26139E+02STEP  590AT    4  416   11
EMAX,EAVG,ECONT-0.12710E+00 0.17037E-01 0.20628E-01 FLOW 0.26162E+02STEP  595AT   37  340   37
EMAX,EAVG,ECONT-0.12807E+00 0.16989E-01 0.20154E-01 FLOW 0.26188E+02STEP  600AT   37  340   37
EMAX,EAVG,ECONT 0.13093E+00 0.16821E-01 0.19499E-01 FLOW 0.26217E+02STEP  605AT   37  337   37
EMAX,EAVG,ECONT 0.13369E+00 0.16559E-01 0.18666E-01 FLOW 0.26249E+02STEP  610AT   37  337   37
EMAX,EAVG,ECONT 0.13553E+00 0.16265E-01 0.17657E-01 FLOW 0.26283E+02STEP  615AT   37  337   37
EMAX,EAVG,ECONT 0.13693E+00 0.15984E-01 0.16495E-01 FLOW 0.26319E+02STEP  620AT   37  337   37
EMAX,EAVG,ECONT 0.13815E+00 0.15740E-01 0.15974E-01 FLOW 0.26357E+02STEP  625AT   37  337   37
EMAX,EAVG,ECONT 0.13975E+00 0.15532E-01 0.16746E-01 FLOW 0.26395E+02STEP  630AT   36   24   35
EMAX,EAVG,ECONT 0.14045E+00 0.15347E-01 0.17357E-01 FLOW 0.26433E+02STEP  635AT   37  337   37
EMAX,EAVG,ECONT 0.14203E+00 0.15170E-01 0.17853E-01 FLOW 0.26471E+02STEP  640AT   37  337   36
EMAX,EAVG,ECONT 0.14928E+00 0.14994E-01 0.19372E-01 FLOW 0.26509E+02STEP  645AT   37  338   35
EMAX,EAVG,ECONT 0.15872E+00 0.14823E-01 0.21111E-01 FLOW 0.26545E+02STEP  650AT   37  338   35
EMAX,EAVG,ECONT 0.16875E+00 0.14659E-01 0.22704E-01 FLOW 0.26580E+02STEP  655AT   37  338   35
EMAX,EAVG,ECONT 0.17797E+00 0.14499E-01 0.24136E-01 FLOW 0.26613E+02STEP  660AT   37  338   35
EMAX,EAVG,ECONT 0.18396E+00 0.14337E-01 0.25392E-01 FLOW 0.26646E+02STEP  665AT   37  338   35
EMAX,EAVG,ECONT 0.18345E+00 0.14162E-01 0.26474E-01 FLOW 0.26677E+02STEP  670AT   37  338   35
EMAX,EAVG,ECONT 0.17845E+00 0.13949E-01 0.27392E-01 FLOW 0.26706E+02STEP  675AT   37  338   35
EMAX,EAVG,ECONT 0.17081E+00 0.13686E-01 0.28167E-01 FLOW 0.26735E+02STEP  680AT   37  338   35
EMAX,EAVG,ECONT 0.16159E+00 0.13375E-01 0.28831E-01 FLOW 0.26763E+02STEP  685AT   37  338   35
EMAX,EAVG,ECONT 0.15223E+00 0.13024E-01 0.29420E-01 FLOW 0.26791E+02STEP  690AT   37  340   34
EMAX,EAVG,ECONT 0.15652E+00 0.12661E-01 0.29967E-01 FLOW 0.26817E+02STEP  695AT   37  340   34
EMAX,EAVG,ECONT 0.15862E+00 0.12309E-01 0.30742E-01 FLOW 0.26844E+02STEP  700AT   37  340   34
EMAX,EAVG,ECONT 0.15874E+00 0.11990E-01 0.31523E-01 FLOW 0.26869E+02STEP  705AT   37  340   34
EMAX,EAVG,ECONT 0.15703E+00 0.11698E-01 0.32086E-01 FLOW 0.26894E+02STEP  710AT   37  340   34
EMAX,EAVG,ECONT 0.15372E+00 0.11430E-01 0.32458E-01 FLOW 0.26919E+02STEP  715AT   37  340   34
EMAX,EAVG,ECONT 0.14903E+00 0.11180E-01 0.33113E-01 FLOW 0.26943E+02STEP  720AT   37  340   34
EMAX,EAVG,ECONT 0.14319E+00 0.10948E-01 0.33913E-01 FLOW 0.26966E+02STEP  725AT   37  340   34
EMAX,EAVG,ECONT 0.13727E+00 0.10733E-01 0.34763E-01 FLOW 0.26988E+02STEP  730AT   37  181    9
EMAX,EAVG,ECONT 0.13190E+00 0.10531E-01 0.35636E-01 FLOW 0.27010E+02STEP  735AT   37  181    9
EMAX,EAVG,ECONT 0.12609E+00 0.10338E-01 0.36503E-01 FLOW 0.27031E+02STEP  740AT   37  181    9
EMAX,EAVG,ECONT 0.12115E+00 0.10146E-01 0.37330E-01 FLOW 0.27052E+02STEP  745AT   37  181    3
EMAX,EAVG,ECONT 0.12044E+00 0.99593E-02 0.38073E-01 FLOW 0.27071E+02STEP  750AT   37  181    3
EMAX,EAVG,ECONT 0.11959E+00 0.97852E-02 0.38709E-01 FLOW 0.27090E+02STEP  755AT   37  181    3
EMAX,EAVG,ECONT 0.11911E+00 0.96316E-02 0.39211E-01 FLOW 0.27108E+02STEP  760AT   37  181    4
EMAX,EAVG,ECONT 0.11918E+00 0.94993E-02 0.39566E-01 FLOW 0.27125E+02STEP  765AT   37  181    4
EMAX,EAVG,ECONT 0.11920E+00 0.93877E-02 0.39769E-01 FLOW 0.27141E+02STEP  770AT   37  181    4
EMAX,EAVG,ECONT 0.12038E+00 0.92899E-02 0.39827E-01 FLOW 0.27157E+02STEP  775AT   37  182    4
EMAX,EAVG,ECONT 0.12449E+00 0.91982E-02 0.39751E-01 FLOW 0.27171E+02STEP  780AT   37  182    4
EMAX,EAVG,ECONT 0.12795E+00 0.91065E-02 0.39557E-01 FLOW 0.27183E+02STEP  785AT   37  182    4
EMAX,EAVG,ECONT 0.13041E+00 0.90119E-02 0.39270E-01 FLOW 0.27195E+02STEP  790AT   37  182    4
EMAX,EAVG,ECONT 0.13149E+00 0.89160E-02 0.38904E-01 FLOW 0.27205E+02STEP  795AT   37  182    4
EMAX,EAVG,ECONT 0.13095E+00 0.88199E-02 0.38481E-01 FLOW 0.27213E+02STEP  800AT   37  182    4
EMAX,EAVG,ECONT 0.12876E+00 0.87326E-02 0.38018E-01 FLOW 0.27220E+02STEP  805AT   37  182    5
EMAX,EAVG,ECONT 0.12521E+00 0.86620E-02 0.37530E-01 FLOW 0.27225E+02STEP  810AT   37  182    5
EMAX,EAVG,ECONT 0.12201E+00 0.86074E-02 0.37019E-01 FLOW 0.27228E+02STEP  815AT   37  182    9
EMAX,EAVG,ECONT 0.12142E+00 0.85655E-02 0.36499E-01 FLOW 0.27230E+02STEP  820AT   37  180   18
EMAX,EAVG,ECONT 0.12612E+00 0.85318E-02 0.35968E-01 FLOW 0.27229E+02STEP  825AT   37  180   18
EMAX,EAVG,ECONT 0.13022E+00 0.84977E-02 0.35421E-01 FLOW 0.27227E+02STEP  830AT   37  180   18
EMAX,EAVG,ECONT 0.13381E+00 0.84545E-02 0.34851E-01 FLOW 0.27222E+02STEP  835AT   37  180   18
EMAX,EAVG,ECONT 0.13697E+00 0.83990E-02 0.34248E-01 FLOW 0.27216E+02STEP  840AT   37  180   18
EMAX,EAVG,ECONT 0.14110E+00 0.83359E-02 0.33603E-01 FLOW 0.27208E+02STEP  845AT   37  179   18
EMAX,EAVG,ECONT 0.14711E+00 0.82666E-02 0.32902E-01 FLOW 0.27199E+02STEP  850AT   37  179   18
EMAX,EAVG,ECONT 0.15269E+00 0.81938E-02 0.32135E-01 FLOW 0.27188E+02STEP  855AT   37  179   18
EMAX,EAVG,ECONT 0.15787E+00 0.81196E-02 0.31298E-01 FLOW 0.27175E+02STEP  860AT   37  179   18
EMAX,EAVG,ECONT 0.16259E+00 0.80433E-02 0.30378E-01 FLOW 0.27162E+02STEP  865AT   37  179   18
EMAX,EAVG,ECONT 0.16688E+00 0.79680E-02 0.29379E-01 FLOW 0.27147E+02STEP  870AT   37  179   18
EMAX,EAVG,ECONT 0.17070E+00 0.78946E-02 0.28299E-01 FLOW 0.27131E+02STEP  875AT   37  179   18
EMAX,EAVG,ECONT 0.17404E+00 0.78229E-02 0.27148E-01 FLOW 0.27114E+02STEP  880AT   37  179   18
EMAX,EAVG,ECONT 0.17691E+00 0.77497E-02 0.25935E-01 FLOW 0.27097E+02STEP  885AT   37  179   18
EMAX,EAVG,ECONT 0.17921E+00 0.76748E-02 0.24679E-01 FLOW 0.27079E+02STEP  890AT   37  179   18
EMAX,EAVG,ECONT 0.18098E+00 0.76003E-02 0.23391E-01 FLOW 0.27061E+02STEP  895AT   37  179   18
EMAX,EAVG,ECONT 0.18215E+00 0.75307E-02 0.22089E-01 FLOW 0.27043E+02STEP  900AT   37  179   18
EMAX,EAVG,ECONT 0.18270E+00 0.74685E-02 0.20786E-01 FLOW 0.27025E+02STEP  905AT   37  179   18
EMAX,EAVG,ECONT 0.18255E+00 0.74198E-02 0.19495E-01 FLOW 0.27007E+02STEP  910AT   37  179   18
EMAX,EAVG,ECONT 0.18179E+00 0.73850E-02 0.18230E-01 FLOW 0.26991E+02STEP  915AT   37  179   18
EMAX,EAVG,ECONT 0.18037E+00 0.73611E-02 0.16997E-01 FLOW 0.26975E+02STEP  920AT   37  179   18
EMAX,EAVG,ECONT 0.17836E+00 0.73481E-02 0.15808E-01 FLOW 0.26961E+02STEP  925AT   37  179   18
EMAX,EAVG,ECONT 0.17581E+00 0.73432E-02 0.14665E-01 FLOW 0.26948E+02STEP  930AT   37  179   18
EMAX,EAVG,ECONT 0.17284E+00 0.73464E-02 0.13579E-01 FLOW 0.26937E+02STEP  935AT   37  179   18
EMAX,EAVG,ECONT 0.16941E+00 0.73548E-02 0.12548E-01 FLOW 0.26928E+02STEP  940AT   37  179   18
EMAX,EAVG,ECONT 0.17229E+00 0.73704E-02 0.11586E-01 FLOW 0.26921E+02STEP  945AT   37  337   20
EMAX,EAVG,ECONT 0.17537E+00 0.73937E-02 0.10690E-01 FLOW 0.26916E+02STEP  950AT   37  337   20
EMAX,EAVG,ECONT 0.17810E+00 0.74247E-02 0.98587E-02 FLOW 0.26913E+02STEP  955AT   37  337   20
EMAX,EAVG,ECONT 0.18033E+00 0.74636E-02 0.90921E-02 FLOW 0.26912E+02STEP  960AT   37  337   20
EMAX,EAVG,ECONT 0.18198E+00 0.75082E-02 0.83864E-02 FLOW 0.26913E+02STEP  965AT   37  337   20
EMAX,EAVG,ECONT 0.18296E+00 0.75544E-02 0.77331E-02 FLOW 0.26916E+02STEP  970AT   37  337   20
EMAX,EAVG,ECONT 0.18317E+00 0.75952E-02 0.71327E-02 FLOW 0.26921E+02STEP  975AT   37  337   20
EMAX,EAVG,ECONT 0.18266E+00 0.76251E-02 0.65783E-02 FLOW 0.26926E+02STEP  980AT   37  337   20
EMAX,EAVG,ECONT 0.19180E+00 0.76415E-02 0.60674E-02 FLOW 0.26933E+02STEP  985AT   37  337   37
EMAX,EAVG,ECONT 0.20203E+00 0.76410E-02 0.55990E-02 FLOW 0.26941E+02STEP  990AT   37  337   37
EMAX,EAVG,ECONT 0.21195E+00 0.76223E-02 0.51708E-02 FLOW 0.26950E+02STEP  995AT   37  337   37
EMAX,EAVG,ECONT 0.22147E+00 0.75867E-02 0.47867E-02 FLOW 0.26959E+02STEP 1000AT   37  337   37
EMAX,EAVG,ECONT 0.22381E+00 0.74764E-02 0.44476E-02 FLOW 0.26969E+02STEP 1005AT   37  337   37
EMAX,EAVG,ECONT 0.22546E+00 0.73543E-02 0.41683E-02 FLOW 0.26979E+02STEP 1010AT   37  337   37
EMAX,EAVG,ECONT 0.22632E+00 0.72191E-02 0.39532E-02 FLOW 0.26990E+02STEP 1015AT   37  337   37
EMAX,EAVG,ECONT 0.22633E+00 0.70728E-02 0.37957E-02 FLOW 0.27001E+02STEP 1020AT   37  337   37
EMAX,EAVG,ECONT 0.22542E+00 0.69194E-02 0.39496E-02 FLOW 0.27012E+02STEP 1025AT   37  337   37
EMAX,EAVG,ECONT 0.22330E+00 0.67645E-02 0.43527E-02 FLOW 0.27023E+02STEP 1030AT   37  337   37
EMAX,EAVG,ECONT 0.21967E+00 0.66146E-02 0.47541E-02 FLOW 0.27034E+02STEP 1035AT   37  337   37
EMAX,EAVG,ECONT 0.21398E+00 0.64712E-02 0.51482E-02 FLOW 0.27044E+02STEP 1040AT   37  337   37
EMAX,EAVG,ECONT 0.20549E+00 0.63346E-02 0.55221E-02 FLOW 0.27053E+02STEP 1045AT   37  337   37
EMAX,EAVG,ECONT 0.19342E+00 0.62067E-02 0.58727E-02 FLOW 0.27061E+02STEP 1050AT   37  337   37
EMAX,EAVG,ECONT 0.17758E+00 0.60881E-02 0.61942E-02 FLOW 0.27069E+02STEP 1055AT   37  337   37
EMAX,EAVG,ECONT 0.16027E+00 0.59814E-02 0.64816E-02 FLOW 0.27076E+02STEP 1060AT   37  337   33
EMAX,EAVG,ECONT 0.15009E+00 0.58882E-02 0.67366E-02 FLOW 0.27082E+02STEP 1065AT   37  183    7
EMAX,EAVG,ECONT 0.14664E+00 0.58091E-02 0.69575E-02 FLOW 0.27087E+02STEP 1070AT   37  183    7
EMAX,EAVG,ECONT 0.14191E+00 0.57426E-02 0.71473E-02 FLOW 0.27092E+02STEP 1075AT   37  183    7
EMAX,EAVG,ECONT-0.14616E+00 0.56862E-02 0.73023E-02 FLOW 0.27096E+02STEP 1080AT   37   22   37
EMAX,EAVG,ECONT-0.15109E+00 0.56383E-02 0.74266E-02 FLOW 0.27099E+02STEP 1085AT   37   22   37
EMAX,EAVG,ECONT-0.15361E+00 0.55962E-02 0.75198E-02 FLOW 0.27102E+02STEP 1090AT   37   22   37
EMAX,EAVG,ECONT-0.15487E+00 0.55590E-02 0.75845E-02 FLOW 0.27104E+02STEP 1095AT   37   22   37
EMAX,EAVG,ECONT-0.15552E+00 0.55260E-02 0.76188E-02 FLOW 0.27106E+02STEP 1100AT   37   22   37
EMAX,EAVG,ECONT-0.15579E+00 0.54971E-02 0.76265E-02 FLOW 0.27108E+02STEP 1105AT   37   22   37
EMAX,EAVG,ECONT-0.15551E+00 0.54725E-02 0.76089E-02 FLOW 0.27110E+02STEP 1110AT   37   22   37
EMAX,EAVG,ECONT-0.15450E+00 0.54511E-02 0.75674E-02 FLOW 0.27111E+02STEP 1115AT   37   22   37
EMAX,EAVG,ECONT-0.15245E+00 0.54333E-02 0.75033E-02 FLOW 0.27112E+02STEP 1120AT   37   22   37
EMAX,EAVG,ECONT-0.14945E+00 0.54184E-02 0.74229E-02 FLOW 0.27113E+02STEP 1125AT   37   22   37
EMAX,EAVG,ECONT-0.14527E+00 0.54028E-02 0.73248E-02 FLOW 0.27114E+02STEP 1130AT   37   22   37
EMAX,EAVG,ECONT-0.14001E+00 0.53857E-02 0.72138E-02 FLOW 0.27114E+02STEP 1135AT   37   22   37
EMAX,EAVG,ECONT-0.13364E+00 0.53638E-02 0.70900E-02 FLOW 0.27115E+02STEP 1140AT   37   22   37
EMAX,EAVG,ECONT-0.12618E+00 0.53353E-02 0.69543E-02 FLOW 0.27116E+02STEP 1145AT   37   22   37
EMAX,EAVG,ECONT-0.11768E+00 0.52997E-02 0.68112E-02 FLOW 0.27116E+02STEP 1150AT   37   22   37
EMAX,EAVG,ECONT-0.11556E+00 0.52560E-02 0.66558E-02 FLOW 0.27117E+02STEP 1155AT   37  338   30
EMAX,EAVG,ECONT-0.11127E+00 0.52019E-02 0.64926E-02 FLOW 0.27117E+02STEP 1160AT   37  338   30
EMAX,EAVG,ECONT 0.10826E+00 0.51398E-02 0.63271E-02 FLOW 0.27117E+02STEP 1165AT   34  339   30
EMAX,EAVG,ECONT 0.10893E+00 0.50691E-02 0.62314E-02 FLOW 0.27118E+02STEP 1170AT   34  339   30
EMAX,EAVG,ECONT 0.10837E+00 0.49915E-02 0.61440E-02 FLOW 0.27118E+02STEP 1175AT   34  339   30
EMAX,EAVG,ECONT 0.10664E+00 0.49087E-02 0.60492E-02 FLOW 0.27118E+02STEP 1180AT   34  339   30
EMAX,EAVG,ECONT 0.10380E+00 0.48229E-02 0.59488E-02 FLOW 0.27118E+02STEP 1185AT   34  339   30
EMAX,EAVG,ECONT 0.10004E+00 0.47366E-02 0.58487E-02 FLOW 0.27118E+02STEP 1190AT   34  339   30
EMAX,EAVG,ECONT 0.95474E-01 0.46507E-02 0.57443E-02 FLOW 0.27118E+02STEP 1195AT   34  339   30
EMAX,EAVG,ECONT 0.90709E-01 0.45666E-02 0.56444E-02 FLOW 0.27118E+02STEP 1200AT   34  339   31
EMAX,EAVG,ECONT 0.85489E-01 0.44844E-02 0.55434E-02 FLOW 0.27117E+02STEP 1205AT   34  339   31
EMAX,EAVG,ECONT 0.80173E-01 0.44050E-02 0.54455E-02 FLOW 0.27117E+02STEP 1210AT   34  339   32
EMAX,EAVG,ECONT-0.77211E-01 0.43293E-02 0.53542E-02 FLOW 0.27117E+02STEP 1215AT   37  341   35
EMAX,EAVG,ECONT-0.76181E-01 0.42572E-02 0.54126E-02 FLOW 0.27116E+02STEP 1220AT   37  341   35
EMAX,EAVG,ECONT-0.74496E-01 0.41886E-02 0.54682E-02 FLOW 0.27115E+02STEP 1225AT   37  341   35
EMAX,EAVG,ECONT-0.72259E-01 0.41236E-02 0.55245E-02 FLOW 0.27114E+02STEP 1230AT   37  341   35
EMAX,EAVG,ECONT-0.69448E-01 0.40618E-02 0.55783E-02 FLOW 0.27113E+02STEP 1235AT   37  341   35
EMAX,EAVG,ECONT-0.69427E-01 0.40021E-02 0.56251E-02 FLOW 0.27112E+02STEP 1240AT   37  179   37
EMAX,EAVG,ECONT-0.70392E-01 0.39442E-02 0.56649E-02 FLOW 0.27110E+02STEP 1245AT   37  179   36
EMAX,EAVG,ECONT-0.71565E-01 0.38864E-02 0.56975E-02 FLOW 0.27109E+02STEP 1250AT   37  179   36
EMAX,EAVG,ECONT-0.74425E-01 0.38291E-02 0.57184E-02 FLOW 0.27107E+02STEP 1255AT   37  337   37
EMAX,EAVG,ECONT-0.77597E-01 0.37717E-02 0.57242E-02 FLOW 0.27105E+02STEP 1260AT   37  337   37
EMAX,EAVG,ECONT-0.80381E-01 0.37146E-02 0.57166E-02 FLOW 0.27103E+02STEP 1265AT   37  337   37
EMAX,EAVG,ECONT-0.82554E-01 0.36575E-02 0.56916E-02 FLOW 0.27100E+02STEP 1270AT   37  337   37
EMAX,EAVG,ECONT-0.83981E-01 0.36012E-02 0.56475E-02 FLOW 0.27098E+02STEP 1275AT   37  337   37
EMAX,EAVG,ECONT-0.84975E-01 0.35457E-02 0.55910E-02 FLOW 0.27095E+02STEP 1280AT   37  338   36
EMAX,EAVG,ECONT-0.88802E-01 0.34922E-02 0.55202E-02 FLOW 0.27093E+02STEP 1285AT   37  338   36
EMAX,EAVG,ECONT-0.91421E-01 0.34404E-02 0.54369E-02 FLOW 0.27090E+02STEP 1290AT   37  338   36
EMAX,EAVG,ECONT-0.92684E-01 0.33913E-02 0.53439E-02 FLOW 0.27087E+02STEP 1295AT   37  338   36
EMAX,EAVG,ECONT-0.92649E-01 0.33441E-02 0.52463E-02 FLOW 0.27084E+02STEP 1300AT   37  338   36
EMAX,EAVG,ECONT-0.91287E-01 0.32990E-02 0.51415E-02 FLOW 0.27082E+02STEP 1305AT   37  338   36
EMAX,EAVG,ECONT-0.88718E-01 0.32554E-02 0.50342E-02 FLOW 0.27079E+02STEP 1310AT   37  338   36
EMAX,EAVG,ECONT-0.85136E-01 0.32125E-02 0.49276E-02 FLOW 0.27077E+02STEP 1315AT   37  338   36
EMAX,EAVG,ECONT-0.80734E-01 0.31699E-02 0.48196E-02 FLOW 0.27075E+02STEP 1320AT   37  338   36
EMAX,EAVG,ECONT-0.75767E-01 0.31278E-02 0.47161E-02 FLOW 0.27072E+02STEP 1325AT   37  338   36
EMAX,EAVG,ECONT-0.70397E-01 0.30859E-02 0.46164E-02 FLOW 0.27070E+02STEP 1330AT   37  338   36
EMAX,EAVG,ECONT-0.64969E-01 0.30443E-02 0.45227E-02 FLOW 0.27069E+02STEP 1335AT   37  338   36
EMAX,EAVG,ECONT-0.59601E-01 0.30024E-02 0.44369E-02 FLOW 0.27067E+02STEP 1340AT   37  338   36
EMAX,EAVG,ECONT-0.57110E-01 0.29597E-02 0.43600E-02 FLOW 0.27065E+02STEP 1345AT   37  340   36
EMAX,EAVG,ECONT-0.56936E-01 0.29171E-02 0.42940E-02 FLOW 0.27064E+02STEP 1350AT   37  340   36
EMAX,EAVG,ECONT-0.56129E-01 0.28744E-02 0.42408E-02 FLOW 0.27063E+02STEP 1355AT   37  340   36
EMAX,EAVG,ECONT-0.54823E-01 0.28327E-02 0.41978E-02 FLOW 0.27062E+02STEP 1360AT   37  340   36
EMAX,EAVG,ECONT-0.53196E-01 0.27924E-02 0.41716E-02 FLOW 0.27062E+02STEP 1365AT   37  340   36
EMAX,EAVG,ECONT-0.53061E-01 0.27535E-02 0.41577E-02 FLOW 0.27061E+02STEP 1370AT   37  341   36
EMAX,EAVG,ECONT-0.52898E-01 0.27163E-02 0.41562E-02 FLOW 0.27061E+02STEP 1375AT   37  341   36
EMAX,EAVG,ECONT-0.52472E-01 0.26807E-02 0.41676E-02 FLOW 0.27061E+02STEP 1380AT   37  341   36
EMAX,EAVG,ECONT-0.51792E-01 0.26470E-02 0.41877E-02 FLOW 0.27062E+02STEP 1385AT   37  341   36
EMAX,EAVG,ECONT-0.51124E-01 0.26154E-02 0.42210E-02 FLOW 0.27062E+02STEP 1390AT   37  342   36
EMAX,EAVG,ECONT-0.51114E-01 0.25864E-02 0.42633E-02 FLOW 0.27063E+02STEP 1395AT   37  342   36
EMAX,EAVG,ECONT-0.50610E-01 0.25602E-02 0.43158E-02 FLOW 0.27064E+02STEP 1400AT   37  342   36
EMAX,EAVG,ECONT-0.49636E-01 0.25369E-02 0.43761E-02 FLOW 0.27064E+02STEP 1405AT   37  342   36
EMAX,EAVG,ECONT-0.48317E-01 0.25162E-02 0.44377E-02 FLOW 0.27066E+02STEP 1410AT   37  342   36
EMAX,EAVG,ECONT-0.46751E-01 0.24980E-02 0.45061E-02 FLOW 0.27067E+02STEP 1415AT   37  342   36
EMAX,EAVG,ECONT-0.46579E-01 0.24814E-02 0.45793E-02 FLOW 0.27068E+02STEP 1420AT   37  338   36
EMAX,EAVG,ECONT-0.46727E-01 0.24660E-02 0.46514E-02 FLOW 0.27069E+02STEP 1425AT   37  338   36
EMAX,EAVG,ECONT-0.46621E-01 0.24515E-02 0.47247E-02 FLOW 0.27071E+02STEP 1430AT   37  338   36
EMAX,EAVG,ECONT-0.46479E-01 0.24372E-02 0.47959E-02 FLOW 0.27072E+02STEP 1435AT   37  339   36
EMAX,EAVG,ECONT-0.46717E-01 0.24232E-02 0.48665E-02 FLOW 0.27074E+02STEP 1440AT   37  339   36
EMAX,EAVG,ECONT-0.46694E-01 0.24091E-02 0.49321E-02 FLOW 0.27075E+02STEP 1445AT   37  339   36
EMAX,EAVG,ECONT-0.46365E-01 0.23944E-02 0.49930E-02 FLOW 0.27076E+02STEP 1450AT   37  339   36
EMAX,EAVG,ECONT-0.45776E-01 0.23789E-02 0.50496E-02 FLOW 0.27078E+02STEP 1455AT   37  339   36
EMAX,EAVG,ECONT-0.44979E-01 0.23622E-02 0.50976E-02 FLOW 0.27079E+02STEP 1460AT   37  339   36
EMAX,EAVG,ECONT-0.43988E-01 0.23440E-02 0.51401E-02 FLOW 0.27081E+02STEP 1465AT   37  339   36
EMAX,EAVG,ECONT-0.42803E-01 0.23241E-02 0.51785E-02 FLOW 0.27082E+02STEP 1470AT   37  339   36
EMAX,EAVG,ECONT-0.41470E-01 0.23027E-02 0.52133E-02 FLOW 0.27083E+02STEP 1475AT   37  339   36
EMAX,EAVG,ECONT-0.40032E-01 0.22797E-02 0.52387E-02 FLOW 0.27085E+02STEP 1480AT   37  339   36
EMAX,EAVG,ECONT 0.39377E-01 0.22557E-02 0.52621E-02 FLOW 0.27086E+02STEP 1485AT    1  417   20
EMAX,EAVG,ECONT 0.39838E-01 0.22306E-02 0.52798E-02 FLOW 0.27087E+02STEP 1490AT    1  417   20
EMAX,EAVG,ECONT 0.40195E-01 0.22051E-02 0.52947E-02 FLOW 0.27088E+02STEP 1495AT    1  417   20
EMAX,EAVG,ECONT 0.40433E-01 0.21792E-02 0.53086E-02 FLOW 0.27089E+02STEP 1500AT    1  417   20
EMAX,EAVG,ECONT 0.40559E-01 0.21534E-02 0.53207E-02 FLOW 0.27090E+02STEP 1505AT    1  417   20
EMAX,EAVG,ECONT 0.40589E-01 0.21277E-02 0.53309E-02 FLOW 0.27092E+02STEP 1510AT    1  417   20
EMAX,EAVG,ECONT 0.40499E-01 0.21022E-02 0.53430E-02 FLOW 0.27093E+02STEP 1515AT    1  417   20
EMAX,EAVG,ECONT 0.40342E-01 0.20773E-02 0.53548E-02 FLOW 0.27094E+02STEP 1520AT    1  417   20
EMAX,EAVG,ECONT 0.40081E-01 0.20533E-02 0.53720E-02 FLOW 0.27095E+02STEP 1525AT    1  417   20
EMAX,EAVG,ECONT 0.39709E-01 0.20301E-02 0.53912E-02 FLOW 0.27096E+02STEP 1530AT    1  417   20
EMAX,EAVG,ECONT 0.39232E-01 0.20079E-02 0.54139E-02 FLOW 0.27097E+02STEP 1535AT    1  417   20
EMAX,EAVG,ECONT 0.38614E-01 0.19869E-02 0.54435E-02 FLOW 0.27098E+02STEP 1540AT    1  417   20
EMAX,EAVG,ECONT-0.38044E-01 0.19666E-02 0.54780E-02 FLOW 0.27098E+02STEP 1545AT   37  341   36
EMAX,EAVG,ECONT-0.37597E-01 0.19469E-02 0.55173E-02 FLOW 0.27099E+02STEP 1550AT   37  341   36
EMAX,EAVG,ECONT-0.36949E-01 0.19278E-02 0.55635E-02 FLOW 0.27100E+02STEP 1555AT   37  341   36
EMAX,EAVG,ECONT-0.36096E-01 0.19086E-02 0.56170E-02 FLOW 0.27101E+02STEP 1560AT   37  341   36
EMAX,EAVG,ECONT-0.35039E-01 0.18892E-02 0.56738E-02 FLOW 0.27102E+02STEP 1565AT   37  341   36
EMAX,EAVG,ECONT-0.33792E-01 0.18696E-02 0.57372E-02 FLOW 0.27103E+02STEP 1570AT   37  341   36
EMAX,EAVG,ECONT-0.32756E-01 0.18495E-02 0.58042E-02 FLOW 0.27104E+02STEP 1575AT   37  344   37
EMAX,EAVG,ECONT-0.32485E-01 0.18289E-02 0.58765E-02 FLOW 0.27105E+02STEP 1580AT   37  343   37
EMAX,EAVG,ECONT-0.32473E-01 0.18076E-02 0.59483E-02 FLOW 0.27106E+02STEP 1585AT   37  343   37
EMAX,EAVG,ECONT-0.32406E-01 0.17857E-02 0.60251E-02 FLOW 0.27107E+02STEP 1590AT   37  343   37
EMAX,EAVG,ECONT-0.32272E-01 0.17631E-02 0.61013E-02 FLOW 0.27108E+02STEP 1595AT   37  343   37
EMAX,EAVG,ECONT-0.32045E-01 0.17399E-02 0.61761E-02 FLOW 0.27109E+02STEP 1600AT   37  343   37
EMAX,EAVG,ECONT-0.31672E-01 0.17161E-02 0.62496E-02 FLOW 0.27110E+02STEP 1605AT   37  343   37
EMAX,EAVG,ECONT-0.31173E-01 0.16918E-02 0.63230E-02 FLOW 0.27111E+02STEP 1610AT   37  343   37
EMAX,EAVG,ECONT-0.30525E-01 0.16670E-02 0.63906E-02 FLOW 0.27112E+02STEP 1615AT   37  343   37
EMAX,EAVG,ECONT-0.29706E-01 0.16419E-02 0.64555E-02 FLOW 0.27113E+02STEP 1620AT   37  343   37
EMAX,EAVG,ECONT-0.28735E-01 0.16162E-02 0.65152E-02 FLOW 0.27114E+02STEP 1625AT   37  343   37
EMAX,EAVG,ECONT-0.27644E-01 0.15906E-02 0.65710E-02 FLOW 0.27116E+02STEP 1630AT   37  343   37
EMAX,EAVG,ECONT-0.27235E-01 0.15649E-02 0.66184E-02 FLOW 0.27117E+02STEP 1635AT   37  345   37
EMAX,EAVG,ECONT-0.26985E-01 0.15389E-02 0.66614E-02 FLOW 0.27118E+02STEP 1640AT   37  345   37
EMAX,EAVG,ECONT-0.26706E-01 0.15128E-02 0.67025E-02 FLOW 0.27119E+02STEP 1645AT   37  345   37
EMAX,EAVG,ECONT 0.27227E-01 0.14868E-02 0.67330E-02 FLOW 0.27120E+02STEP 1650AT    1  420   20
EMAX,EAVG,ECONT 0.27748E-01 0.14610E-02 0.67596E-02 FLOW 0.27121E+02STEP 1655AT    1  420   20
EMAX,EAVG,ECONT 0.28128E-01 0.14357E-02 0.67818E-02 FLOW 0.27122E+02STEP 1660AT    1  420   20
EMAX,EAVG,ECONT 0.28329E-01 0.14111E-02 0.67977E-02 FLOW 0.27123E+02STEP 1665AT    1  420   20
EMAX,EAVG,ECONT 0.28411E-01 0.13871E-02 0.68101E-02 FLOW 0.27124E+02STEP 1670AT    1  420   20
EMAX,EAVG,ECONT 0.28337E-01 0.13643E-02 0.68182E-02 FLOW 0.27125E+02STEP 1675AT    1  420   20
EMAX,EAVG,ECONT 0.28165E-01 0.13426E-02 0.68210E-02 FLOW 0.27126E+02STEP 1680AT    1  420   20
EMAX,EAVG,ECONT 0.27838E-01 0.13226E-02 0.68218E-02 FLOW 0.27126E+02STEP 1685AT    1  420   20
EMAX,EAVG,ECONT 0.27413E-01 0.13039E-02 0.68215E-02 FLOW 0.27127E+02STEP 1690AT    1  420   20
EMAX,EAVG,ECONT 0.26877E-01 0.12869E-02 0.68176E-02 FLOW 0.27128E+02STEP 1695AT    1  420   20
EMAX,EAVG,ECONT 0.26245E-01 0.12712E-02 0.68113E-02 FLOW 0.27128E+02STEP 1700AT    1  420   20
EMAX,EAVG,ECONT 0.25552E-01 0.12572E-02 0.68051E-02 FLOW 0.27129E+02STEP 1705AT    1  422   20
EMAX,EAVG,ECONT 0.25835E-01 0.12444E-02 0.67977E-02 FLOW 0.27129E+02STEP 1710AT    1  422   20
EMAX,EAVG,ECONT 0.25969E-01 0.12332E-02 0.67885E-02 FLOW 0.27130E+02STEP 1715AT    1  422   20
EMAX,EAVG,ECONT 0.25984E-01 0.12232E-02 0.67794E-02 FLOW 0.27130E+02STEP 1720AT    1  422   20
EMAX,EAVG,ECONT 0.25880E-01 0.12143E-02 0.67683E-02 FLOW 0.27130E+02STEP 1725AT    1  422   20
EMAX,EAVG,ECONT 0.25634E-01 0.12064E-02 0.67560E-02 FLOW 0.27130E+02STEP 1730AT    1  422   20
EMAX,EAVG,ECONT 0.25247E-01 0.11994E-02 0.67429E-02 FLOW 0.27130E+02STEP 1735AT    1  422   20
EMAX,EAVG,ECONT 0.24763E-01 0.11930E-02 0.67284E-02 FLOW 0.27130E+02STEP 1740AT    1  422   20
EMAX,EAVG,ECONT 0.24190E-01 0.11872E-02 0.67099E-02 FLOW 0.27130E+02STEP 1745AT    1  422   20
EMAX,EAVG,ECONT 0.23497E-01 0.11814E-02 0.66923E-02 FLOW 0.27130E+02STEP 1750AT    1  422   20
EMAX,EAVG,ECONT 0.22745E-01 0.11758E-02 0.66733E-02 FLOW 0.27130E+02STEP 1755AT    1  422   20
EMAX,EAVG,ECONT 0.21911E-01 0.11699E-02 0.66508E-02 FLOW 0.27130E+02STEP 1760AT    1  422   20
EMAX,EAVG,ECONT 0.21018E-01 0.11636E-02 0.66276E-02 FLOW 0.27129E+02STEP 1765AT    1  422   20
EMAX,EAVG,ECONT 0.20065E-01 0.11567E-02 0.66022E-02 FLOW 0.27129E+02STEP 1770AT    1  422   20
EMAX,EAVG,ECONT 0.19261E-01 0.11493E-02 0.65737E-02 FLOW 0.27129E+02STEP 1775AT    1  424   20
EMAX,EAVG,ECONT 0.18762E-01 0.11417E-02 0.65449E-02 FLOW 0.27128E+02STEP 1780AT    1  424   20
EMAX,EAVG,ECONT 0.18181E-01 0.11337E-02 0.65116E-02 FLOW 0.27128E+02STEP 1785AT    1  424   20
EMAX,EAVG,ECONT 0.17504E-01 0.11252E-02 0.64785E-02 FLOW 0.27127E+02STEP 1790AT    1  424   20
EMAX,EAVG,ECONT-0.17035E-01 0.11161E-02 0.64443E-02 FLOW 0.27127E+02STEP 1795AT    1  417   20
EMAX,EAVG,ECONT-0.17437E-01 0.11065E-02 0.64073E-02 FLOW 0.27126E+02STEP 1800AT    1  417   20
EMAX,EAVG,ECONT-0.17638E-01 0.10963E-02 0.63708E-02 FLOW 0.27125E+02STEP 1805AT    1  417   20
EMAX,EAVG,ECONT-0.17742E-01 0.10856E-02 0.63326E-02 FLOW 0.27125E+02STEP 1810AT    1  417   20
EMAX,EAVG,ECONT-0.17921E-01 0.10744E-02 0.62937E-02 FLOW 0.27124E+02STEP 1815AT    1  417   19
EMAX,EAVG,ECONT-0.18063E-01 0.10627E-02 0.62540E-02 FLOW 0.27124E+02STEP 1820AT    1  417   19
EMAX,EAVG,ECONT-0.17996E-01 0.10506E-02 0.62135E-02 FLOW 0.27123E+02STEP 1825AT    1  417   19
EMAX,EAVG,ECONT-0.17787E-01 0.10381E-02 0.61757E-02 FLOW 0.27122E+02STEP 1830AT    1  417   19
EMAX,EAVG,ECONT-0.17445E-01 0.10253E-02 0.61367E-02 FLOW 0.27122E+02STEP 1835AT    1  417   19
EMAX,EAVG,ECONT-0.16939E-01 0.10124E-02 0.60955E-02 FLOW 0.27121E+02STEP 1840AT    1  417   19
EMAX,EAVG,ECONT-0.16313E-01 0.99925E-03 0.60600E-02 FLOW 0.27121E+02STEP 1845AT    1  417   19
EMAX,EAVG,ECONT-0.16254E-01 0.10024E-02 0.60513E-02 FLOW 0.27121E+02STEP 1846AT    1  417   19
