EMAX,EAVG,ECONT 0.45169E+00 0.93559E-01 0.19017E-01 FLOW 0.25347E+02STEP    5AT    3  352   33
EMAX,EAVG,ECONT 0.64562E+00 0.10906E+00 0.44750E-01 FLOW 0.25096E+02STEP   10AT    3  352   33
EMAX,EAVG,ECONT 0.75222E+00 0.12182E+00 0.61213E-01 FLOW 0.25093E+02STEP   15AT   37   31   20
EMAX,EAVG,ECONT 0.84654E+00 0.12984E+00 0.70300E-01 FLOW 0.25120E+02STEP   20AT    1  140   37
EMAX,EAVG,ECONT 0.97847E+00 0.13052E+00 0.70646E-01 FLOW 0.25219E+02STEP   25AT   37   32    1
EMAX,EAVG,ECONT 0.97769E+00 0.12179E+00 0.70859E-01 FLOW 0.25243E+02STEP   30AT   37   32    1
EMAX,EAVG,ECONT 0.97114E+00 0.12203E+00 0.75691E-01 FLOW 0.25253E+02STEP   35AT   37   32   36
EMAX,EAVG,ECONT 0.96507E+00 0.11901E+00 0.74999E-01 FLOW 0.25263E+02STEP   40AT   37   32   36
EMAX,EAVG,ECONT 0.94909E+00 0.11359E+00 0.73287E-01 FLOW 0.25203E+02STEP   45AT   37   32   36
EMAX,EAVG,ECONT 0.94257E+00 0.11091E+00 0.70140E-01 FLOW 0.25150E+02STEP   50AT   37   32    3
EMAX,EAVG,ECONT 0.95245E+00 0.11102E+00 0.68174E-01 FLOW 0.25044E+02STEP   55AT   37   32    3
EMAX,EAVG,ECONT 0.95821E+00 0.11097E+00 0.66573E-01 FLOW 0.24890E+02STEP   60AT   37   32    3
EMAX,EAVG,ECONT 0.97155E+00 0.11035E+00 0.63041E-01 FLOW 0.24729E+02STEP   65AT   37   32   35
EMAX,EAVG,ECONT 0.96891E+00 0.10796E+00 0.61072E-01 FLOW 0.24529E+02STEP   70AT   37   32   35
EMAX,EAVG,ECONT 0.95110E+00 0.10499E+00 0.58785E-01 FLOW 0.24328E+02STEP   75AT   37   32   35
EMAX,EAVG,ECONT 0.91125E+00 0.10129E+00 0.59408E-01 FLOW 0.24129E+02STEP   80AT   37   32   35
EMAX,EAVG,ECONT 0.82490E+00 0.96327E-01 0.69858E-01 FLOW 0.23936E+02STEP   85AT    1  138    3
EMAX,EAVG,ECONT 0.83708E+00 0.90818E-01 0.76178E-01 FLOW 0.23758E+02STEP   90AT    1  138    3
EMAX,EAVG,ECONT 0.84102E+00 0.86115E-01 0.80359E-01 FLOW 0.23587E+02STEP   95AT    1  138   16
EMAX,EAVG,ECONT 0.82800E+00 0.82422E-01 0.85106E-01 FLOW 0.23427E+02STEP  100AT    1  138   20
EMAX,EAVG,ECONT 0.80513E+00 0.79755E-01 0.87505E-01 FLOW 0.23273E+02STEP  105AT    1  351   34
EMAX,EAVG,ECONT 0.79736E+00 0.78163E-01 0.89603E-01 FLOW 0.23128E+02STEP  110AT    1  351   34
EMAX,EAVG,ECONT 0.76301E+00 0.76781E-01 0.93429E-01 FLOW 0.22998E+02STEP  115AT    1  351   29
EMAX,EAVG,ECONT 0.68556E+00 0.75286E-01 0.98248E-01 FLOW 0.22886E+02STEP  120AT    1  351   29
EMAX,EAVG,ECONT-0.55617E+00 0.73618E-01 0.10331E+00 FLOW 0.22796E+02STEP  125AT   37  240    2
EMAX,EAVG,ECONT-0.53483E+00 0.71699E-01 0.10777E+00 FLOW 0.22731E+02STEP  130AT   37  250   11
EMAX,EAVG,ECONT-0.57938E+00 0.69268E-01 0.11371E+00 FLOW 0.22694E+02STEP  135AT   37   37    1
EMAX,EAVG,ECONT 0.56045E+00 0.66594E-01 0.11955E+00 FLOW 0.22684E+02STEP  140AT   35   29    1
EMAX,EAVG,ECONT-0.57723E+00 0.63969E-01 0.12310E+00 FLOW 0.22700E+02STEP  145AT    3  140   20
EMAX,EAVG,ECONT-0.61624E+00 0.61937E-01 0.12382E+00 FLOW 0.22743E+02STEP  150AT    3  140   20
EMAX,EAVG,ECONT-0.64959E+00 0.61025E-01 0.12213E+00 FLOW 0.22808E+02STEP  155AT    2  140    8
EMAX,EAVG,ECONT-0.70818E+00 0.61325E-01 0.11834E+00 FLOW 0.22892E+02STEP  160AT    2  140   17
EMAX,EAVG,ECONT 0.79343E+00 0.62031E-01 0.11290E+00 FLOW 0.22988E+02STEP  165AT   37   30   15
EMAX,EAVG,ECONT 0.89011E+00 0.63051E-01 0.10651E+00 FLOW 0.23091E+02STEP  170AT   37   30    3
EMAX,EAVG,ECONT 0.95805E+00 0.63654E-01 0.10440E+00 FLOW 0.23196E+02STEP  175AT   37   30    3
EMAX,EAVG,ECONT 0.98870E+00 0.64169E-01 0.10308E+00 FLOW 0.23299E+02STEP  180AT   37   30   35
EMAX,EAVG,ECONT 0.97829E+00 0.64449E-01 0.10160E+00 FLOW 0.23395E+02STEP  185AT   37   30   35
EMAX,EAVG,ECONT 0.87135E+00 0.64509E-01 0.99382E-01 FLOW 0.23484E+02STEP  190AT   37   30   35
EMAX,EAVG,ECONT-0.84264E+00 0.64329E-01 0.96497E-01 FLOW 0.23566E+02STEP  195AT    1  352   34
EMAX,EAVG,ECONT-0.83615E+00 0.64004E-01 0.93135E-01 FLOW 0.23640E+02STEP  200AT    1  352   33
EMAX,EAVG,ECONT-0.82732E+00 0.63750E-01 0.89415E-01 FLOW 0.23706E+02STEP  205AT    1  352   33
EMAX,EAVG,ECONT-0.91467E+00 0.63562E-01 0.86288E-01 FLOW 0.23768E+02STEP  210AT    1  139    2
EMAX,EAVG,ECONT-0.95175E+00 0.63370E-01 0.84201E-01 FLOW 0.23826E+02STEP  215AT    1  139   17
EMAX,EAVG,ECONT-0.96756E+00 0.63033E-01 0.84030E-01 FLOW 0.23884E+02STEP  220AT    1  139   23
EMAX,EAVG,ECONT-0.99584E+00 0.62491E-01 0.82803E-01 FLOW 0.23944E+02STEP  225AT    1  351   20
EMAX,EAVG,ECONT-0.10006E+01 0.61571E-01 0.80350E-01 FLOW 0.24005E+02STEP  230AT    1  351   34
EMAX,EAVG,ECONT-0.97961E+00 0.60298E-01 0.76913E-01 FLOW 0.24068E+02STEP  235AT    1  351   32
EMAX,EAVG,ECONT-0.89033E+00 0.58876E-01 0.72658E-01 FLOW 0.24132E+02STEP  240AT    1  351   32
EMAX,EAVG,ECONT-0.80415E+00 0.57556E-01 0.68358E-01 FLOW 0.24194E+02STEP  245AT    1  139   32
EMAX,EAVG,ECONT-0.71001E+00 0.56515E-01 0.66442E-01 FLOW 0.24256E+02STEP  250AT    1  139   31
EMAX,EAVG,ECONT-0.61585E+00 0.55870E-01 0.66437E-01 FLOW 0.24316E+02STEP  255AT    1  139   12
EMAX,EAVG,ECONT 0.61701E+00 0.55558E-01 0.65859E-01 FLOW 0.24374E+02STEP  260AT    1  347    3
EMAX,EAVG,ECONT 0.62366E+00 0.55405E-01 0.65517E-01 FLOW 0.24432E+02STEP  265AT    1  347    3
EMAX,EAVG,ECONT 0.62241E+00 0.55312E-01 0.65360E-01 FLOW 0.24488E+02STEP  270AT    1  347   11
EMAX,EAVG,ECONT 0.60283E+00 0.55214E-01 0.64809E-01 FLOW 0.24543E+02STEP  275AT    1  347   14
EMAX,EAVG,ECONT 0.57775E+00 0.55097E-01 0.63934E-01 FLOW 0.24596E+02STEP  280AT    1  347   20
EMAX,EAVG,ECONT 0.57058E+00 0.54912E-01 0.62833E-01 FLOW 0.24647E+02STEP  285AT   37  241   35
EMAX,EAVG,ECONT 0.57388E+00 0.54599E-01 0.61591E-01 FLOW 0.24695E+02STEP  290AT   37  241   35
EMAX,EAVG,ECONT 0.57963E+00 0.54255E-01 0.60242E-01 FLOW 0.24741E+02STEP  295AT   37  241    5
EMAX,EAVG,ECONT 0.57224E+00 0.53978E-01 0.59540E-01 FLOW 0.24786E+02STEP  300AT   37  241    6
EMAX,EAVG,ECONT-0.55971E+00 0.53642E-01 0.59550E-01 FLOW 0.24830E+02STEP  305AT   37  348   35
EMAX,EAVG,ECONT 0.59053E+00 0.53206E-01 0.59136E-01 FLOW 0.24874E+02STEP  310AT   37   34   14
EMAX,EAVG,ECONT 0.60637E+00 0.52653E-01 0.58233E-01 FLOW 0.24919E+02STEP  315AT   37   34   14
EMAX,EAVG,ECONT 0.60824E+00 0.51943E-01 0.58897E-01 FLOW 0.24966E+02STEP  320AT   37   34   15
EMAX,EAVG,ECONT 0.59865E+00 0.51002E-01 0.59692E-01 FLOW 0.25016E+02STEP  325AT   37   34   15
EMAX,EAVG,ECONT-0.58411E+00 0.49904E-01 0.60176E-01 FLOW 0.25070E+02STEP  330AT   37  347    3
EMAX,EAVG,ECONT-0.57498E+00 0.48753E-01 0.59866E-01 FLOW 0.25128E+02STEP  335AT   37  347    3
EMAX,EAVG,ECONT-0.57175E+00 0.47658E-01 0.58727E-01 FLOW 0.25192E+02STEP  340AT   37  136    1
EMAX,EAVG,ECONT-0.59304E+00 0.46677E-01 0.56796E-01 FLOW 0.25260E+02STEP  345AT   37  136    2
EMAX,EAVG,ECONT-0.61418E+00 0.45766E-01 0.54029E-01 FLOW 0.25334E+02STEP  350AT   37  136    2
EMAX,EAVG,ECONT-0.64088E+00 0.44957E-01 0.50450E-01 FLOW 0.25414E+02STEP  355AT   37  136    3
EMAX,EAVG,ECONT-0.64292E+00 0.44205E-01 0.48082E-01 FLOW 0.25498E+02STEP  360AT   37  136    4
EMAX,EAVG,ECONT-0.64046E+00 0.43440E-01 0.47199E-01 FLOW 0.25587E+02STEP  365AT   37  136    4
EMAX,EAVG,ECONT-0.63274E+00 0.42632E-01 0.45918E-01 FLOW 0.25680E+02STEP  370AT   37  136    5
EMAX,EAVG,ECONT-0.62106E+00 0.41695E-01 0.44178E-01 FLOW 0.25778E+02STEP  375AT   37  136    6
EMAX,EAVG,ECONT-0.61223E+00 0.40603E-01 0.42127E-01 FLOW 0.25879E+02STEP  380AT   37  136   11
EMAX,EAVG,ECONT-0.59902E+00 0.39368E-01 0.39823E-01 FLOW 0.25983E+02STEP  385AT   37  136   11
EMAX,EAVG,ECONT-0.58569E+00 0.38069E-01 0.37182E-01 FLOW 0.26089E+02STEP  390AT    1  136    3
EMAX,EAVG,ECONT-0.57025E+00 0.36816E-01 0.34217E-01 FLOW 0.26196E+02STEP  395AT    1  136   14
EMAX,EAVG,ECONT-0.56082E+00 0.35694E-01 0.30973E-01 FLOW 0.26304E+02STEP  400AT    1  136   17
EMAX,EAVG,ECONT-0.54537E+00 0.34656E-01 0.27552E-01 FLOW 0.26413E+02STEP  405AT    1  136   20
EMAX,EAVG,ECONT-0.52531E+00 0.33684E-01 0.24095E-01 FLOW 0.26522E+02STEP  410AT    1  136   33
EMAX,EAVG,ECONT-0.50350E+00 0.32850E-01 0.20511E-01 FLOW 0.26630E+02STEP  415AT    1  136   33
EMAX,EAVG,ECONT-0.48199E+00 0.32130E-01 0.18946E-01 FLOW 0.26737E+02STEP  420AT   37  136   12
EMAX,EAVG,ECONT-0.46774E+00 0.31448E-01 0.21224E-01 FLOW 0.26842E+02STEP  425AT   37  136   13
EMAX,EAVG,ECONT-0.45280E+00 0.30793E-01 0.22756E-01 FLOW 0.26941E+02STEP  430AT   37  136   15
EMAX,EAVG,ECONT 0.44609E+00 0.30155E-01 0.23574E-01 FLOW 0.27036E+02STEP  435AT   37   33   32
EMAX,EAVG,ECONT 0.42729E+00 0.29548E-01 0.23793E-01 FLOW 0.27123E+02STEP  440AT   37   33   32
EMAX,EAVG,ECONT 0.37446E+00 0.29008E-01 0.23589E-01 FLOW 0.27201E+02STEP  445AT   37   33   35
EMAX,EAVG,ECONT-0.36639E+00 0.28548E-01 0.22820E-01 FLOW 0.27270E+02STEP  450AT   37  136   35
EMAX,EAVG,ECONT 0.36912E+00 0.28165E-01 0.21501E-01 FLOW 0.27330E+02STEP  455AT   37   32   37
EMAX,EAVG,ECONT-0.36886E+00 0.27885E-01 0.19744E-01 FLOW 0.27380E+02STEP  460AT    2  141    5
EMAX,EAVG,ECONT 0.37335E+00 0.27692E-01 0.17642E-01 FLOW 0.27421E+02STEP  465AT   37  347   37
EMAX,EAVG,ECONT-0.41099E+00 0.27557E-01 0.15409E-01 FLOW 0.27454E+02STEP  470AT    1  141    1
EMAX,EAVG,ECONT-0.41165E+00 0.27514E-01 0.14432E-01 FLOW 0.27479E+02STEP  475AT    1  141   11
EMAX,EAVG,ECONT 0.41255E+00 0.27564E-01 0.13608E-01 FLOW 0.27498E+02STEP  480AT   37  244    1
EMAX,EAVG,ECONT 0.43380E+00 0.27655E-01 0.13025E-01 FLOW 0.27512E+02STEP  485AT   37  244    2
EMAX,EAVG,ECONT 0.43938E+00 0.27715E-01 0.13699E-01 FLOW 0.27521E+02STEP  490AT   37  244    3
EMAX,EAVG,ECONT 0.44686E+00 0.27731E-01 0.15155E-01 FLOW 0.27527E+02STEP  495AT   37  244    4
EMAX,EAVG,ECONT 0.45784E+00 0.27700E-01 0.16547E-01 FLOW 0.27531E+02STEP  500AT   37  244   34
EMAX,EAVG,ECONT 0.46921E+00 0.27619E-01 0.17837E-01 FLOW 0.27533E+02STEP  505AT   37  245    9
EMAX,EAVG,ECONT 0.48158E+00 0.27500E-01 0.18994E-01 FLOW 0.27533E+02STEP  510AT   37  245   10
EMAX,EAVG,ECONT 0.47932E+00 0.27402E-01 0.20884E-01 FLOW 0.27534E+02STEP  515AT   37  244   27
EMAX,EAVG,ECONT 0.48085E+00 0.27383E-01 0.22691E-01 FLOW 0.27536E+02STEP  520AT   37  244   27
EMAX,EAVG,ECONT 0.48476E+00 0.27440E-01 0.24174E-01 FLOW 0.27538E+02STEP  525AT   37  244   18
EMAX,EAVG,ECONT 0.48825E+00 0.27578E-01 0.25252E-01 FLOW 0.27543E+02STEP  530AT   37  244   18
EMAX,EAVG,ECONT 0.48210E+00 0.27841E-01 0.25929E-01 FLOW 0.27551E+02STEP  535AT   37  244   18
EMAX,EAVG,ECONT 0.49405E+00 0.28194E-01 0.26240E-01 FLOW 0.27562E+02STEP  540AT   37  137    4
EMAX,EAVG,ECONT 0.50551E+00 0.28604E-01 0.26234E-01 FLOW 0.27577E+02STEP  545AT   37  137    5
EMAX,EAVG,ECONT 0.51566E+00 0.29041E-01 0.25920E-01 FLOW 0.27596E+02STEP  550AT   37  137    5
EMAX,EAVG,ECONT 0.51048E+00 0.29447E-01 0.25379E-01 FLOW 0.27620E+02STEP  555AT   37  137    6
EMAX,EAVG,ECONT 0.51261E+00 0.29792E-01 0.24603E-01 FLOW 0.27649E+02STEP  560AT   37  137   11
EMAX,EAVG,ECONT 0.51699E+00 0.30098E-01 0.23376E-01 FLOW 0.27682E+02STEP  565AT   37  137   20
EMAX,EAVG,ECONT 0.50507E+00 0.30377E-01 0.21678E-01 FLOW 0.27720E+02STEP  570AT   37  137   18
EMAX,EAVG,ECONT 0.43121E+00 0.30624E-01 0.20008E-01 FLOW 0.27762E+02STEP  575AT   37  137   18
EMAX,EAVG,ECONT 0.38905E+00 0.30820E-01 0.18878E-01 FLOW 0.27809E+02STEP  580AT   37  137   18
EMAX,EAVG,ECONT-0.37750E+00 0.30930E-01 0.20153E-01 FLOW 0.27859E+02STEP  585AT   37  349   26
EMAX,EAVG,ECONT-0.36455E+00 0.30951E-01 0.22902E-01 FLOW 0.27911E+02STEP  590AT   37  349   26
EMAX,EAVG,ECONT-0.34607E+00 0.30885E-01 0.25778E-01 FLOW 0.27967E+02STEP  595AT   37  349   26
EMAX,EAVG,ECONT 0.35359E+00 0.30716E-01 0.28936E-01 FLOW 0.28024E+02STEP  600AT   37  247   21
EMAX,EAVG,ECONT 0.36607E+00 0.30449E-01 0.32229E-01 FLOW 0.28082E+02STEP  605AT   37  247   23
EMAX,EAVG,ECONT 0.37232E+00 0.30099E-01 0.35448E-01 FLOW 0.28142E+02STEP  610AT   37  247   24
EMAX,EAVG,ECONT 0.37692E+00 0.29687E-01 0.38522E-01 FLOW 0.28201E+02STEP  615AT   37  247   25
EMAX,EAVG,ECONT 0.37711E+00 0.29220E-01 0.41391E-01 FLOW 0.28261E+02STEP  620AT   37  247   26
EMAX,EAVG,ECONT 0.37189E+00 0.28706E-01 0.44136E-01 FLOW 0.28320E+02STEP  625AT   37  247   26
EMAX,EAVG,ECONT-0.39754E+00 0.28152E-01 0.46838E-01 FLOW 0.28377E+02STEP  630AT   37  138    1
EMAX,EAVG,ECONT-0.42214E+00 0.27579E-01 0.50176E-01 FLOW 0.28432E+02STEP  635AT   37  138    2
EMAX,EAVG,ECONT-0.44439E+00 0.26972E-01 0.53317E-01 FLOW 0.28484E+02STEP  640AT   37  138    2
EMAX,EAVG,ECONT-0.46701E+00 0.26328E-01 0.56098E-01 FLOW 0.28532E+02STEP  645AT   37  138    3
EMAX,EAVG,ECONT-0.47630E+00 0.25675E-01 0.58495E-01 FLOW 0.28575E+02STEP  650AT   37  138    3
EMAX,EAVG,ECONT-0.48369E+00 0.25024E-01 0.60539E-01 FLOW 0.28612E+02STEP  655AT   37  138    4
EMAX,EAVG,ECONT-0.49657E+00 0.24397E-01 0.62070E-01 FLOW 0.28644E+02STEP  660AT   37  138    5
EMAX,EAVG,ECONT-0.50632E+00 0.23796E-01 0.63127E-01 FLOW 0.28668E+02STEP  665AT   37  138    5
EMAX,EAVG,ECONT-0.50698E+00 0.23238E-01 0.63810E-01 FLOW 0.28685E+02STEP  670AT   37  138    5
EMAX,EAVG,ECONT-0.50400E+00 0.22730E-01 0.63952E-01 FLOW 0.28695E+02STEP  675AT   37  138    5
EMAX,EAVG,ECONT-0.50654E+00 0.22282E-01 0.63578E-01 FLOW 0.28698E+02STEP  680AT   37  138   11
EMAX,EAVG,ECONT-0.51192E+00 0.21907E-01 0.62729E-01 FLOW 0.28694E+02STEP  685AT   37  138   11
EMAX,EAVG,ECONT-0.51157E+00 0.21611E-01 0.61455E-01 FLOW 0.28682E+02STEP  690AT   37  138   11
EMAX,EAVG,ECONT-0.51043E+00 0.21371E-01 0.59809E-01 FLOW 0.28664E+02STEP  695AT   37  138   14
EMAX,EAVG,ECONT-0.50868E+00 0.21174E-01 0.57863E-01 FLOW 0.28641E+02STEP  700AT   37  138   17
EMAX,EAVG,ECONT-0.50526E+00 0.21021E-01 0.55675E-01 FLOW 0.28613E+02STEP  705AT   37  138   17
EMAX,EAVG,ECONT-0.49957E+00 0.20911E-01 0.53306E-01 FLOW 0.28580E+02STEP  710AT   37  138   17
EMAX,EAVG,ECONT-0.49118E+00 0.20830E-01 0.50880E-01 FLOW 0.28544E+02STEP  715AT   37  138   17
EMAX,EAVG,ECONT-0.47836E+00 0.20779E-01 0.48602E-01 FLOW 0.28505E+02STEP  720AT   37  138   17
EMAX,EAVG,ECONT-0.45342E+00 0.20749E-01 0.46196E-01 FLOW 0.28464E+02STEP  725AT   37  138   20
EMAX,EAVG,ECONT-0.42286E+00 0.20715E-01 0.43825E-01 FLOW 0.28421E+02STEP  730AT   37  138   17
EMAX,EAVG,ECONT-0.41229E+00 0.20647E-01 0.41531E-01 FLOW 0.28377E+02STEP  735AT   37  138   17
EMAX,EAVG,ECONT-0.38345E+00 0.20534E-01 0.39138E-01 FLOW 0.28332E+02STEP  740AT   37  138   17
EMAX,EAVG,ECONT-0.37346E+00 0.20361E-01 0.36643E-01 FLOW 0.28286E+02STEP  745AT   37  138   12
EMAX,EAVG,ECONT-0.37139E+00 0.20125E-01 0.34046E-01 FLOW 0.28240E+02STEP  750AT   37  138   12
EMAX,EAVG,ECONT 0.36933E+00 0.19825E-01 0.31376E-01 FLOW 0.28194E+02STEP  755AT   37  138    1
EMAX,EAVG,ECONT 0.36430E+00 0.19466E-01 0.29733E-01 FLOW 0.28147E+02STEP  760AT   37  138    1
EMAX,EAVG,ECONT 0.36037E+00 0.19053E-01 0.28020E-01 FLOW 0.28101E+02STEP  765AT   37  138    1
EMAX,EAVG,ECONT 0.34736E+00 0.18593E-01 0.26229E-01 FLOW 0.28055E+02STEP  770AT   37  138    2
EMAX,EAVG,ECONT 0.34425E+00 0.18103E-01 0.24329E-01 FLOW 0.28008E+02STEP  775AT   37  138    3
EMAX,EAVG,ECONT 0.33854E+00 0.17603E-01 0.22311E-01 FLOW 0.27962E+02STEP  780AT   37  138    4
EMAX,EAVG,ECONT 0.34107E+00 0.17114E-01 0.20168E-01 FLOW 0.27917E+02STEP  785AT   37  138    5
EMAX,EAVG,ECONT 0.34146E+00 0.16656E-01 0.17886E-01 FLOW 0.27872E+02STEP  790AT   37  139    8
EMAX,EAVG,ECONT 0.34804E+00 0.16241E-01 0.15466E-01 FLOW 0.27828E+02STEP  795AT   37  139    8
EMAX,EAVG,ECONT 0.35025E+00 0.15869E-01 0.15412E-01 FLOW 0.27784E+02STEP  800AT   37  139    9
EMAX,EAVG,ECONT 0.35579E+00 0.15547E-01 0.17083E-01 FLOW 0.27741E+02STEP  805AT   37  139   10
EMAX,EAVG,ECONT 0.36196E+00 0.15267E-01 0.18542E-01 FLOW 0.27698E+02STEP  810AT   37  139   27
EMAX,EAVG,ECONT 0.36817E+00 0.15027E-01 0.19835E-01 FLOW 0.27656E+02STEP  815AT   37  139   11
EMAX,EAVG,ECONT 0.36709E+00 0.14833E-01 0.22014E-01 FLOW 0.27616E+02STEP  820AT   37  139   12
EMAX,EAVG,ECONT 0.36746E+00 0.14684E-01 0.24588E-01 FLOW 0.27576E+02STEP  825AT   37  139   13
EMAX,EAVG,ECONT 0.36426E+00 0.14561E-01 0.26958E-01 FLOW 0.27538E+02STEP  830AT   37  139   16
EMAX,EAVG,ECONT 0.34710E+00 0.14449E-01 0.29105E-01 FLOW 0.27501E+02STEP  835AT   37  139   16
EMAX,EAVG,ECONT-0.29974E+00 0.14335E-01 0.31005E-01 FLOW 0.27467E+02STEP  840AT   37  139    1
EMAX,EAVG,ECONT-0.28404E+00 0.14215E-01 0.32737E-01 FLOW 0.27434E+02STEP  845AT   37  139    3
EMAX,EAVG,ECONT-0.28847E+00 0.14096E-01 0.34392E-01 FLOW 0.27404E+02STEP  850AT   37  139    5
EMAX,EAVG,ECONT-0.29784E+00 0.13991E-01 0.35773E-01 FLOW 0.27376E+02STEP  855AT   37  139    5
EMAX,EAVG,ECONT-0.30513E+00 0.13891E-01 0.36952E-01 FLOW 0.27352E+02STEP  860AT   37  139    7
EMAX,EAVG,ECONT-0.31203E+00 0.13777E-01 0.37806E-01 FLOW 0.27331E+02STEP  865AT   37  139    8
EMAX,EAVG,ECONT-0.31443E+00 0.13635E-01 0.38331E-01 FLOW 0.27314E+02STEP  870AT   37  139    8
EMAX,EAVG,ECONT-0.30964E+00 0.13466E-01 0.38532E-01 FLOW 0.27301E+02STEP  875AT   37  139    9
EMAX,EAVG,ECONT-0.30212E+00 0.13278E-01 0.38445E-01 FLOW 0.27292E+02STEP  880AT   37  139   29
EMAX,EAVG,ECONT-0.30037E+00 0.13088E-01 0.38092E-01 FLOW 0.27286E+02STEP  885AT   37  139   11
EMAX,EAVG,ECONT-0.30142E+00 0.12892E-01 0.37515E-01 FLOW 0.27284E+02STEP  890AT   37  139   11
EMAX,EAVG,ECONT-0.29676E+00 0.12690E-01 0.36750E-01 FLOW 0.27286E+02STEP  895AT   37  139   23
EMAX,EAVG,ECONT-0.28171E+00 0.12494E-01 0.37253E-01 FLOW 0.27292E+02STEP  900AT   37  139   17
EMAX,EAVG,ECONT-0.24319E+00 0.12326E-01 0.37998E-01 FLOW 0.27300E+02STEP  905AT   37  139   16
EMAX,EAVG,ECONT-0.21518E+00 0.12205E-01 0.38458E-01 FLOW 0.27311E+02STEP  910AT   37  139   16
EMAX,EAVG,ECONT 0.20325E+00 0.12122E-01 0.38639E-01 FLOW 0.27325E+02STEP  915AT   35  140   11
EMAX,EAVG,ECONT 0.21305E+00 0.12061E-01 0.38553E-01 FLOW 0.27341E+02STEP  920AT   35  140   23
EMAX,EAVG,ECONT 0.20308E+00 0.12034E-01 0.38231E-01 FLOW 0.27358E+02STEP  925AT   35  140   19
EMAX,EAVG,ECONT 0.20470E+00 0.12036E-01 0.37684E-01 FLOW 0.27377E+02STEP  930AT   37  139    7
EMAX,EAVG,ECONT 0.21561E+00 0.12066E-01 0.36945E-01 FLOW 0.27397E+02STEP  935AT   37  139    8
EMAX,EAVG,ECONT 0.22772E+00 0.12108E-01 0.36045E-01 FLOW 0.27416E+02STEP  940AT   37  139    8
EMAX,EAVG,ECONT 0.21624E+00 0.12156E-01 0.35465E-01 FLOW 0.27436E+02STEP  945AT   37  140   28
EMAX,EAVG,ECONT 0.22572E+00 0.12188E-01 0.34761E-01 FLOW 0.27455E+02STEP  950AT   37  140   14
EMAX,EAVG,ECONT 0.22104E+00 0.12200E-01 0.33941E-01 FLOW 0.27474E+02STEP  955AT    1  350    8
EMAX,EAVG,ECONT 0.22001E+00 0.12201E-01 0.33010E-01 FLOW 0.27492E+02STEP  960AT    1  350    8
EMAX,EAVG,ECONT 0.22016E+00 0.12173E-01 0.31979E-01 FLOW 0.27508E+02STEP  965AT    1  350   11
EMAX,EAVG,ECONT 0.22040E+00 0.12118E-01 0.30868E-01 FLOW 0.27524E+02STEP  970AT    1  350   11
EMAX,EAVG,ECONT 0.22066E+00 0.12060E-01 0.29688E-01 FLOW 0.27538E+02STEP  975AT    1  350   11
EMAX,EAVG,ECONT 0.22258E+00 0.12001E-01 0.28449E-01 FLOW 0.27552E+02STEP  980AT    1  350   11
EMAX,EAVG,ECONT-0.22620E+00 0.11942E-01 0.27162E-01 FLOW 0.27564E+02STEP  985AT   37  245    1
EMAX,EAVG,ECONT 0.23246E+00 0.11874E-01 0.25828E-01 FLOW 0.27576E+02STEP  990AT    1  350   14
EMAX,EAVG,ECONT 0.24340E+00 0.11796E-01 0.24461E-01 FLOW 0.27587E+02STEP  995AT    1  350   14
EMAX,EAVG,ECONT 0.25318E+00 0.11715E-01 0.23076E-01 FLOW 0.27597E+02STEP 1000AT    1  350   14
EMAX,EAVG,ECONT 0.25786E+00 0.11616E-01 0.21670E-01 FLOW 0.27607E+02STEP 1005AT    1  350   14
EMAX,EAVG,ECONT 0.25889E+00 0.11514E-01 0.20254E-01 FLOW 0.27617E+02STEP 1010AT    1  350   14
EMAX,EAVG,ECONT 0.25657E+00 0.11408E-01 0.18885E-01 FLOW 0.27626E+02STEP 1015AT    1  350   14
EMAX,EAVG,ECONT 0.25173E+00 0.11295E-01 0.17528E-01 FLOW 0.27635E+02STEP 1020AT    1  350   14
EMAX,EAVG,ECONT 0.24515E+00 0.11172E-01 0.16162E-01 FLOW 0.27645E+02STEP 1025AT    1  350   14
EMAX,EAVG,ECONT 0.23844E+00 0.11046E-01 0.14789E-01 FLOW 0.27654E+02STEP 1030AT    1  350   14
EMAX,EAVG,ECONT 0.23400E+00 0.10914E-01 0.13397E-01 FLOW 0.27664E+02STEP 1035AT    1  350   14
EMAX,EAVG,ECONT 0.23110E+00 0.10770E-01 0.11999E-01 FLOW 0.27675E+02STEP 1040AT    1  350   14
EMAX,EAVG,ECONT 0.22664E+00 0.10630E-01 0.10806E-01 FLOW 0.27685E+02STEP 1045AT    1  350   14
EMAX,EAVG,ECONT 0.21967E+00 0.10498E-01 0.97052E-02 FLOW 0.27696E+02STEP 1050AT    1  350   14
EMAX,EAVG,ECONT 0.21101E+00 0.10378E-01 0.88185E-02 FLOW 0.27708E+02STEP 1055AT    1  350   14
EMAX,EAVG,ECONT 0.20115E+00 0.10259E-01 0.80422E-02 FLOW 0.27719E+02STEP 1060AT    1  350   14
EMAX,EAVG,ECONT 0.19525E+00 0.10136E-01 0.72423E-02 FLOW 0.27732E+02STEP 1065AT    1  139   14
EMAX,EAVG,ECONT 0.19076E+00 0.10014E-01 0.69538E-02 FLOW 0.27744E+02STEP 1070AT    1  139   14
EMAX,EAVG,ECONT 0.18506E+00 0.98856E-02 0.67494E-02 FLOW 0.27757E+02STEP 1075AT    1  139   14
EMAX,EAVG,ECONT 0.17863E+00 0.97486E-02 0.64794E-02 FLOW 0.27770E+02STEP 1080AT    1  139   14
EMAX,EAVG,ECONT 0.17183E+00 0.96025E-02 0.61500E-02 FLOW 0.27783E+02STEP 1085AT    1  139   14
EMAX,EAVG,ECONT 0.16495E+00 0.94509E-02 0.57855E-02 FLOW 0.27796E+02STEP 1090AT    1  139   14
EMAX,EAVG,ECONT 0.15875E+00 0.92931E-02 0.53705E-02 FLOW 0.27810E+02STEP 1095AT    1  138   13
EMAX,EAVG,ECONT 0.15213E+00 0.91318E-02 0.49127E-02 FLOW 0.27823E+02STEP 1100AT    1  138   13
EMAX,EAVG,ECONT-0.15639E+00 0.89753E-02 0.44581E-02 FLOW 0.27836E+02STEP 1105AT    1  350    5
EMAX,EAVG,ECONT-0.16777E+00 0.88300E-02 0.50455E-02 FLOW 0.27850E+02STEP 1110AT    1  350    5
EMAX,EAVG,ECONT-0.17449E+00 0.86892E-02 0.58250E-02 FLOW 0.27863E+02STEP 1115AT    1  350    5
EMAX,EAVG,ECONT-0.17603E+00 0.85503E-02 0.65277E-02 FLOW 0.27875E+02STEP 1120AT    1  350    5
EMAX,EAVG,ECONT-0.17684E+00 0.84120E-02 0.71683E-02 FLOW 0.27888E+02STEP 1125AT    1  351   18
EMAX,EAVG,ECONT-0.18306E+00 0.82716E-02 0.77523E-02 FLOW 0.27900E+02STEP 1130AT    1  351   19
EMAX,EAVG,ECONT-0.18511E+00 0.81259E-02 0.82619E-02 FLOW 0.27912E+02STEP 1135AT    1  351   19
EMAX,EAVG,ECONT-0.18191E+00 0.79729E-02 0.88886E-02 FLOW 0.27923E+02STEP 1140AT    1  351   19
EMAX,EAVG,ECONT-0.17345E+00 0.78105E-02 0.94885E-02 FLOW 0.27934E+02STEP 1145AT    1  351   19
EMAX,EAVG,ECONT-0.15958E+00 0.76355E-02 0.10034E-01 FLOW 0.27945E+02STEP 1150AT    1  351   19
EMAX,EAVG,ECONT-0.14771E+00 0.74508E-02 0.10540E-01 FLOW 0.27955E+02STEP 1155AT   37  246   37
EMAX,EAVG,ECONT-0.15903E+00 0.72585E-02 0.11015E-01 FLOW 0.27965E+02STEP 1160AT   37  246   37
EMAX,EAVG,ECONT-0.16226E+00 0.70658E-02 0.11443E-01 FLOW 0.27974E+02STEP 1165AT   37  246   37
EMAX,EAVG,ECONT-0.15941E+00 0.68807E-02 0.11840E-01 FLOW 0.27983E+02STEP 1170AT   37  246   37
EMAX,EAVG,ECONT-0.15364E+00 0.67103E-02 0.12220E-01 FLOW 0.27992E+02STEP 1175AT   37  246   37
EMAX,EAVG,ECONT-0.14615E+00 0.65567E-02 0.12569E-01 FLOW 0.28001E+02STEP 1180AT   37  246   37
EMAX,EAVG,ECONT-0.13703E+00 0.64194E-02 0.12915E-01 FLOW 0.28009E+02STEP 1185AT   37  246   37
EMAX,EAVG,ECONT 0.14065E+00 0.63003E-02 0.13279E-01 FLOW 0.28017E+02STEP 1190AT    1  351    6
EMAX,EAVG,ECONT 0.15004E+00 0.61946E-02 0.13634E-01 FLOW 0.28025E+02STEP 1195AT    1  351    6
EMAX,EAVG,ECONT 0.15683E+00 0.60948E-02 0.13959E-01 FLOW 0.28033E+02STEP 1200AT    1  351    6
EMAX,EAVG,ECONT 0.16086E+00 0.60008E-02 0.14260E-01 FLOW 0.28041E+02STEP 1205AT    1  351    6
EMAX,EAVG,ECONT 0.16236E+00 0.59117E-02 0.14531E-01 FLOW 0.28048E+02STEP 1210AT    1  351    6
EMAX,EAVG,ECONT 0.16126E+00 0.58281E-02 0.14771E-01 FLOW 0.28056E+02STEP 1215AT    1  351    6
EMAX,EAVG,ECONT 0.15797E+00 0.57514E-02 0.14986E-01 FLOW 0.28063E+02STEP 1220AT    1  351    6
EMAX,EAVG,ECONT 0.15985E+00 0.56788E-02 0.15159E-01 FLOW 0.28070E+02STEP 1225AT    1  351   14
EMAX,EAVG,ECONT 0.16188E+00 0.56093E-02 0.15289E-01 FLOW 0.28076E+02STEP 1230AT    1  351   14
EMAX,EAVG,ECONT 0.16052E+00 0.55439E-02 0.15391E-01 FLOW 0.28083E+02STEP 1235AT    1  351   14
EMAX,EAVG,ECONT 0.15811E+00 0.54838E-02 0.15446E-01 FLOW 0.28089E+02STEP 1240AT    1  351   15
EMAX,EAVG,ECONT 0.15522E+00 0.54306E-02 0.15445E-01 FLOW 0.28094E+02STEP 1245AT    1  351   17
EMAX,EAVG,ECONT 0.15395E+00 0.53862E-02 0.15403E-01 FLOW 0.28099E+02STEP 1250AT    1  351   17
EMAX,EAVG,ECONT 0.14987E+00 0.53515E-02 0.15304E-01 FLOW 0.28104E+02STEP 1255AT    1  351   18
EMAX,EAVG,ECONT 0.14466E+00 0.53245E-02 0.15135E-01 FLOW 0.28107E+02STEP 1260AT    1  351   19
EMAX,EAVG,ECONT 0.13872E+00 0.53042E-02 0.14918E-01 FLOW 0.28111E+02STEP 1265AT    1  351   19
EMAX,EAVG,ECONT 0.13149E+00 0.52889E-02 0.14641E-01 FLOW 0.28113E+02STEP 1270AT    1  351   20
EMAX,EAVG,ECONT 0.13754E+00 0.52746E-02 0.14293E-01 FLOW 0.28115E+02STEP 1275AT    1  139   11
EMAX,EAVG,ECONT 0.14215E+00 0.52598E-02 0.13901E-01 FLOW 0.28116E+02STEP 1280AT    1  139   11
EMAX,EAVG,ECONT 0.14406E+00 0.52423E-02 0.13467E-01 FLOW 0.28117E+02STEP 1285AT    1  139   11
EMAX,EAVG,ECONT 0.14368E+00 0.52225E-02 0.12972E-01 FLOW 0.28116E+02STEP 1290AT    1  139   12
EMAX,EAVG,ECONT 0.14202E+00 0.52002E-02 0.12445E-01 FLOW 0.28116E+02STEP 1295AT    1  139   12
EMAX,EAVG,ECONT 0.14210E+00 0.51751E-02 0.12365E-01 FLOW 0.28114E+02STEP 1300AT    1  139   14
EMAX,EAVG,ECONT 0.14322E+00 0.51458E-02 0.12249E-01 FLOW 0.28112E+02STEP 1305AT    1  139   14
EMAX,EAVG,ECONT 0.14178E+00 0.51133E-02 0.12098E-01 FLOW 0.28110E+02STEP 1310AT    1  139   14
EMAX,EAVG,ECONT 0.13794E+00 0.50778E-02 0.11918E-01 FLOW 0.28107E+02STEP 1315AT    1  139   14
EMAX,EAVG,ECONT 0.13245E+00 0.50412E-02 0.11674E-01 FLOW 0.28104E+02STEP 1320AT    1  139   14
EMAX,EAVG,ECONT 0.13231E+00 0.50038E-02 0.11387E-01 FLOW 0.28100E+02STEP 1325AT   37  245   21
EMAX,EAVG,ECONT 0.13753E+00 0.49646E-02 0.11068E-01 FLOW 0.28097E+02STEP 1330AT   37  245   20
EMAX,EAVG,ECONT 0.14127E+00 0.49232E-02 0.10691E-01 FLOW 0.28093E+02STEP 1335AT   37  245   20
EMAX,EAVG,ECONT 0.14275E+00 0.48805E-02 0.10268E-01 FLOW 0.28089E+02STEP 1340AT   37  245   20
EMAX,EAVG,ECONT 0.14203E+00 0.48360E-02 0.98242E-02 FLOW 0.28085E+02STEP 1345AT   37  245   20
EMAX,EAVG,ECONT 0.13932E+00 0.47914E-02 0.93264E-02 FLOW 0.28081E+02STEP 1350AT   37  245   20
EMAX,EAVG,ECONT 0.13467E+00 0.47496E-02 0.89507E-02 FLOW 0.28077E+02STEP 1355AT   37  245   20
EMAX,EAVG,ECONT 0.12794E+00 0.47120E-02 0.86724E-02 FLOW 0.28073E+02STEP 1360AT   37  245   20
EMAX,EAVG,ECONT 0.11871E+00 0.46820E-02 0.83709E-02 FLOW 0.28069E+02STEP 1365AT   37  245   20
EMAX,EAVG,ECONT 0.10692E+00 0.46595E-02 0.80065E-02 FLOW 0.28065E+02STEP 1370AT   37  245   20
EMAX,EAVG,ECONT 0.10690E+00 0.46405E-02 0.76179E-02 FLOW 0.28062E+02STEP 1375AT   37  202   33
EMAX,EAVG,ECONT 0.10794E+00 0.46218E-02 0.71761E-02 FLOW 0.28059E+02STEP 1380AT   37  202   33
EMAX,EAVG,ECONT 0.10822E+00 0.46005E-02 0.66858E-02 FLOW 0.28055E+02STEP 1385AT   37  202   33
EMAX,EAVG,ECONT 0.10787E+00 0.45749E-02 0.61852E-02 FLOW 0.28053E+02STEP 1390AT   37  202   33
EMAX,EAVG,ECONT 0.10693E+00 0.45442E-02 0.58103E-02 FLOW 0.28050E+02STEP 1395AT   37  202   33
EMAX,EAVG,ECONT 0.10544E+00 0.45080E-02 0.56484E-02 FLOW 0.28047E+02STEP 1400AT   37  202   33
EMAX,EAVG,ECONT 0.10346E+00 0.44643E-02 0.54978E-02 FLOW 0.28044E+02STEP 1405AT   37  202   33
EMAX,EAVG,ECONT 0.10108E+00 0.44131E-02 0.53378E-02 FLOW 0.28042E+02STEP 1410AT   37  202   33
EMAX,EAVG,ECONT 0.98495E-01 0.43554E-02 0.51451E-02 FLOW 0.28039E+02STEP 1415AT   37  202   33
EMAX,EAVG,ECONT-0.10001E+00 0.42918E-02 0.49559E-02 FLOW 0.28037E+02STEP 1420AT   37  246   20
EMAX,EAVG,ECONT-0.10227E+00 0.42240E-02 0.47569E-02 FLOW 0.28035E+02STEP 1425AT   37  246   20
EMAX,EAVG,ECONT-0.10240E+00 0.41546E-02 0.45918E-02 FLOW 0.28032E+02STEP 1430AT   37  246   20
EMAX,EAVG,ECONT-0.10033E+00 0.40839E-02 0.44800E-02 FLOW 0.28030E+02STEP 1435AT   37  246   20
EMAX,EAVG,ECONT-0.96053E-01 0.40138E-02 0.43511E-02 FLOW 0.28027E+02STEP 1440AT   37  246   20
EMAX,EAVG,ECONT-0.89632E-01 0.39464E-02 0.41716E-02 FLOW 0.28024E+02STEP 1445AT   37  246   20
EMAX,EAVG,ECONT 0.81433E-01 0.38833E-02 0.39841E-02 FLOW 0.28022E+02STEP 1450AT   37  414   33
EMAX,EAVG,ECONT 0.88262E-01 0.38238E-02 0.37899E-02 FLOW 0.28019E+02STEP 1455AT   37  414   33
EMAX,EAVG,ECONT 0.93018E-01 0.37706E-02 0.37078E-02 FLOW 0.28016E+02STEP 1460AT   37  414   33
EMAX,EAVG,ECONT 0.96363E-01 0.37236E-02 0.36591E-02 FLOW 0.28012E+02STEP 1465AT   37  414   33
EMAX,EAVG,ECONT 0.98579E-01 0.36826E-02 0.36172E-02 FLOW 0.28009E+02STEP 1470AT   37  414   33
EMAX,EAVG,ECONT-0.10436E+00 0.36481E-02 0.35278E-02 FLOW 0.28005E+02STEP 1475AT   37  202   37
EMAX,EAVG,ECONT-0.10979E+00 0.36200E-02 0.34255E-02 FLOW 0.28001E+02STEP 1480AT   37  202   37
EMAX,EAVG,ECONT-0.11445E+00 0.35964E-02 0.33333E-02 FLOW 0.27997E+02STEP 1485AT   37  202   37
EMAX,EAVG,ECONT-0.11849E+00 0.35773E-02 0.33549E-02 FLOW 0.27992E+02STEP 1490AT   37  202   37
EMAX,EAVG,ECONT-0.12187E+00 0.35618E-02 0.35255E-02 FLOW 0.27987E+02STEP 1495AT   37  202   37
EMAX,EAVG,ECONT-0.12361E+00 0.35463E-02 0.36567E-02 FLOW 0.27983E+02STEP 1500AT   37  202   37
EMAX,EAVG,ECONT-0.12216E+00 0.35300E-02 0.38000E-02 FLOW 0.27977E+02STEP 1505AT   37  202   37
EMAX,EAVG,ECONT-0.11750E+00 0.35109E-02 0.39349E-02 FLOW 0.27971E+02STEP 1510AT   37  202   37
EMAX,EAVG,ECONT-0.10953E+00 0.34859E-02 0.40295E-02 FLOW 0.27966E+02STEP 1515AT   37  202   37
EMAX,EAVG,ECONT-0.98480E-01 0.34555E-02 0.41295E-02 FLOW 0.27960E+02STEP 1520AT   37  202   33
EMAX,EAVG,ECONT-0.10288E+00 0.34196E-02 0.42294E-02 FLOW 0.27954E+02STEP 1525AT   37  202   33
EMAX,EAVG,ECONT-0.10448E+00 0.33751E-02 0.42824E-02 FLOW 0.27949E+02STEP 1530AT   37  202   33
EMAX,EAVG,ECONT-0.10420E+00 0.33221E-02 0.43445E-02 FLOW 0.27942E+02STEP 1535AT   37  202   33
EMAX,EAVG,ECONT-0.10267E+00 0.32623E-02 0.44073E-02 FLOW 0.27936E+02STEP 1540AT   37  202   33
EMAX,EAVG,ECONT 0.10232E+00 0.31945E-02 0.44274E-02 FLOW 0.27931E+02STEP 1545AT   37  245   14
EMAX,EAVG,ECONT 0.10615E+00 0.31211E-02 0.44545E-02 FLOW 0.27925E+02STEP 1550AT   37  245   14
EMAX,EAVG,ECONT 0.10956E+00 0.30456E-02 0.44960E-02 FLOW 0.27919E+02STEP 1555AT   37  245   15
EMAX,EAVG,ECONT 0.11115E+00 0.29687E-02 0.44979E-02 FLOW 0.27914E+02STEP 1560AT   37  245   15
EMAX,EAVG,ECONT 0.11072E+00 0.28932E-02 0.45059E-02 FLOW 0.27908E+02STEP 1565AT   37  245   15
EMAX,EAVG,ECONT 0.10852E+00 0.28222E-02 0.45379E-02 FLOW 0.27902E+02STEP 1570AT   37  245   15
EMAX,EAVG,ECONT 0.10474E+00 0.27555E-02 0.45645E-02 FLOW 0.27898E+02STEP 1575AT   37  245   15
EMAX,EAVG,ECONT 0.99368E-01 0.26947E-02 0.46819E-02 FLOW 0.27893E+02STEP 1580AT   37  245   15
EMAX,EAVG,ECONT 0.91980E-01 0.26415E-02 0.48248E-02 FLOW 0.27888E+02STEP 1585AT   37  245   15
EMAX,EAVG,ECONT 0.82334E-01 0.25929E-02 0.49375E-02 FLOW 0.27884E+02STEP 1590AT   37  245   15
EMAX,EAVG,ECONT 0.75562E-01 0.25490E-02 0.50465E-02 FLOW 0.27880E+02STEP 1595AT   37  245   30
EMAX,EAVG,ECONT 0.68544E-01 0.25108E-02 0.51832E-02 FLOW 0.27876E+02STEP 1600AT   37  245    9
EMAX,EAVG,ECONT 0.63592E-01 0.24761E-02 0.52799E-02 FLOW 0.27873E+02STEP 1605AT   37  245    8
EMAX,EAVG,ECONT 0.57847E-01 0.24442E-02 0.53656E-02 FLOW 0.27870E+02STEP 1610AT   37  245    8
EMAX,EAVG,ECONT-0.58916E-01 0.24161E-02 0.54756E-02 FLOW 0.27867E+02STEP 1615AT   37  246   16
EMAX,EAVG,ECONT-0.65076E-01 0.23901E-02 0.55393E-02 FLOW 0.27865E+02STEP 1620AT   37  246   16
EMAX,EAVG,ECONT-0.70074E-01 0.23663E-02 0.55873E-02 FLOW 0.27863E+02STEP 1625AT   37  246   16
EMAX,EAVG,ECONT-0.74252E-01 0.23474E-02 0.56565E-02 FLOW 0.27861E+02STEP 1630AT   37  246   16
EMAX,EAVG,ECONT-0.78142E-01 0.23319E-02 0.56795E-02 FLOW 0.27860E+02STEP 1635AT   37  246   15
EMAX,EAVG,ECONT-0.81663E-01 0.23201E-02 0.56709E-02 FLOW 0.27860E+02STEP 1640AT   37  246   15
EMAX,EAVG,ECONT-0.84323E-01 0.23124E-02 0.56911E-02 FLOW 0.27859E+02STEP 1645AT   37  246   15
EMAX,EAVG,ECONT-0.85934E-01 0.23078E-02 0.56654E-02 FLOW 0.27859E+02STEP 1650AT   37  246   15
EMAX,EAVG,ECONT-0.86307E-01 0.23077E-02 0.55982E-02 FLOW 0.27861E+02STEP 1655AT   37  246   15
EMAX,EAVG,ECONT-0.85352E-01 0.23119E-02 0.55614E-02 FLOW 0.27861E+02STEP 1660AT   37  246   15
EMAX,EAVG,ECONT-0.83041E-01 0.23195E-02 0.54774E-02 FLOW 0.27862E+02STEP 1665AT   37  246   15
EMAX,EAVG,ECONT-0.79765E-01 0.23308E-02 0.53453E-02 FLOW 0.27864E+02STEP 1670AT   37  245   15
EMAX,EAVG,ECONT 0.83074E-01 0.23438E-02 0.52465E-02 FLOW 0.27865E+02STEP 1675AT   37  202   31
EMAX,EAVG,ECONT 0.85835E-01 0.23580E-02 0.51056E-02 FLOW 0.27867E+02STEP 1680AT   37  202   32
EMAX,EAVG,ECONT 0.88939E-01 0.23737E-02 0.49047E-02 FLOW 0.27871E+02STEP 1685AT   37  202   32
EMAX,EAVG,ECONT 0.91112E-01 0.23877E-02 0.47493E-02 FLOW 0.27873E+02STEP 1690AT   37  202   32
EMAX,EAVG,ECONT 0.92463E-01 0.23993E-02 0.45553E-02 FLOW 0.27875E+02STEP 1695AT   37  202   32
EMAX,EAVG,ECONT 0.93122E-01 0.24101E-02 0.43001E-02 FLOW 0.27879E+02STEP 1700AT   37  202   32
EMAX,EAVG,ECONT 0.93124E-01 0.24161E-02 0.40963E-02 FLOW 0.27881E+02STEP 1705AT   37  202   32
EMAX,EAVG,ECONT 0.92564E-01 0.24176E-02 0.38702E-02 FLOW 0.27884E+02STEP 1710AT   37  202   32
EMAX,EAVG,ECONT 0.91504E-01 0.24171E-02 0.35751E-02 FLOW 0.27888E+02STEP 1715AT   37  202   32
EMAX,EAVG,ECONT 0.90033E-01 0.24110E-02 0.33449E-02 FLOW 0.27891E+02STEP 1720AT   37  202   32
EMAX,EAVG,ECONT 0.88233E-01 0.23993E-02 0.31028E-02 FLOW 0.27893E+02STEP 1725AT   37  202   32
EMAX,EAVG,ECONT 0.86378E-01 0.23864E-02 0.27901E-02 FLOW 0.27898E+02STEP 1730AT   37  202   32
EMAX,EAVG,ECONT 0.84221E-01 0.23693E-02 0.25432E-02 FLOW 0.27901E+02STEP 1735AT   37  202   32
EMAX,EAVG,ECONT 0.81859E-01 0.23478E-02 0.23061E-02 FLOW 0.27903E+02STEP 1740AT   37  202   32
EMAX,EAVG,ECONT 0.79258E-01 0.23273E-02 0.20901E-02 FLOW 0.27908E+02STEP 1745AT   37  202   32
EMAX,EAVG,ECONT 0.76485E-01 0.23046E-02 0.19792E-02 FLOW 0.27910E+02STEP 1750AT   37  202   32
EMAX,EAVG,ECONT 0.73506E-01 0.22793E-02 0.18914E-02 FLOW 0.27912E+02STEP 1755AT   37  202   32
EMAX,EAVG,ECONT 0.70329E-01 0.22552E-02 0.17092E-02 FLOW 0.27917E+02STEP 1760AT   37  202   32
EMAX,EAVG,ECONT 0.66939E-01 0.22289E-02 0.17408E-02 FLOW 0.27920E+02STEP 1765AT   37  202   32
EMAX,EAVG,ECONT 0.63310E-01 0.21985E-02 0.19064E-02 FLOW 0.27922E+02STEP 1770AT   37  202   32
EMAX,EAVG,ECONT 0.59448E-01 0.21691E-02 0.21542E-02 FLOW 0.27926E+02STEP 1775AT   37  202   32
EMAX,EAVG,ECONT 0.55285E-01 0.21388E-02 0.23353E-02 FLOW 0.27929E+02STEP 1780AT   37  202   32
EMAX,EAVG,ECONT 0.50799E-01 0.21051E-02 0.24449E-02 FLOW 0.27931E+02STEP 1785AT   37  202   32
EMAX,EAVG,ECONT 0.51025E-01 0.20740E-02 0.26448E-02 FLOW 0.27935E+02STEP 1790AT   36  204   31
EMAX,EAVG,ECONT 0.53545E-01 0.20436E-02 0.27955E-02 FLOW 0.27938E+02STEP 1795AT   37  245   14
EMAX,EAVG,ECONT 0.56435E-01 0.20095E-02 0.28580E-02 FLOW 0.27939E+02STEP 1800AT   36  204   33
EMAX,EAVG,ECONT 0.60341E-01 0.19777E-02 0.30168E-02 FLOW 0.27943E+02STEP 1805AT   36  204   33
EMAX,EAVG,ECONT 0.64237E-01 0.19478E-02 0.31424E-02 FLOW 0.27947E+02STEP 1810AT   36  204   33
EMAX,EAVG,ECONT 0.67814E-01 0.19155E-02 0.31691E-02 FLOW 0.27948E+02STEP 1815AT   36  204   33
EMAX,EAVG,ECONT 0.70857E-01 0.18869E-02 0.32920E-02 FLOW 0.27951E+02STEP 1820AT   36  204   33
EMAX,EAVG,ECONT 0.73237E-01 0.18624E-02 0.34013E-02 FLOW 0.27955E+02STEP 1825AT   36  204   33
EMAX,EAVG,ECONT 0.74894E-01 0.18362E-02 0.33994E-02 FLOW 0.27956E+02STEP 1830AT   36  204   33
EMAX,EAVG,ECONT 0.75816E-01 0.18133E-02 0.34854E-02 FLOW 0.27959E+02STEP 1835AT   36  204   33
EMAX,EAVG,ECONT 0.76028E-01 0.17940E-02 0.35834E-02 FLOW 0.27963E+02STEP 1840AT   36  204   33
EMAX,EAVG,ECONT 0.75587E-01 0.17717E-02 0.35576E-02 FLOW 0.27964E+02STEP 1845AT   36  204   33
EMAX,EAVG,ECONT 0.74516E-01 0.17509E-02 0.36070E-02 FLOW 0.27967E+02STEP 1850AT   36  204   33
EMAX,EAVG,ECONT 0.72842E-01 0.17338E-02 0.36893E-02 FLOW 0.27971E+02STEP 1855AT   36  204   33
EMAX,EAVG,ECONT-0.72350E-01 0.17131E-02 0.36393E-02 FLOW 0.27971E+02STEP 1860AT   37  202   33
EMAX,EAVG,ECONT-0.75493E-01 0.16925E-02 0.36507E-02 FLOW 0.27974E+02STEP 1865AT   37  202   33
EMAX,EAVG,ECONT-0.77267E-01 0.16750E-02 0.37165E-02 FLOW 0.27978E+02STEP 1870AT   37  202   33
EMAX,EAVG,ECONT-0.78035E-01 0.16538E-02 0.36485E-02 FLOW 0.27978E+02STEP 1875AT   37  202   33
EMAX,EAVG,ECONT-0.78302E-01 0.16313E-02 0.36210E-02 FLOW 0.27980E+02STEP 1880AT   37  202   33
EMAX,EAVG,ECONT-0.78159E-01 0.16118E-02 0.36734E-02 FLOW 0.27984E+02STEP 1885AT   37  202   33
EMAX,EAVG,ECONT-0.77625E-01 0.15890E-02 0.35934E-02 FLOW 0.27984E+02STEP 1890AT   37  202   33
EMAX,EAVG,ECONT-0.76989E-01 0.15643E-02 0.35341E-02 FLOW 0.27985E+02STEP 1895AT   37  202   33
EMAX,EAVG,ECONT-0.75962E-01 0.15433E-02 0.35776E-02 FLOW 0.27989E+02STEP 1900AT   37  202   33
EMAX,EAVG,ECONT-0.74599E-01 0.15200E-02 0.35008E-02 FLOW 0.27989E+02STEP 1905AT   37  202   33
EMAX,EAVG,ECONT-0.72901E-01 0.14945E-02 0.34190E-02 FLOW 0.27990E+02STEP 1910AT   37  202   33
EMAX,EAVG,ECONT-0.70874E-01 0.14727E-02 0.34606E-02 FLOW 0.27993E+02STEP 1915AT   37  202   33
EMAX,EAVG,ECONT-0.68580E-01 0.14499E-02 0.33994E-02 FLOW 0.27993E+02STEP 1920AT   37  202   33
EMAX,EAVG,ECONT-0.65957E-01 0.14265E-02 0.33060E-02 FLOW 0.27993E+02STEP 1925AT   37  202   33
EMAX,EAVG,ECONT-0.63108E-01 0.14077E-02 0.33463E-02 FLOW 0.27995E+02STEP 1930AT   37  202   33
EMAX,EAVG,ECONT-0.59992E-01 0.13886E-02 0.33035E-02 FLOW 0.27996E+02STEP 1935AT   37  202   33
EMAX,EAVG,ECONT-0.56650E-01 0.13693E-02 0.32060E-02 FLOW 0.27994E+02STEP 1940AT   37  202   33
EMAX,EAVG,ECONT-0.53123E-01 0.13533E-02 0.32448E-02 FLOW 0.27996E+02STEP 1945AT   37  202   33
EMAX,EAVG,ECONT-0.49390E-01 0.13363E-02 0.32349E-02 FLOW 0.27997E+02STEP 1950AT   37  202   33
EMAX,EAVG,ECONT-0.45555E-01 0.13195E-02 0.31906E-02 FLOW 0.27995E+02STEP 1955AT   37  202   33
EMAX,EAVG,ECONT 0.43302E-01 0.13046E-02 0.32726E-02 FLOW 0.27996E+02STEP 1960AT   36  415   32
EMAX,EAVG,ECONT 0.43918E-01 0.12881E-02 0.33138E-02 FLOW 0.27996E+02STEP 1965AT   36  416   32
EMAX,EAVG,ECONT 0.46491E-01 0.12738E-02 0.32371E-02 FLOW 0.27994E+02STEP 1970AT   36  416   32
EMAX,EAVG,ECONT 0.49157E-01 0.12606E-02 0.32754E-02 FLOW 0.27994E+02STEP 1975AT   36  416   32
EMAX,EAVG,ECONT 0.52015E-01 0.12464E-02 0.32949E-02 FLOW 0.27995E+02STEP 1980AT   36  416   33
EMAX,EAVG,ECONT 0.54664E-01 0.12366E-02 0.31787E-02 FLOW 0.27992E+02STEP 1985AT   36  416   33
EMAX,EAVG,ECONT 0.56854E-01 0.12283E-02 0.31645E-02 FLOW 0.27991E+02STEP 1990AT   36  416   33
EMAX,EAVG,ECONT 0.58541E-01 0.12193E-02 0.31580E-02 FLOW 0.27992E+02STEP 1995AT   36  416   33
EMAX,EAVG,ECONT 0.59608E-01 0.12150E-02 0.30130E-02 FLOW 0.27989E+02STEP 2000AT   36  416   33
